▶ ApiService.from() — GET
  [32m✔ gera URL com tabela, select, eq e limit [90m(4.0972ms)[39m[39m
  [32m✔ select() remove espaços após vírgulas (PostgREST rejeita espaços) [90m(1.6309ms)[39m[39m
  [32m✔ headers sem JWT: apenas apikey presente [90m(1.4774ms)[39m[39m
  [32m✔ headers com JWT: Authorization Bearer injeta corretamente [90m(2.5236ms)[39m[39m
  [32m✔ múltiplos .order() concatenam com vírgula [90m(1.6325ms)[39m[39m
  [32m✔ .in() gera formato PostgREST in.(...) [90m(1.5222ms)[39m[39m
  [32m✔ .or() gera formato PostgREST or=(...) [90m(1.5389ms)[39m[39m
  [32m✔ .single() adiciona Accept: vnd.pgrst.object+json [90m(1.5689ms)[39m[39m
  [32m✔ .gte() e .lte() com mesmo campo geram dois params separados [90m(3.2299ms)[39m[39m
[32m✔ ApiService.from() — GET [90m(21.2448ms)[39m[39m
▶ ApiService.from() — INSERT / UPDATE / DELETE / UPSERT
  [32m✔ insert() usa POST com body JSON e Prefer return=representation [90m(2.6771ms)[39m[39m
  [32m✔ update() usa PATCH com filtro no URL e body JSON [90m(1.515ms)[39m[39m
  [32m✔ delete() usa DELETE com filtros no URL [90m(1.4231ms)[39m[39m
  [32m✔ upsert ignoreDuplicates=true envia Prefer resolution=ignore-duplicates [90m(1.5936ms)[39m[39m
[32m✔ ApiService.from() — INSERT / UPDATE / DELETE / UPSERT [90m(7.5088ms)[39m[39m
▶ ApiService — tratamento de erros
  [32m✔ HTTP 4xx retorna { data: null, error } com status e message [90m(1.605ms)[39m[39m
  [32m✔ HTTP 404/406 com code PGRST116 via maybeSingle() retorna { data: null, error: null } [90m(1.4942ms)[39m[39m
  [32m✔ falha de rede retorna { data: null, error } sem lançar exceção [90m(1.6584ms)[39m[39m
  [32m✔ status 406 sem body retorna { data: null, error } [90m(1.5175ms)[39m[39m
[32m✔ ApiService — tratamento de erros [90m(6.4977ms)[39m[39m
▶ ApiService — URL helpers de Storage
  [32m✔ getAvatarUrl() gera URL pública do bucket avatars [90m(1.3408ms)[39m[39m
  [32m✔ getLogoUrl() gera URL pública do bucket barbershops [90m(2.121ms)[39m[39m
  [32m✔ getPortfolioThumbUrl() gera URL pública do bucket portfolio [90m(1.1897ms)[39m[39m
  [32m✔ retorna string vazia para path nulo ou vazio [90m(1.1772ms)[39m[39m
[32m✔ ApiService — URL helpers de Storage [90m(6.0478ms)[39m[39m
▶ ApiService.resolveAvatarUrl()
  [32m✔ path relativo → aponta para bucket avatars [90m(1.3978ms)[39m[39m
  [32m✔ URL completa (http) → usada diretamente sem alterar o path [90m(1.2122ms)[39m[39m
  [32m✔ adiciona cache-bust ?t= quando updatedAt é fornecido [90m(1.2934ms)[39m[39m
  [32m✔ URL completa + updatedAt → cache-bust adicionado sem duplicar ? [90m(1.301ms)[39m[39m
  [32m✔ path null ou vazio → retorna string vazia [90m(1.3895ms)[39m[39m
[32m✔ ApiService.resolveAvatarUrl() [90m(6.9217ms)[39m[39m
▶ AppointmentRepository.getByProfessional()
  [32m✔ chama ApiService.from("appointments") [90m(7.4456ms)[39m[39m
  [32m✔ filtra pelo professional_id correto [90m(2.2632ms)[39m[39m
  [32m✔ retorna array vazio quando data é null [90m(2.5841ms)[39m[39m
[32m✔ AppointmentRepository.getByProfessional() [90m(14.1129ms)[39m[39m
▶ AppointmentRepository.getHoje() e getAmanha()
  [32m✔ getHoje() passa range de datas com intervalo de 1 dia [90m(3.6173ms)[39m[39m
  [32m✔ getAmanha() passa range de datas com início no dia seguinte [90m(2.2413ms)[39m[39m
[32m✔ AppointmentRepository.getHoje() e getAmanha() [90m(6.1518ms)[39m[39m
(node:18352) [MODULE_TYPELESS_PACKAGE_JSON] Warning: Module type of file:///c:/Users/delim/desktop/barberflow-main%20(2)/barberflow-main/tests/architecture.test.js is not specified and it doesn't parse as CommonJS.
Reparsing as ES module because module syntax was detected. This incurs a performance overhead.
To eliminate this warning, add "type": "module" to c:\Users\delim\desktop\barberflow-main (2)\barberflow-main\package.json.
(Use `node --trace-warnings ...` to show where the warning was created)
▶ domain — isolamento puro
  [32m✔ Cliente.js não referencia infraestrutura nem DOM [90m(1.6482ms)[39m[39m
  [32m✔ Agendamento.js não referencia infraestrutura nem DOM [90m(0.5723ms)[39m[39m
[32m✔ domain — isolamento puro [90m(3.8821ms)[39m[39m
▶ application — services sem fetch direto
  [32m✔ PlanosService.js não chama fetch() diretamente [90m(0.6971ms)[39m[39m
  [32m✔ LegalConsentService.js não chama fetch() diretamente [90m(0.6194ms)[39m[39m
  [32m✔ GeoService.js não chama fetch() diretamente [90m(0.5837ms)[39m[39m
  [32m✔ LgpdService.js não chama fetch() diretamente [90m(0.5593ms)[39m[39m
[32m✔ application — services sem fetch direto [90m(2.9123ms)[39m[39m
▶ infra — repositórios sem fetch direto
  [32m✔ AppointmentRepository.js não chama fetch() diretamente [90m(0.6892ms)[39m[39m
  [32m✔ BarbershopRepository.js não chama fetch() diretamente [90m(2.5208ms)[39m[39m
  [32m✔ ProfileRepository.js não chama fetch() diretamente [90m(0.7505ms)[39m[39m
  [32m✔ ClienteRepository.js não chama fetch() diretamente [90m(0.7482ms)[39m[39m
[32m✔ infra — repositórios sem fetch direto [90m(5.3687ms)[39m[39m
▶ interfaces — controllers sem acesso a repositórios
  [32m✔ PlanosController.js não referencia repositórios diretamente [90m(0.7665ms)[39m[39m
  [32m✔ TermosController.js não referencia repositórios diretamente [90m(0.5765ms)[39m[39m
[32m✔ interfaces — controllers sem acesso a repositórios [90m(1.5706ms)[39m[39m
▶ AuthRepository.criarPerfil()
  [32m✔ faz upsert na tabela profiles [90m(4.4742ms)[39m[39m
  [32m✔ lança TypeError para UUID inválido [90m(1.1297ms)[39m[39m
[32m✔ AuthRepository.criarPerfil() [90m(7.6246ms)[39m[39m
▶ AuthRepository.criarBarbearia()
  [32m✔ insere na tabela barbershops [90m(0.4916ms)[39m[39m
[32m✔ AuthRepository.criarBarbearia() [90m(0.7313ms)[39m[39m
▶ CadastroService.cadastrarPerfil()
  [32m✔ lança 400 quando userId está ausente [90m(0.8447ms)[39m[39m
  [32m✔ lança 400 quando full_name está ausente [90m(0.4939ms)[39m[39m
  [32m✔ cria apenas perfil quando role é client [90m(0.373ms)[39m[39m
  [32m✔ cria perfil + barbearia quando pro_type é barbearia [90m(0.5351ms)[39m[39m
  [32m✔ não cria barbearia quando pro_type é barber [90m(0.3214ms)[39m[39m
[32m✔ CadastroService.cadastrarPerfil() [90m(3.1436ms)[39m[39m
▶ PasswordService.validarForca()
  [32m✔ aceita senha forte (maiúscula + minúscula + dígito + >=8 chars) [90m(1.6303ms)[39m[39m
  [32m✔ rejeita senha com menos de 8 caracteres [90m(0.5764ms)[39m[39m
  [32m✔ rejeita senha sem letra maiúscula [90m(0.4758ms)[39m[39m
  [32m✔ rejeita senha sem número [90m(0.4027ms)[39m[39m
  [32m✔ rejeita senha vazia ou nula [90m(0.3186ms)[39m[39m
  [32m✔ rejeita senha com mais de 128 caracteres [90m(0.4978ms)[39m[39m
[32m✔ PasswordService.validarForca() [90m(6.7844ms)[39m[39m
▶ PasswordService.hash() e verificar()
  [32m✔ hash() retorna string diferente da senha original [90m(30.8795ms)[39m[39m
  [32m✔ dois hashes da mesma senha são diferentes (salt aleatório) [90m(10.8028ms)[39m[39m
  [32m✔ verificar() retorna true para senha correta [90m(8.7232ms)[39m[39m
  [32m✔ verificar() retorna false para senha errada [90m(6.1569ms)[39m[39m
  [32m✔ verificar() retorna false para hash vazio [90m(0.2649ms)[39m[39m
[32m✔ PasswordService.hash() e verificar() [90m(57.8423ms)[39m[39m
▶ TokenService.gerarAccessToken() e verificar()
  [32m✔ lança erro se payload.sub ausente [90m(2.2392ms)[39m[39m
  [32m✔ retorna string JWT válida [90m(7.0406ms)[39m[39m
  [32m✔ verificar() decodifica payload correto do access token [90m(2.6874ms)[39m[39m
  [32m✔ verificar() lança {status:401} para token string inválida [90m(0.4428ms)[39m[39m
  [32m✔ verificar(access) rejeita token do tipo refresh [90m(1.2482ms)[39m[39m
[32m✔ TokenService.gerarAccessToken() e verificar() [90m(14.0664ms)[39m[39m
▶ TokenService.gerarRefreshToken() e verificarSupabase()
  [32m✔ gerarRefreshToken + verificar(refresh) funciona corretamente [90m(0.9424ms)[39m[39m
  [32m✔ refresh token é string diferente do access token do mesmo user [90m(0.8848ms)[39m[39m
  [32m✔ verificarSupabase() lança {status:500} se SUPABASE_JWT_SECRET não configurado [90m(0.3395ms)[39m[39m
[32m✔ TokenService.gerarRefreshToken() e verificarSupabase() [90m(2.4115ms)[39m[39m
▶ AuthService.login()
  [32m✔ lança {status:400} para e-mail com formato inválido [90m(2.2694ms)[39m[39m
  [32m✔ lança {status:400} para senha vazia [90m(1.2303ms)[39m[39m
  [32m✔ lança {status:401} com mensagem GENÉRICA para credenciais inválidas (anti-exposição) [90m(1.1432ms)[39m[39m
  [32m✔ retorna tokens e userId para credenciais válidas [90m(0.3342ms)[39m[39m
  [32m✔ nunca retorna campo "senha" ou "password" no resultado [90m(0.588ms)[39m[39m
[32m✔ AuthService.login() [90m(6.281ms)[39m[39m
▶ AuthService.renovarToken()
  [32m✔ lança {status:400} para refresh token vazio ou nulo [90m(0.8862ms)[39m[39m
  [32m✔ lança {status:401} para refresh token inválido/expirado [90m(0.4765ms)[39m[39m
  [32m✔ retorna novos tokens para refresh token válido [90m(0.3107ms)[39m[39m
[32m✔ AuthService.renovarToken() [90m(1.9857ms)[39m[39m
▶ AuthService.logout()
  [32m✔ chama admin.signOut com o token e scope local [90m(0.4552ms)[39m[39m
  [32m✔ resolve sem erro mesmo se accessToken vazio (tolerante) [90m(0.5826ms)[39m[39m
  [32m✔ resolve sem lançar mesmo se admin.signOut falhar [90m(0.4252ms)[39m[39m
[32m✔ AuthService.logout() [90m(1.7402ms)[39m[39m
▶ AuthService.alterarSenha()
  [32m✔ lança {status:400} para userId inválido (não-UUID) [90m(0.7982ms)[39m[39m
  [32m✔ lança {status:400} para senha fraca [90m(2.6844ms)[39m[39m
  [32m✔ chama admin.updateUserById com userId e nova senha [90m(0.2695ms)[39m[39m
[32m✔ AuthService.alterarSenha() [90m(4.038ms)[39m[39m
▶ AuthService.solicitarResetSenha()
  [32m✔ lança {status:400} para formato de e-mail inválido [90m(0.688ms)[39m[39m
  [32m✔ resolve com sucesso para e-mail com formato válido [90m(0.4268ms)[39m[39m
  [32m✔ NUNCA lança erro do Supabase (anti-enumeração: email pode não existir) [90m(0.4031ms)[39m[39m
[32m✔ AuthService.solicitarResetSenha() [90m(1.8953ms)[39m[39m
▶ AppState — estado inicial
  [32m✔ isLogado=false, user=null, perfil=null, geo=null [90m(3.4027ms)[39m[39m
  [32m✔ isLogged() retorna false [90m(1.5615ms)[39m[39m
  [32m✔ getUserId() retorna null [90m(1.5285ms)[39m[39m
  [32m✔ getRole() retorna null [90m(1.5497ms)[39m[39m
[32m✔ AppState — estado inicial [90m(11.7246ms)[39m[39m
▶ AppState — login()
  [32m✔ atualiza isLogado=true, user e perfil atomicamente [90m(2.2267ms)[39m[39m
  [32m✔ isLogged() retorna true após login() [90m(1.532ms)[39m[39m
  [32m✔ getUserId() retorna o id correto após login() [90m(1.9715ms)[39m[39m
  [32m✔ getRole() retorna o role do perfil [90m(1.5949ms)[39m[39m
  [32m✔ getUser() retorna o objeto user completo [90m(1.7675ms)[39m[39m
[32m✔ AppState — login() [90m(9.715ms)[39m[39m
▶ AppState — logout()
  [32m✔ reseta isLogado, user, perfil e geo após login [90m(1.7798ms)[39m[39m
  [32m✔ isLogged() retorna false após logout() [90m(1.4893ms)[39m[39m
  [32m✔ getUserId() retorna null após logout() [90m(1.6587ms)[39m[39m
  [32m✔ getRole() retorna null após logout() [90m(1.6941ms)[39m[39m
  [32m✔ clear() é equivalente a logout() [90m(1.5236ms)[39m[39m
[32m✔ AppState — logout() [90m(8.5392ms)[39m[39m
▶ AppState — setters semânticos
  [32m✔ setAuth(true) → isLogado=true [90m(1.6413ms)[39m[39m
  [32m✔ setAuth(false) → isLogado=false [90m(1.6993ms)[39m[39m
  [32m✔ setUser() → user atualizado [90m(1.8031ms)[39m[39m
  [32m✔ setUser(null) → user=null [90m(1.5526ms)[39m[39m
  [32m✔ setPerfil() → perfil atualizado [90m(2.4505ms)[39m[39m
  [32m✔ setGeo() → geo atualizado [90m(1.555ms)[39m[39m
  [32m✔ setGeo(null) → geo=null [90m(1.5021ms)[39m[39m
[32m✔ AppState — setters semânticos [90m(12.6709ms)[39m[39m
▶ AppState — listeners reativos
  [32m✔ onAuth() dispara com true ao fazer login() [90m(1.6398ms)[39m[39m
  [32m✔ onAuth() dispara com false ao fazer logout() [90m(1.5098ms)[39m[39m
  [32m✔ on() → unsubscribe: callback não é chamado após off() [90m(1.6049ms)[39m[39m
  [32m✔ onAny() recebe { key, value } em qualquer mudança de estado [90m(1.6886ms)[39m[39m
  [32m✔ múltiplos listeners na mesma chave: todos são disparados [90m(1.7376ms)[39m[39m
  [32m✔ listener de chave específica não recebe mudanças de outra chave [90m(1.3976ms)[39m[39m
  [32m✔ onAuth() retorna função de unsubscribe funcional [90m(1.6552ms)[39m[39m
  [32m✔ onAny() retorna função de unsubscribe funcional [90m(1.6639ms)[39m[39m
[32m✔ AppState — listeners reativos [90m(13.4335ms)[39m[39m
▶ AppState — validação de schema
  [32m✔ chave inválida em get() lança TypeError [90m(2.2891ms)[39m[39m
  [32m✔ chave inválida em set() lança TypeError [90m(1.4921ms)[39m[39m
  [32m✔ isLogado com valor não-boolean lança TypeError [90m(1.6363ms)[39m[39m
  [32m✔ user sem id (string) lança TypeError [90m(1.663ms)[39m[39m
  [32m✔ geo sem lat/lng numérico lança TypeError [90m(3.2995ms)[39m[39m
  [32m✔ valores válidos não lançam erro [90m(2.4954ms)[39m[39m
[32m✔ AppState — validação de schema [90m(13.3099ms)[39m[39m
▶ AuthGuard — rotas públicas (app cliente)
  [32m✔ "inicio" é acessível sem login [90m(3.0575ms)[39m[39m
  [32m✔ "pesquisa" é acessível sem login [90m(2.2252ms)[39m[39m
  [32m✔ "barbearias" é acessível sem login [90m(2.1569ms)[39m[39m
  [32m✔ "barbeiros" é acessível sem login [90m(2.3342ms)[39m[39m
  [32m✔ "login" é acessível sem login [90m(2.4186ms)[39m[39m
  [32m✔ "cadastro" é acessível sem login [90m(2.2236ms)[39m[39m
  [32m✔ "destaques" é acessível sem login [90m(2.2135ms)[39m[39m
  [32m✔ "inicio" é acessível com login também [90m(2.3602ms)[39m[39m
  [32m✔ "pesquisa" é acessível com login também [90m(2.2944ms)[39m[39m
  [32m✔ "barbearias" é acessível com login também [90m(2.3678ms)[39m[39m
  [32m✔ "barbeiros" é acessível com login também [90m(3.1729ms)[39m[39m
  [32m✔ "login" é acessível com login também [90m(2.1701ms)[39m[39m
  [32m✔ "cadastro" é acessível com login também [90m(2.6606ms)[39m[39m
  [32m✔ "destaques" é acessível com login também [90m(2.0692ms)[39m[39m
[32m✔ AuthGuard — rotas públicas (app cliente) [90m(34.6133ms)[39m[39m
▶ AuthGuard — rotas protegidas (app cliente)
  [32m✔ "perfil" bloqueia visitante e redireciona para login [90m(4.0436ms)[39m[39m
  [32m✔ "mensagens" bloqueia visitante e redireciona para login [90m(2.265ms)[39m[39m
  [32m✔ "favoritas" bloqueia visitante e redireciona para login [90m(2.5946ms)[39m[39m
  [32m✔ "agendamento" bloqueia visitante e redireciona para login [90m(2.0106ms)[39m[39m
  [32m✔ "pagamento" bloqueia visitante e redireciona para login [90m(2.0599ms)[39m[39m
  [32m✔ "sair" bloqueia visitante e redireciona para login [90m(2.0132ms)[39m[39m
  [32m✔ "perfil" é acessível para usuário logado [90m(2.3981ms)[39m[39m
  [32m✔ "mensagens" é acessível para usuário logado [90m(2.8786ms)[39m[39m
  [32m✔ "favoritas" é acessível para usuário logado [90m(7.5985ms)[39m[39m
  [32m✔ "agendamento" é acessível para usuário logado [90m(3.4213ms)[39m[39m
  [32m✔ "pagamento" é acessível para usuário logado [90m(3.5652ms)[39m[39m
  [32m✔ "sair" é acessível para usuário logado [90m(5.2029ms)[39m[39m
  [32m✔ visitante bloqueado NÃO redireciona se não houver router [90m(5.0098ms)[39m[39m
[32m✔ AuthGuard — rotas protegidas (app cliente) [90m(46.3479ms)[39m[39m
▶ AuthGuard — ações protegidas (app cliente)
  [32m✔ "agendar" bloqueada para visitante — retorna false [90m(3.7266ms)[39m[39m
  [32m✔ "mensagem" bloqueada para visitante — retorna false [90m(3.2585ms)[39m[39m
  [32m✔ "pagar" bloqueada para visitante — retorna false [90m(3.0909ms)[39m[39m
  [32m✔ "pagamento" bloqueada para visitante — retorna false [90m(2.9575ms)[39m[39m
  [32m✔ "like" bloqueada para visitante — retorna false [90m(3.1679ms)[39m[39m
  [32m✔ "barbershop-favorite" bloqueada para visitante — retorna false [90m(2.8156ms)[39m[39m
  [32m✔ "avatar-upload" bloqueada para visitante — retorna false [90m(3.6126ms)[39m[39m
  [32m✔ "confirmar-saida" NÃO é protegida — retorna true sem login [90m(3.643ms)[39m[39m
  [32m✔ "story-open" NÃO é protegida — retorna true sem login [90m(2.0392ms)[39m[39m
  [32m✔ "qualquer-outra-acao" NÃO é protegida — retorna true sem login [90m(3.6847ms)[39m[39m
  [32m✔ "agendar" permitida para usuário logado [90m(2.9327ms)[39m[39m
  [32m✔ "mensagem" permitida para usuário logado [90m(2.7011ms)[39m[39m
  [32m✔ "pagar" permitida para usuário logado [90m(2.2726ms)[39m[39m
  [32m✔ "pagamento" permitida para usuário logado [90m(1.9333ms)[39m[39m
  [32m✔ "like" permitida para usuário logado [90m(2.162ms)[39m[39m
  [32m✔ "barbershop-favorite" permitida para usuário logado [90m(3.4461ms)[39m[39m
  [32m✔ "avatar-upload" permitida para usuário logado [90m(2.1057ms)[39m[39m
[32m✔ AuthGuard — ações protegidas (app cliente) [90m(51.1443ms)[39m[39m
▶ AuthGuard — requireAuth()
  [32m✔ retorna false e chama router.push("login") quando não logado [90m(2.2699ms)[39m[39m
  [32m✔ retorna true e NÃO chama push quando logado [90m(2.0665ms)[39m[39m
  [32m✔ não lança erro quando router é null (visitante sem router) [90m(2.1496ms)[39m[39m
  [32m✔ não lança erro quando router não tem push (objeto inválido) [90m(2.5649ms)[39m[39m
[32m✔ AuthGuard — requireAuth() [90m(9.402ms)[39m[39m
▶ AuthGuard — app profissional
  [32m✔ "minha-barbearia" bloqueada para visitante no app profissional [90m(2.2045ms)[39m[39m
  [32m✔ "agenda" bloqueada para visitante no app profissional [90m(2.314ms)[39m[39m
  [32m✔ "perfil" bloqueada para visitante no app profissional [90m(2.6417ms)[39m[39m
  [32m✔ "mensagens" bloqueada para visitante no app profissional [90m(2.4876ms)[39m[39m
  [32m✔ "sair" bloqueada para visitante no app profissional [90m(2.195ms)[39m[39m
  [32m✔ "inicio" é pública no app profissional [90m(3.3972ms)[39m[39m
  [32m✔ "pesquisa" é pública no app profissional [90m(3.0032ms)[39m[39m
  [32m✔ "login" é pública no app profissional [90m(3.1257ms)[39m[39m
  [32m✔ "cadastro" é pública no app profissional [90m(2.9865ms)[39m[39m
  [32m✔ "destaques" é pública no app profissional [90m(2.215ms)[39m[39m
  [32m✔ profissional logado acessa minha-barbearia [90m(1.9991ms)[39m[39m
  [32m✔ profissional logado acessa agenda [90m(1.9863ms)[39m[39m
[32m✔ AuthGuard — app profissional [90m(31.997ms)[39m[39m
▶ Fluxo integrado: login → ações → logout
  [32m✔ ciclo completo preserva e limpa o estado corretamente [90m(4.1506ms)[39m[39m
  [32m✔ listener onAuth() acompanha ciclo: login → logout → login [90m(2.3731ms)[39m[39m
  [32m✔ múltiplas sessões sequenciais não vazam estado entre si [90m(2.5341ms)[39m[39m
  [32m✔ ações protegidas bloqueiam após logout (sem re-login) [90m(1.9253ms)[39m[39m
  [32m✔ geo não vaza entre sessões [90m(1.9692ms)[39m[39m
[32m✔ Fluxo integrado: login → ações → logout [90m(13.3082ms)[39m[39m
▶ BackendApiService — BASE_URL de produção
  [32m✔ usa barberflow-profissional.vercel.app como URL base de produção [90m(1.6027ms)[39m[39m
  [32m✔ NÃO usa barberflow-api.vercel.app (projeto de terceiro) como URL base [90m(0.3693ms)[39m[39m
  [32m✔ mantém localhost:3001 para desenvolvimento [90m(0.2211ms)[39m[39m
[32m✔ BackendApiService — BASE_URL de produção [90m(4.2711ms)[39m[39m
▶ BackendApiService — consistência cross-file
  [32m✔ src/app.js ALLOWED_ORIGINS inclui barberflow-pro-one.vercel.app [90m(1.6308ms)[39m[39m
  [32m✔ vercel.json possui barberflow-pro-one.vercel.app no CSP connect-src [90m(0.5214ms)[39m[39m
[32m✔ BackendApiService — consistência cross-file [90m(2.5032ms)[39m[39m
▶ BarbeiroEsperaFluxo — iniciarEspera
  [32m✔ toca som ao iniciar espera [90m(4.2086ms)[39m[39m
  [32m✔ registra entrada no estado interno [90m(2.0914ms)[39m[39m
  [32m✔ guard: segunda chamada com mesmo entradaId não toca som novamente [90m(1.5887ms)[39m[39m
  [32m✔ guard: segunda chamada com mesmo entradaId não inicia segundo timer [90m(1.8488ms)[39m[39m
[32m✔ BarbeiroEsperaFluxo — iniciarEspera [90m(11.7645ms)[39m[39m
▶ BarbeiroEsperaFluxo — estaAguardando
  [32m✔ retorna false antes de iniciarEspera [90m(2.8511ms)[39m[39m
  [32m✔ retorna true depois de iniciarEspera [90m(1.4878ms)[39m[39m
  [32m✔ retorna false depois de finalizarEspera [90m(1.9239ms)[39m[39m
[32m✔ BarbeiroEsperaFluxo — estaAguardando [90m(6.7896ms)[39m[39m
▶ BarbeiroEsperaFluxo — finalizarEspera
  [32m✔ chama clearInterval ao finalizar [90m(1.995ms)[39m[39m
  [32m✔ remove entrada do estado interno [90m(2.056ms)[39m[39m
  [32m✔ não lança erro ao finalizar entradaId inexistente [90m(1.8785ms)[39m[39m
[32m✔ BarbeiroEsperaFluxo — finalizarEspera [90m(6.296ms)[39m[39m
▶ BarbeiroEsperaFluxo — abrirModalCadeira
  [32m✔ retorna "chegou" quando FluxoDeFila resolve "chegou" [90m(2.0682ms)[39m[39m
  [32m✔ retorna "remover" quando FluxoDeFila resolve "remover" [90m(1.608ms)[39m[39m
  [32m✔ retorna "aguardar" quando FluxoDeFila resolve "aguardar" [90m(1.5269ms)[39m[39m
  [32m✔ retorna "aguardar" quando FluxoDeFila resolve null (overlay duplicado fechado) [90m(1.525ms)[39m[39m
  [32m✔ abrirModalCadeira usa id fixo "modal-espera-cadeira" [90m(1.4821ms)[39m[39m
[32m✔ BarbeiroEsperaFluxo — abrirModalCadeira [90m(8.5435ms)[39m[39m
▶ BarbeiroEsperaFluxo — resetarTimer
  [32m✔ chama clearInterval e depois setInterval novamente [90m(1.7036ms)[39m[39m
  [32m✔ resetarTimer em entradaId sem espera ativa não lança erro [90m(1.7157ms)[39m[39m
[32m✔ BarbeiroEsperaFluxo — resetarTimer [90m(3.614ms)[39m[39m
▶ BarbeiroEsperaFluxo — localStorage
  [32m✔ iniciarEspera persiste no localStorage [90m(1.8327ms)[39m[39m
  [32m✔ finalizarEspera atualiza localStorage [90m(1.5616ms)[39m[39m
  [32m✔ restaurar() registra entradas do localStorage no estado interno [90m(1.7254ms)[39m[39m
  [32m✔ restaurar() reinicia timers para entradas restauradas [90m(1.454ms)[39m[39m
[32m✔ BarbeiroEsperaFluxo — localStorage [90m(6.8933ms)[39m[39m
▶ BarbeiroEsperaFluxo — evento barberflow:espera-resolvida
  [32m✔ abrirModalCadeira despacha evento com acao="chegou" [90m(1.6344ms)[39m[39m
  [32m✔ abrirModalCadeira despacha evento com acao="remover" [90m(1.4405ms)[39m[39m
  [32m✔ abrirModalCadeira NÃO despacha evento quando acao="aguardar" [90m(1.5115ms)[39m[39m
  [32m✔ evento contém barbershopId correto [90m(2.9452ms)[39m[39m
[32m✔ BarbeiroEsperaFluxo — evento barberflow:espera-resolvida [90m(7.849ms)[39m[39m
▶ BarbershopRepository.updateIsOpen()
  [32m✔ chama update com is_open=true e close_reason=null ao abrir [90m(7.1341ms)[39m[39m
  [32m✔ chama update com is_open=false e close_reason=almoco [90m(3.4863ms)[39m[39m
  [32m✔ chama update com is_open=false e close_reason=janta [90m(2.0998ms)[39m[39m
  [32m✔ fecha sem motivo: close_reason=null quando tipo é normal [90m(2.0459ms)[39m[39m
  [32m✔ reabre: força close_reason=null mesmo que motivo seja passado [90m(2.012ms)[39m[39m
  [32m✔ lança TypeError para barbershopId não-UUID [90m(4.0002ms)[39m[39m
  [32m✔ lança TypeError para barbershopId com SQL injection [90m(2.9811ms)[39m[39m
  [32m✔ lança TypeError para closeReason inválido (string arbitrária) [90m(2.2912ms)[39m[39m
  [32m✔ lança TypeError para closeReason com SQL injection [90m(2.3395ms)[39m[39m
  [32m✔ lança TypeError para closeReason string vazia [90m(2.4036ms)[39m[39m
  [32m✔ lança Error quando o banco retorna erro [90m(2.9394ms)[39m[39m
[32m✔ BarbershopRepository.updateIsOpen() [90m(36.3481ms)[39m[39m
▶ StatusFechamentoModal.labelStatus()
  [32m✔ retorna "Aberta" quando is_open=true [90m(0.5084ms)[39m[39m
  [32m✔ retorna "Aberta" quando is_open=true mesmo com closeReason preenchido [90m(0.224ms)[39m[39m
  [32m✔ retorna "Fechada" quando is_open=false e closeReason=null [90m(0.1984ms)[39m[39m
  [32m✔ retorna "Pausa para Almoço" quando is_open=false e closeReason=almoco [90m(0.2063ms)[39m[39m
  [32m✔ retorna "Pausa para Janta" quando is_open=false e closeReason=janta [90m(0.2148ms)[39m[39m
  [32m✔ é case-insensitive: ALMOCO equivale a almoco [90m(0.1777ms)[39m[39m
  [32m✔ closeReason desconhecido: retorna "Fechada" (fallback seguro) [90m(0.1874ms)[39m[39m
[32m✔ StatusFechamentoModal.labelStatus() [90m(2.2891ms)[39m[39m
▶ StatusFechamentoModal.classeStatus()
  [32m✔ retorna status--aberta quando is_open=true [90m(0.3952ms)[39m[39m
  [32m✔ retorna status--fechada quando is_open=false sem motivo [90m(0.2274ms)[39m[39m
  [32m✔ retorna status--pausa para almoco [90m(0.1634ms)[39m[39m
  [32m✔ retorna status--pausa para janta [90m(0.1318ms)[39m[39m
  [32m✔ retorna status--fechada para closeReason desconhecido [90m(0.1186ms)[39m[39m
[32m✔ StatusFechamentoModal.classeStatus() [90m(1.3721ms)[39m[39m
▶ StatusFechamentoModal.classBadge()
  [32m✔ retorna bp-badge--open quando is_open=true [90m(0.2829ms)[39m[39m
  [32m✔ retorna bp-badge--closed quando is_open=false sem motivo [90m(0.18ms)[39m[39m
  [32m✔ retorna bp-badge--pausa para almoco [90m(0.1527ms)[39m[39m
  [32m✔ retorna bp-badge--pausa para janta [90m(0.1631ms)[39m[39m
  [32m✔ retorna bp-badge--closed para closeReason desconhecido (fallback seguro) [90m(0.1387ms)[39m[39m
[32m✔ StatusFechamentoModal.classBadge() [90m(1.1655ms)[39m[39m
▶ BarbershopRepository.updateLocation
  [32m✔ chama .update com lat/lng e retorna dado do banco [90m(10.4183ms)[39m[39m
  [32m✔ lança erro se owner_id for inválido (uuid vazio) [90m(3.0619ms)[39m[39m
  [32m✔ lança erro se coordenadas forem inválidas [90m(3.8771ms)[39m[39m
  [32m✔ lança erro se banco retorna error [90m(3.0767ms)[39m[39m
[32m✔ BarbershopRepository.updateLocation [90m(22.3216ms)[39m[39m
▶ BarbershopService.salvarLocalizacaoGPS
  [32m✔ chama updateLocation com coords do GPS e retorna resultado [90m(2.9473ms)[39m[39m
  [32m✔ lança erro se ownerId estiver vazio [90m(1.9517ms)[39m[39m
  [32m✔ lança erro se coordenadas forem inválidas (NaN) [90m(2.1499ms)[39m[39m
[32m✔ BarbershopService.salvarLocalizacaoGPS [90m(7.5545ms)[39m[39m
▶ BarbershopService.geocodificarCep
  [32m✔ retorna endereço formatado a partir de resposta válida do ViaCEP [90m(2.9406ms)[39m[39m
  [32m✔ lança erro se ViaCEP retornar { erro: true } [90m(2.5092ms)[39m[39m
  [32m✔ lança erro se o CEP tiver formato inválido [90m(3.826ms)[39m[39m
  [32m✔ lança erro se fetch falhar (rede offline) [90m(4.6147ms)[39m[39m
[32m✔ BarbershopService.geocodificarCep [90m(14.7027ms)[39m[39m
▶ BarbershopService.salvarLocalizacaoCep
  [32m✔ fluxo completo: CEP → endereço → coords → banco [90m(2.4246ms)[39m[39m
  [32m✔ lança erro se Nominatim não encontrar coords [90m(2.5166ms)[39m[39m
[32m✔ BarbershopService.salvarLocalizacaoCep [90m(5.1161ms)[39m[39m
▶ BarbershopService.carregarFavoritos()
  [32m✔ popula cache com IDs retornados pelo ProfileRepository [90m(6.2594ms)[39m[39m
  [32m✔ IDs ausentes retornam isFavorito false [90m(2.6316ms)[39m[39m
  [32m✔ retorna Set vazio quando usuário não está logado [90m(3.2708ms)[39m[39m
  [32m✔ segunda chamada usa cache sem chamar ProfileRepository novamente [90m(1.9694ms)[39m[39m
  [32m✔ force=true recarrega do servidor [90m(1.9445ms)[39m[39m
[32m✔ BarbershopService.carregarFavoritos() [90m(18.8255ms)[39m[39m
▶ BarbershopService.isFavorito()
  [32m✔ retorna false sem carregar favoritos [90m(2.0307ms)[39m[39m
  [32m✔ isFavorito(null) retorna false sem lançar [90m(2.2261ms)[39m[39m
[32m✔ BarbershopService.isFavorito() [90m(4.6985ms)[39m[39m
▶ BarbershopService.limparCache() — race condition
  [32m✔ limparCache() antes de getUser() resolver descarta dados do usuário anterior [90m(2.9005ms)[39m[39m
  [32m✔ nova sessão após limparCache() carrega corretamente os dados corretos [90m(3.1151ms)[39m[39m
[32m✔ BarbershopService.limparCache() — race condition [90m(6.6071ms)[39m[39m
▶ MediaController._detectarMime (magic bytes)
  [32m✔ reconhece JPEG (FF D8 FF) [90m(1.1272ms)[39m[39m
  [32m✔ reconhece PNG (89 50 4E 47) [90m(0.2357ms)[39m[39m
  [32m✔ reconhece WebP (RIFF????WEBP) [90m(0.2285ms)[39m[39m
  [32m✔ buffer desconhecido → application/octet-stream [90m(0.2057ms)[39m[39m
  [32m✔ buffer muito curto (< 12 bytes) → application/octet-stream [90m(0.2173ms)[39m[39m
[32m✔ MediaController._detectarMime (magic bytes) [90m(3.5713ms)[39m[39m
▶ POST /api/media/barbershop-image — validação de tipo
  [32m✔ tipo inválido retorna 400 [90m(3.578ms)[39m[39m
  [32m✔ tipo válido "logo" é aceito [90m(0.2843ms)[39m[39m
[32m✔ POST /api/media/barbershop-image — validação de tipo [90m(4.2262ms)[39m[39m
▶ POST /api/media/barbershop-image — limites de tamanho
  [32m✔ logo acima de 2MB retorna 413 [90m(0.9383ms)[39m[39m
  [32m✔ MIME inválido (não é imagem) retorna 415 [90m(0.7033ms)[39m[39m
[32m✔ POST /api/media/barbershop-image — limites de tamanho [90m(2.0827ms)[39m[39m
▶ CacheService — modo memory
  [32m✔ set/get retorna o buffer original [90m(2.6081ms)[39m[39m
  [32m✔ has() retorna true para chave presente [90m(0.7877ms)[39m[39m
  [32m✔ has() retorna false para chave ausente [90m(0.4175ms)[39m[39m
  [32m✔ arquivo em cache → recuperação mais rápida que fetch fresco [90m(74.1815ms)[39m[39m
  [32m✔ cache expirado → get retorna null [90m(122.0174ms)[39m[39m
  [32m✔ cache expirado → has() retorna false [90m(123.8111ms)[39m[39m
  [32m✔ chamadas concorrentes → fetchFn executada apenas uma vez [90m(48.6524ms)[39m[39m
  [32m✔ delete() remove a entrada [90m(0.55ms)[39m[39m
  [32m✔ clear() esvazia todo o cache [90m(0.3313ms)[39m[39m
  [32m✔ getOrFetch propaga erro do fetchFn [90m(0.9946ms)[39m[39m
[32m✔ CacheService — modo memory [90m(380.0138ms)[39m[39m
▶ CacheService — modo disk
  [32m✔ set/get persiste e le corretamente do disco [90m(31.9063ms)[39m[39m
  [32m✔ cache expirado em disco → get retorna null e arquivos sao removidos [90m(138.1065ms)[39m[39m
  [32m✔ chamadas concorrentes em disk → fetchFn executada apenas uma vez [90m(47.5338ms)[39m[39m
  [32m✔ clear() remove todos os arquivos do diretorio em disco [90m(8.5105ms)[39m[39m
  [32m✔ delete() remove os arquivos .data e .meta do disco [90m(6.6056ms)[39m[39m
[32m✔ CacheService — modo disk [90m(233.2841ms)[39m[39m
▶ CacheService — validacao
  [32m✔ key nao-string → TypeError em get() [90m(0.8177ms)[39m[39m
  [32m✔ key vazia → TypeError em set() [90m(0.2518ms)[39m[39m
  [32m✔ key somente espacos → TypeError em has() [90m(0.2194ms)[39m[39m
  [32m✔ data nao-Buffer → TypeError em set() [90m(0.344ms)[39m[39m
  [32m✔ ttl <= 0 → RangeError no construtor [90m(0.4516ms)[39m[39m
  [32m✔ mode invalido → TypeError no construtor [90m(0.2668ms)[39m[39m
  [32m✔ fetchFn nao-funcao → TypeError em getOrFetch() [90m(0.4292ms)[39m[39m
[32m✔ CacheService — validacao [90m(3.3958ms)[39m[39m
▶ Cadeira — componente DOM
  [32m✔ cadeira livre: cdr-icon contém img da cadeira de produção [90m(8.8868ms)[39m[39m
  [32m✔ cadeira livre: NÃO existe .cdr-avatar-cli [90m(2.4104ms)[39m[39m
  [32m✔ cadeira ocupada com avatar: existe .cdr-avatar-cli com img [90m(2.9411ms)[39m[39m
  [32m✔ cadeira ocupada sem avatar: .cdr-avatar-cli com inicial do nome [90m(2.5939ms)[39m[39m
  [32m✔ cadeira ocupada: .cdr-icon ainda mostra imagem padrão da cadeira (não o avatar) [90m(2.7146ms)[39m[39m
  [32m✔ cliente walk-in: .cdr-avatar-cli usa icon-192.png [90m(4.136ms)[39m[39m
  [32m✔ cadeira de fila ocupada: tem .cdr-avatar-cli [90m(2.568ms)[39m[39m
  [32m✔ confirmacao=yes: .cdr-cadeira--confirmada + .cdr-icon--confirmada [90m(2.6356ms)[39m[39m
  [32m✔ confirmacao=absent: .cdr-cadeira--ausente [90m(2.6091ms)[39m[39m
[32m✔ Cadeira — componente DOM [90m(34.4447ms)[39m[39m
▶ CadeiraConfirmacaoService — guard de duplicação
  [32m✔ não reabre modal para entrada já processada (sim) [90m(9.5725ms)[39m[39m
  [32m✔ abre modal normalmente para entrada diferente [90m(2.9354ms)[39m[39m
[32m✔ CadeiraConfirmacaoService — guard de duplicação [90m(15.1385ms)[39m[39m
▶ CadeiraConfirmacaoService — resposta "sim"
  [32m✔ toca som ao iniciar fluxo [90m(3.0289ms)[39m[39m
  [32m✔ chama RPC com p_confirmado=true e p_grace_used=false [90m(5.2048ms)[39m[39m
  [32m✔ não agenda timer após "sim" [90m(5.917ms)[39m[39m
[32m✔ CadeiraConfirmacaoService — resposta "sim" [90m(14.938ms)[39m[39m
▶ CadeiraConfirmacaoService — resposta "nao" (1ª vez)
  [32m✔ chama RPC com p_confirmado=false e p_grace_used=false [90m(1.9121ms)[39m[39m
  [32m✔ agenda timer de 5 minutos após primeiro "nao" [90m(2.1411ms)[39m[39m
  [32m✔ não reabre modal para a mesma entrada no período de grace [90m(2.2389ms)[39m[39m
[32m✔ CadeiraConfirmacaoService — resposta "nao" (1ª vez) [90m(6.7599ms)[39m[39m
▶ CadeiraConfirmacaoService — resposta "nao" (2ª vez, grace expirado)
  [32m✔ chama RPC com p_grace_used=true na segunda recusa [90m(18.8899ms)[39m[39m
  [32m✔ limpa timer após grace disparado [90m(2.7739ms)[39m[39m
[32m✔ CadeiraConfirmacaoService — resposta "nao" (2ª vez, grace expirado) [90m(21.9987ms)[39m[39m
▶ CadeiraConfirmacaoService — parar()
  [32m✔ parar(entradaId) cancela timer específico [90m(1.7013ms)[39m[39m
  [32m✔ parar() sem args limpa todos os timers [90m(1.5338ms)[39m[39m
  [32m✔ parar() reseta #processadas para permitir novo fluxo [90m(1.6509ms)[39m[39m
[32m✔ CadeiraConfirmacaoService — parar() [90m(5.1304ms)[39m[39m
▶ CadeiraConfirmacaoService — garantia de notificação ao barbeiro no "nao"
  [32m✔ RPC sempre é chamada ao clicar Não (1ª vez) [90m(1.8766ms)[39m[39m
  [32m✔ nome da RPC é confirmar_presenca_cliente (compatível com notif client_not_seated) [90m(3.7967ms)[39m[39m
  [32m✔ p_entry_id correto é enviado à RPC no "nao" [90m(2.1015ms)[39m[39m
  [32m✔ p_confirmado=false e p_grace_used=false na 1ª recusa (aciona inserção client_not_seated no banco) [90m(1.5796ms)[39m[39m
  [32m✔ RPC chamada mesmo se RPC retornar erro (não silencia falha do fluxo) [90m(1.8654ms)[39m[39m
  [32m✔ RPC é chamada com p_grace_used=true no 2º "nao" (aciona client_absent no banco) [90m(8.1587ms)[39m[39m
[32m✔ CadeiraConfirmacaoService — garantia de notificação ao barbeiro no "nao" [90m(19.9086ms)[39m[39m
▶ CadeiraService.finalizar() — auto-avanço
  [32m✔ marca entrada atual como "done" [90m(9.0893ms)[39m[39m
  [32m✔ auto-avança próximo waiting para "in_service" [90m(3.907ms)[39m[39m
  [32m✔ retorna proximoNome quando há próximo na fila [90m(3.4707ms)[39m[39m
  [32m✔ retorna proximoNome=null quando fila vazia [90m(3.1285ms)[39m[39m
  [32m✔ filtra por professionalId: NÃO avança waiting de outro barbeiro [90m(3.4453ms)[39m[39m
  [32m✔ avança o waiting de menor position quando há múltiplos [90m(3.3345ms)[39m[39m
  [32m✔ rejeita entradaId inválido com TypeError [90m(3.9825ms)[39m[39m
  [32m✔ rejeita barbershopId inválido com TypeError [90m(3.5448ms)[39m[39m
[32m✔ CadeiraService.finalizar() — auto-avanço [90m(37.8722ms)[39m[39m
▶ CadeiraService.sentar("fila") — auto-avanço quando produção vazia
  [32m✔ produção vazia → chama updateStatus("in_service") na nova entrada [90m(3.9774ms)[39m[39m
  [32m✔ produção ocupada → NÃO chama updateStatus("in_service") [90m(3.0775ms)[39m[39m
  [32m✔ produção de outro barbeiro vazia não afeta — filtra por professionalId [90m(1.9975ms)[39m[39m
[32m✔ CadeiraService.sentar("fila") — auto-avanço quando produção vazia [90m(9.6208ms)[39m[39m
▶ CadeiraService.sincronizarFilas()
  [32m✔ produção vazia com 1 waiting → promove para in_service [90m(2.0935ms)[39m[39m
  [32m✔ produção já ocupada → NÃO chama updateStatus [90m(2.847ms)[39m[39m
  [32m✔ fila vazia → retorna sem chamar updateStatus [90m(1.7662ms)[39m[39m
  [32m✔ múltiplos barbeiros: cada um sincronizado independentemente [90m(1.8141ms)[39m[39m
  [32m✔ promove o de menor position quando há múltiplos waiting [90m(1.9925ms)[39m[39m
  [32m✔ rejeita barbershopId inválido com TypeError [90m(1.8086ms)[39m[39m
[32m✔ CadeiraService.sincronizarFilas() [90m(12.695ms)[39m[39m
▶ CadeiraService.sentar("producao") — comportamento existente
  [32m✔ sempre chama updateStatus("in_service") na entrada criada [90m(2.5902ms)[39m[39m
[32m✔ CadeiraService.sentar("producao") — comportamento existente [90m(2.7686ms)[39m[39m
▶ AppointmentRepository — criar()
  [32m✔ envia POST para /rest/v1/appointments com payload válido [90m(9.4183ms)[39m[39m
  [32m✔ rejeita client_id com UUID inválido [90m(3.7364ms)[39m[39m
  [32m✔ descarta campos extras — previne mass assignment [90m(5.0908ms)[39m[39m
  [32m✔ rejeita notes com mais de 500 caracteres [90m(3.1472ms)[39m[39m
[32m✔ AppointmentRepository — criar() [90m(23.484ms)[39m[39m
▶ AppointmentRepository — getByCliente()
  [32m✔ gera GET com client_id, gte scheduled_at, order e limit [90m(5.4051ms)[39m[39m
  [32m✔ retorna [] sem lançar erro quando resposta vazia [90m(2.6224ms)[39m[39m
[32m✔ AppointmentRepository — getByCliente() [90m(8.3356ms)[39m[39m
▶ AppointmentRepository — updateStatus()
  [32m✔ envia PATCH com status válido e updated_at [90m(4.2563ms)[39m[39m
  [32m✔ rejeita status inválido sem chamar fetch [90m(2.9107ms)[39m[39m
[32m✔ AppointmentRepository — updateStatus() [90m(7.583ms)[39m[39m
▶ ClienteSeletorModal — validação de parâmetros
  [32m✔ UUID inválido para barbershopId lança TypeError antes de qualquer chamada de rede [90m(4.6746ms)[39m[39m
  [32m✔ UUID inválido para professionalId lança TypeError antes de qualquer chamada de rede [90m(1.7613ms)[39m[39m
  [32m✔ abrir() sem parâmetros lança TypeError [90m(2.7961ms)[39m[39m
[32m✔ ClienteSeletorModal — validação de parâmetros [90m(12.5249ms)[39m[39m
▶ ClienteSeletorModal — abertura e carregamento de favoritos
  [32m✔ abrir() retorna Promise [90m(5.2429ms)[39m[39m
  [32m✔ overlay é adicionado ao document.body ao abrir [90m(2.2569ms)[39m[39m
  [32m✔ chama CadeiraService.getClientesFavoritos com barbershopId e professionalId corretos [90m(14.0598ms)[39m[39m
  [32m✔ favoritos com 3 usuários → 3 itens csm-item renderizados na lista [90m(4.0349ms)[39m[39m
  [32m✔ excluirIds filtra clientes já sentados da lista de favoritos [90m(2.8676ms)[39m[39m
  [32m✔ sem favoritos → exibe csm-vazio com mensagem [90m(2.5753ms)[39m[39m
[32m✔ ClienteSeletorModal — abertura e carregamento de favoritos [90m(33.3726ms)[39m[39m
▶ ClienteSeletorModal — erro no carregamento de favoritos
  [32m✔ erro ao buscar favoritos → exibe mensagem de erro (csm-vazio) [90m(3.9268ms)[39m[39m
[32m✔ ClienteSeletorModal — erro no carregamento de favoritos [90m(4.1564ms)[39m[39m
▶ ClienteSeletorModal — busca por texto
  [32m✔ input com 1 char → UserRepository.buscarUsuarios NÃO é chamado [90m(4.985ms)[39m[39m
  [32m✔ busca com 5 itens e total=5 → NÃO exibe botão "Ver mais" [90m(3.243ms)[39m[39m
  [32m✔ busca com 20 itens e total=45 → exibe botão "Ver mais" [90m(2.4736ms)[39m[39m
  [32m✔ AbortError na busca → retorna [] sem lançar exceção [90m(3.5939ms)[39m[39m
  [32m✔ erro genérico na busca → exibe csm-vazio com mensagem de erro [90m(2.3065ms)[39m[39m
  [32m✔ buscar segunda página (offset=20) → chama API com offset=20 [90m(2.7264ms)[39m[39m
  [32m✔ buscar segunda página → 20 itens existentes + 20 novos = 40 na lista (append) [90m(3.8636ms)[39m[39m
[32m✔ ClienteSeletorModal — busca por texto [90m(23.7125ms)[39m[39m
▶ ClienteSeletorModal — card de cliente anônimo
  [32m✔ abrir() cria seção anônima no overlay [90m(1.7132ms)[39m[39m
  [32m✔ card anônimo é acessível via tabindex [90m(1.7257ms)[39m[39m
  [32m✔ abrir() resolve com objeto anonymous=true quando form anônimo é confirmado [90m(1.5644ms)[39m[39m
[32m✔ ClienteSeletorModal — card de cliente anônimo [90m(5.2037ms)[39m[39m
[ClienteSeletorModal] erro ao carregar favoritos: Error: network error
    at TestContext.<anonymous> (c:\Users\delim\desktop\barberflow-main (2)\barberflow-main\tests\cliente-seletor-modal.test.js:393:74)
    at Test.runInAsyncScope (node:async_hooks:228:14)
    at Test.run (node:internal/test_runner/test:1118:25)
    at Test.start (node:internal/test_runner/test:1015:17)
    at node:internal/test_runner/test:1531:71
    at node:internal/per_context/primordials:466:82
    at new Promise (<anonymous>)
    at new SafePromise (node:internal/per_context/primordials:435:3)
    at node:internal/per_context/primordials:466:9
    at Array.map (<anonymous>)
[ClienteSeletorModal] erro na busca: Error: server error
    at TestContext.<anonymous> (c:\Users\delim\desktop\barberflow-main (2)\barberflow-main\tests\cliente-seletor-modal.test.js:469:46)
    at Test.runInAsyncScope (node:async_hooks:228:14)
    at Test.run (node:internal/test_runner/test:1118:25)
    at Suite.processPendingSubtests (node:internal/test_runner/test:787:18)
    at Test.postRun (node:internal/test_runner/test:1247:19)
    at Test.run (node:internal/test_runner/test:1175:12)
    at async Suite.processPendingSubtests (node:internal/test_runner/test:787:7)
▶ ClienteStartupSplash
  [32m✔ exibe o overlay na primeira chamada [90m(1.9366ms)[39m[39m
  [32m✔ não exibe na segunda chamada na mesma sessão [90m(1.6325ms)[39m[39m
  [32m✔ exibe novamente após limparSessao() [90m(0.6882ms)[39m[39m
  [32m✔ persiste a chave de sessão no sessionStorage [90m(0.5665ms)[39m[39m
  [32m✔ limparSessao remove a chave do sessionStorage [90m(0.5844ms)[39m[39m
[32m✔ ClienteStartupSplash [90m(9.1757ms)[39m[39m
▶ Cliente — model
  [32m✔ fromRow() cria instância com todos os campos mapeados [90m(7.2503ms)[39m[39m
  [32m✔ isAtivo() retorna false quando is_active=false [90m(3.4999ms)[39m[39m
  [32m✔ fromRow() aceita row vazio sem lançar erro [90m(4.013ms)[39m[39m
[32m✔ Cliente — model [90m(16.4828ms)[39m[39m
▶ ClienteRepository — getById()
  [32m✔ gera GET com eq role=client e eq id [90m(4.5288ms)[39m[39m
  [32m✔ rejeita UUID inválido antes de chamar fetch [90m(3.7741ms)[39m[39m
[32m✔ ClienteRepository — getById() [90m(8.6049ms)[39m[39m
▶ ClienteRepository — update()
  [32m✔ envia PATCH apenas com campos da allowlist [90m(6.0638ms)[39m[39m
  [32m✔ rejeita UUID inválido sem chamar fetch [90m(3.3705ms)[39m[39m
  [32m✔ descarta campo fora da allowlist (mass assignment) [90m(3.5317ms)[39m[39m
[32m✔ ClienteRepository — update() [90m(13.419ms)[39m[39m
▶ ClienteService
  [32m✔ carregarPerfil() retorna instância de Cliente [90m(3.426ms)[39m[39m
  [32m✔ carregarPerfil() usa cache na segunda chamada (fetch só 1×) [90m(4.8432ms)[39m[39m
  [32m✔ atualizarPerfil() invalida cache após atualizar [90m(3.67ms)[39m[39m
  [32m✔ limparCache() força novo fetch na próxima chamada [90m(2.91ms)[39m[39m
[32m✔ ClienteService [90m(15.2482ms)[39m[39m
▶ ComunicacaoRepository.getNotificacoes()
  [32m✔ busca tabela notifications [90m(2.7555ms)[39m[39m
  [32m✔ filtra por user_id [90m(0.5597ms)[39m[39m
  [32m✔ retorna array vazio quando data é null [90m(1.1808ms)[39m[39m
[32m✔ ComunicacaoRepository.getNotificacoes() [90m(6.3505ms)[39m[39m
▶ ComunicacaoRepository.marcarLida()
  [32m✔ atualiza tabela notifications [90m(0.5261ms)[39m[39m
[32m✔ ComunicacaoRepository.marcarLida() [90m(0.7466ms)[39m[39m
▶ ComunicacaoRepository.getConversa()
  [32m✔ busca tabela direct_messages [90m(0.617ms)[39m[39m
  [32m✔ retorna array vazio quando data é null [90m(0.3567ms)[39m[39m
[32m✔ ComunicacaoRepository.getConversa() [90m(1.3253ms)[39m[39m
▶ ComunicacaoRepository.enviarMensagem()
  [32m✔ insere na tabela direct_messages [90m(0.6721ms)[39m[39m
[32m✔ ComunicacaoRepository.enviarMensagem() [90m(1.9655ms)[39m[39m
▶ ComunicacaoService.listarNotificacoes()
  [32m✔ lança 400 para UUID inválido [90m(1.178ms)[39m[39m
  [32m✔ delega para repo.getNotificacoes() [90m(0.4554ms)[39m[39m
[32m✔ ComunicacaoService.listarNotificacoes() [90m(1.8446ms)[39m[39m
▶ ComunicacaoService.marcarNotificacaoLida()
  [32m✔ lança 400 para ID inválido [90m(0.4584ms)[39m[39m
  [32m✔ delega para repo.marcarLida() [90m(0.2321ms)[39m[39m
[32m✔ ComunicacaoService.marcarNotificacaoLida() [90m(0.8401ms)[39m[39m
▶ ComunicacaoService.listarConversa()
  [32m✔ lança 400 se contatoId inválido [90m(0.373ms)[39m[39m
  [32m✔ delega para repo.getConversa() [90m(0.1857ms)[39m[39m
[32m✔ ComunicacaoService.listarConversa() [90m(0.6898ms)[39m[39m
▶ ComunicacaoService.enviarMensagem()
  [32m✔ lança 400 quando conteúdo está vazio [90m(0.4392ms)[39m[39m
  [32m✔ lança 400 quando conteúdo excede 2000 chars [90m(0.2975ms)[39m[39m
  [32m✔ delega para repo.enviarMensagem() com dados válidos [90m(0.1836ms)[39m[39m
[32m✔ ComunicacaoService.enviarMensagem() [90m(1.0844ms)[39m[39m
▶ CORS — origens do frontend de produção
  [32m✔ GET de "https://barberflow-pro-one.vercel.app" recebe Access-Control-Allow-Origin [90m(1.7263ms)[39m[39m
  [32m✔ GET de "https://barberflow-profissional.vercel.app" recebe Access-Control-Allow-Origin [90m(1.3828ms)[39m[39m
  [32m✔ GET de "https://barberflow-cliente.vercel.app" recebe Access-Control-Allow-Origin [90m(0.2632ms)[39m[39m
  [32m✔ GET de "https://barberflow.vercel.app" recebe Access-Control-Allow-Origin [90m(0.3209ms)[39m[39m
  [32m✔ GET de "https://barberflow.app" recebe Access-Control-Allow-Origin [90m(0.2585ms)[39m[39m
  [32m✔ GET de "https://www.barberflow.app" recebe Access-Control-Allow-Origin [90m(0.2287ms)[39m[39m
[32m✔ CORS — origens do frontend de produção [90m(6.2913ms)[39m[39m
▶ CORS — preflight OPTIONS
  [32m✔ barberflow-pro-one.vercel.app retorna 200 com headers completos [90m(0.7141ms)[39m[39m
  [32m✔ origem desconhecida não recebe Access-Control-Allow-Origin no preflight [90m(0.5398ms)[39m[39m
[32m✔ CORS — preflight OPTIONS [90m(1.806ms)[39m[39m
▶ CORS — origens não autorizadas
  [32m✔ "https://atacante.com" não recebe Access-Control-Allow-Origin [90m(0.5896ms)[39m[39m
  [32m✔ "https://barberflow.evil.com" não recebe Access-Control-Allow-Origin [90m(0.3778ms)[39m[39m
  [32m✔ "(vazio)" não recebe Access-Control-Allow-Origin [90m(0.1957ms)[39m[39m
[32m✔ CORS — origens não autorizadas [90m(1.6267ms)[39m[39m
▶ CORS — preview URLs Vercel
  [32m✔ preview "https://barberflow-profissional-9vbcwo97t-delima20ks-projects.vercel.app" recebe Access-Control-Allow-Origin [90m(0.311ms)[39m[39m
  [32m✔ preview "https://barberflow-cliente-abc123-delima20ks-projects.vercel.app" recebe Access-Control-Allow-Origin [90m(0.1643ms)[39m[39m
  [32m✔ preview "https://barberflow-pro-one-xyz-delima20ks-projects.vercel.app" recebe Access-Control-Allow-Origin [90m(0.2777ms)[39m[39m
  [32m✔ dominio externo com .vercel.app em subpath NAO e permitido [90m(0.1796ms)[39m[39m
[32m✔ CORS — preview URLs Vercel [90m(1.1702ms)[39m[39m
▶ CORS — consistência com src/app.js
  [32m✔ src/app.js existe e contém ALLOWED_ORIGINS [90m(0.5259ms)[39m[39m
  [32m✔ src/app.js contém barberflow-pro-one.vercel.app [90m(1.456ms)[39m[39m
  [32m✔ vercel.json NÃO contém headers CORS estáticos — Express é a única autoridade [90m(0.4096ms)[39m[39m
[32m✔ CORS — consistência com src/app.js [90m(2.5745ms)[39m[39m
▶ DataProcessor.validateCPF()
  [32m✔ CPF válido com máscara → ok:true, valor somente dígitos [90m(3.8924ms)[39m[39m
  [32m✔ CPF válido sem máscara → ok:true, valor idêntico [90m(3.0424ms)[39m[39m
  [32m✔ CPF sujo com chars extras ($$$) → strip e valida normalmente [90m(1.8045ms)[39m[39m
  [32m✔ CPF com dígito verificador errado → ok:false [90m(2.0507ms)[39m[39m
  [32m✔ CPF com todos os dígitos iguais → ok:false [90m(1.9419ms)[39m[39m
  [32m✔ CPF vazio → ok:false [90m(1.8185ms)[39m[39m
  [32m✔ CPF null → ok:false (sem lançar exceção) [90m(1.8674ms)[39m[39m
[32m✔ DataProcessor.validateCPF() [90m(18.2308ms)[39m[39m
▶ DataProcessor.validateEmail()
  [32m✔ email válido minúsculo → ok:true, valor idêntico [90m(2.0727ms)[39m[39m
  [32m✔ email com maiúsculas → ok:true, valor normalizado para lowercase [90m(1.8165ms)[39m[39m
  [32m✔ email com espaços nas bordas → ok:true, valor trimado e lowercase [90m(1.8033ms)[39m[39m
  [32m✔ email sem @ → ok:false [90m(1.8043ms)[39m[39m
  [32m✔ email vazio → ok:false [90m(1.6353ms)[39m[39m
[32m✔ DataProcessor.validateEmail() [90m(9.6126ms)[39m[39m
▶ DataProcessor.validatePhone()
  [32m✔ telefone com máscara (11) 91234-5678 → ok:true, valor somente dígitos [90m(2.6858ms)[39m[39m
  [32m✔ telefone 8 dígitos (fixo) → ok:true, valor correto [90m(1.7883ms)[39m[39m
  [32m✔ telefone com código de país 55 → remove 55, retorna 11 dígitos [90m(1.5237ms)[39m[39m
  [32m✔ telefone sujo com chars extras ($$$) → strip e valida [90m(1.5174ms)[39m[39m
  [32m✔ telefone com poucos dígitos (inválido) → ok:false [90m(1.6711ms)[39m[39m
  [32m✔ telefone vazio → ok:false [90m(1.6068ms)[39m[39m
[32m✔ DataProcessor.validatePhone() [90m(11.0963ms)[39m[39m
▶ DataProcessor.sanitizeInput()
  [32m✔ texto normal → retorna inalterado (trim) [90m(1.8345ms)[39m[39m
  [32m✔ remove null bytes (\0) [90m(1.5655ms)[39m[39m
  [32m✔ remove ponto-e-vírgula ; [90m(1.6244ms)[39m[39m
  [32m✔ remove comentário SQL -- inline [90m(1.6886ms)[39m[39m
  [32m✔ remove bloco de comentário SQL /* */ [90m(2.3613ms)[39m[39m
  [32m✔ remove # e $ e * [90m(1.5395ms)[39m[39m
  [32m✔ não-string (número) → retorna string vazia sem lançar exceção [90m(1.5536ms)[39m[39m
[32m✔ DataProcessor.sanitizeInput() [90m(12.5209ms)[39m[39m
▶ DataProcessor.sanitizeOutput()
  [32m✔ texto limpo → retorna inalterado [90m(1.629ms)[39m[39m
  [32m✔ telefone com chars extras no retorno do banco → retorna somente dígitos-e-letras [90m(1.4918ms)[39m[39m
  [32m✔ CPF com chars extras → remove chars inválidos [90m(2.1839ms)[39m[39m
  [32m✔ endereço com chars suspeitos → remove chars inválidos mantendo texto válido [90m(1.8291ms)[39m[39m
  [32m✔ string vazia → retorna string vazia [90m(1.5598ms)[39m[39m
  [32m✔ não-string → retorna string vazia sem lançar exceção [90m(1.7488ms)[39m[39m
[32m✔ DataProcessor.sanitizeOutput() [90m(10.7909ms)[39m[39m
▶ DataProcessor.normalizeData()
  [32m✔ objeto com cpf normaliza para somente dígitos [90m(1.8622ms)[39m[39m
  [32m✔ objeto com email normaliza para lowercase [90m(2.4478ms)[39m[39m
  [32m✔ objeto com phone normaliza para somente dígitos sem código 55 [90m(1.6103ms)[39m[39m
  [32m✔ objeto com telefone (pt) normaliza corretamente [90m(1.4573ms)[39m[39m
  [32m✔ objeto com address sanitiza a entrada [90m(1.5566ms)[39m[39m
  [32m✔ objeto com endereco (pt) sanitiza a entrada [90m(1.651ms)[39m[39m
  [32m✔ campos desconhecidos são sanitizados mas mantidos no retorno [90m(1.6693ms)[39m[39m
  [32m✔ retorna novo objeto (não muta o original) [90m(1.6103ms)[39m[39m
[32m✔ DataProcessor.normalizeData() [90m(14.258ms)[39m[39m
▶ DataProcessor.processInput()
  [32m✔ objeto totalmente válido → ok:true, errors:{}, data normalizado [90m(2.768ms)[39m[39m
  [32m✔ CPF inválido → ok:false, errors.cpf preenchido [90m(2.0392ms)[39m[39m
  [32m✔ múltiplos campos inválidos → todos os erros coletados (não para no primeiro) [90m(1.6758ms)[39m[39m
  [32m✔ campo email inexistente no objeto → não aparece em errors [90m(1.5659ms)[39m[39m
  [32m✔ campos desconhecidos são sanitizados e mantidos no data [90m(2.6547ms)[39m[39m
  [32m✔ objeto vazio → ok:true (sem campos obrigatórios), data {} [90m(1.761ms)[39m[39m
[32m✔ DataProcessor.processInput() [90m(12.8472ms)[39m[39m
▶ DataProcessor.processOutput()
  [32m✔ dados limpos → data igual ao original, warnings vazio [90m(1.7665ms)[39m[39m
  [32m✔ telefone sujo vindo do banco → limpo no data, warning gerado [90m(1.5218ms)[39m[39m
  [32m✔ CPF sujo vindo do banco → limpo no data, warning gerado [90m(1.5412ms)[39m[39m
  [32m✔ múltiplos campos sujos → múltiplos warnings [90m(2.1026ms)[39m[39m
  [32m✔ não lança exceção mesmo com campos null/undefined [90m(1.9314ms)[39m[39m
  [32m✔ retorna novo objeto (não muta o original) [90m(1.6018ms)[39m[39m
[32m✔ DataProcessor.processOutput() [90m(10.8003ms)[39m[39m
▶ Barbearia — validar()
  [32m✔ setup [90m(3.8949ms)[39m[39m
  [32m✔ rejeita nome vazio [90m(0.7054ms)[39m[39m
  [32m✔ rejeita owner_id ausente [90m(0.3364ms)[39m[39m
  [32m✔ rejeita latitude sem longitude [90m(0.4091ms)[39m[39m
  [32m✔ aceita dados completos e válidos [90m(0.2294ms)[39m[39m
[32m✔ Barbearia — validar() [90m(7.2926ms)[39m[39m
▶ Barbearia — métodos internos
  [32m✔ setup [90m(1.9833ms)[39m[39m
  [32m✔ possuiLocalizacao() retorna true quando lat e lng estão definidos [90m(0.2923ms)[39m[39m
  [32m✔ possuiLocalizacao() retorna false sem coordenadas [90m(0.2146ms)[39m[39m
  [32m✔ isAtiva() reflete is_active do row [90m(0.2795ms)[39m[39m
  [32m✔ toJSON() retorna campos corretos [90m(0.5079ms)[39m[39m
[32m✔ Barbearia — métodos internos [90m(4.7254ms)[39m[39m
▶ Profissional — validar()
  [32m✔ setup [90m(1.9437ms)[39m[39m
  [32m✔ rejeita user_id ausente [90m(0.422ms)[39m[39m
  [32m✔ rejeita nome vazio [90m(0.2366ms)[39m[39m
  [32m✔ rejeita role inválido [90m(0.1991ms)[39m[39m
  [32m✔ aceita dados completos com role válido [90m(0.1633ms)[39m[39m
[32m✔ Profissional — validar() [90m(3.2241ms)[39m[39m
▶ Profissional — métodos internos
  [32m✔ setup [90m(1.73ms)[39m[39m
  [32m✔ isAtivo() reflete is_active do row [90m(0.179ms)[39m[39m
  [32m✔ toJSON() preserva todos os campos [90m(0.1822ms)[39m[39m
[32m✔ Profissional — métodos internos [90m(2.2406ms)[39m[39m
▶ Servico — validar()
  [32m✔ setup [90m(1.7188ms)[39m[39m
  [32m✔ rejeita nome vazio [90m(0.3738ms)[39m[39m
  [32m✔ rejeita preço negativo [90m(0.232ms)[39m[39m
  [32m✔ rejeita duration_min zero ou negativo [90m(0.1643ms)[39m[39m
  [32m✔ aceita dados completos e válidos [90m(0.1331ms)[39m[39m
[32m✔ Servico — validar() [90m(2.8534ms)[39m[39m
▶ Servico — métodos internos
  [32m✔ setup [90m(1.8453ms)[39m[39m
  [32m✔ isAtivo() reflete is_active do row [90m(0.171ms)[39m[39m
  [32m✔ temPreco() retorna true quando price é número [90m(0.1528ms)[39m[39m
  [32m✔ temPreco() retorna false quando price é null ou ausente [90m(0.1108ms)[39m[39m
  [32m✔ fromRow(null) não lança exceção [90m(0.2905ms)[39m[39m
  [32m✔ toJSON() retorna campos corretos [90m(0.2371ms)[39m[39m
[32m✔ Servico — métodos internos [90m(3.0853ms)[39m[39m
▶ EncryptionService
  [32m✔ encrypt → decrypt retorna o arquivo original [90m(3.3729ms)[39m[39m
  [32m✔ chave errada → falha com erro de autenticação [90m(0.9749ms)[39m[39m
  [32m✔ authTag adulterado → falha com erro de autenticação [90m(0.6761ms)[39m[39m
  [32m✔ IV adulterado → falha com erro de autenticação [90m(0.8235ms)[39m[39m
  [32m✔ arquivo grande (100 MB simulado) → encrypt/decrypt funcionam [90m(39.3287ms)[39m[39m
  [32m✔ plaintext não vaza no ciphertext [90m(1.3658ms)[39m[39m
  [32m✔ cada chamada gera chave e IV únicos [90m(0.4883ms)[39m[39m
  [32m✔ encrypt lança TypeError para não-Buffer [90m(0.3571ms)[39m[39m
[32m✔ EncryptionService [90m(49.2825ms)[39m[39m
▶ ChunkService
  [32m✔ split → merge retorna buffer original (múltiplos chunks) [90m(3.275ms)[39m[39m
  [32m✔ dados do chunk adulterados → merge detecta e rejeita [90m(1.7938ms)[39m[39m
  [32m✔ hash do chunk adulterado → merge detecta e rejeita [90m(1.0961ms)[39m[39m
  [32m✔ chunk duplicado (índice repetido) → merge rejeita sequência [90m(0.9791ms)[39m[39m
  [32m✔ chunk faltando (gap de índice) → merge rejeita sequência [90m(1.0769ms)[39m[39m
  [32m✔ buffer vazio → split retorna [] e merge retorna Buffer vazio [90m(0.1658ms)[39m[39m
  [32m✔ buffer menor que um chunk → split retorna exatamente 1 chunk [90m(0.3671ms)[39m[39m
  [32m✔ ChunkService lança RangeError para chunkSizeBytes inválido [90m(0.3365ms)[39m[39m
  [32m✔ split lança TypeError para não-Buffer [90m(0.2043ms)[39m[39m
[32m✔ ChunkService [90m(9.9718ms)[39m[39m
▶ Integração EncryptionService + ChunkService
  [32m✔ encrypt → split → merge → decrypt retorna o original intacto [90m(2.9892ms)[39m[39m
  [32m✔ adulteração em qualquer chunk → decrypt falha (integridade end-to-end) [90m(2.3737ms)[39m[39m
  [32m✔ nenhum chunk contém plaintext legível — anti-leak validation [90m(0.2542ms)[39m[39m
  [32m✔ arquivo grande simulado 100 MB — pipeline completo [90m(230.4383ms)[39m[39m
[32m✔ Integração EncryptionService + ChunkService [90m(236.3638ms)[39m[39m
▶ Cliente — validar()
  [32m✔ nome vazio → ok: false com mensagem de erro [90m(5.8133ms)[39m[39m
  [32m✔ nome válido sem telefone → ok: true [90m(2.2064ms)[39m[39m
  [32m✔ telefone com formato inválido → ok: false [90m(2.1696ms)[39m[39m
  [32m✔ nome válido + telefone válido → ok: true [90m(3.587ms)[39m[39m
[32m✔ Cliente — validar() [90m(15.5876ms)[39m[39m
▶ Cliente — métodos internos
  [32m✔ isAtivo() retorna false quando is_active=false [90m(2.1335ms)[39m[39m
  [32m✔ possuiLocalizacao() retorna true quando cep presente [90m(2.0942ms)[39m[39m
  [32m✔ possuiLocalizacao() retorna false quando cep ausente [90m(1.9256ms)[39m[39m
  [32m✔ nomeCompleto() capitaliza cada palavra e remove espaços extras [90m(2.1308ms)[39m[39m
[32m✔ Cliente — métodos internos [90m(8.751ms)[39m[39m
▶ Agendamento — validar()
  [32m✔ payload válido → ok: true [90m(4.0072ms)[39m[39m
  [32m✔ scheduled_at no passado → erro de data [90m(2.3577ms)[39m[39m
  [32m✔ status inválido → erro de status [90m(2.2046ms)[39m[39m
  [32m✔ client_id ausente (null) → erro de UUID [90m(1.9602ms)[39m[39m
  [32m✔ duration_min fora do intervalo (0) → erro de duração [90m(2.045ms)[39m[39m
[32m✔ Agendamento — validar() [90m(12.96ms)[39m[39m
▶ Agendamento — métodos internos
  [32m✔ isPendente() retorna true para status pending [90m(2.1265ms)[39m[39m
  [32m✔ isCancelado() retorna true para cancelled e no_show [90m(2.464ms)[39m[39m
  [32m✔ isFuturo() retorna false para data passada [90m(1.7802ms)[39m[39m
  [32m✔ isFuturo() retorna true para data futura [90m(1.8647ms)[39m[39m
[32m✔ Agendamento — métodos internos [90m(8.4684ms)[39m[39m
▶ FallbackService.download() — requisitos obrigatórios
  [32m✔ P2P sucesso → retorna Buffer do P2P; cache e R2 nunca chamados [90m(3.007ms)[39m[39m
  [32m✔ P2P falha → cache usado; R2 não chamado [90m(0.7468ms)[39m[39m
  [32m✔ Cache miss → R2 usado [90m(0.5492ms)[39m[39m
  [32m✔ Todos falham → Error{status:502} com detalhes dos sources [90m(1.2655ms)[39m[39m
  [32m✔ fileId não-UUID → Error{status:400} [90m(0.5461ms)[39m[39m
  [32m✔ fileId null → Error{status:400} [90m(0.304ms)[39m[39m
[32m✔ FallbackService.download() — requisitos obrigatórios [90m(8.2448ms)[39m[39m
▶ FallbackService — retry (3× por fonte)
  [32m✔ P2P falha exatamente 3× antes de avançar para cache [90m(0.6146ms)[39m[39m
  [32m✔ P2P falha 2×, sucede na 3ª tentativa → retorna Buffer do P2P; nenhum fallback [90m(0.4679ms)[39m[39m
  [32m✔ Cache falha 3× → R2 chamado após todos os retries do cache [90m(0.4392ms)[39m[39m
  [32m✔ Todos falham → cada fonte tentada exatamente 3× [90m(0.5637ms)[39m[39m
  [32m✔ maxRetries customizado (5) → P2P tentado 5× antes do cache [90m(0.2788ms)[39m[39m
  [32m✔ cache miss não usa retries — avança imediatamente para R2 (1 chamada ao cache) [90m(0.245ms)[39m[39m
[32m✔ FallbackService — retry (3× por fonte) [90m(4.049ms)[39m[39m
▶ FallbackService — ordem de prioridade (P2P > Cache > R2)
  [32m✔ P2P disponível → NUNCA usa cache ou R2 [90m(0.2464ms)[39m[39m
  [32m✔ P2P falha + cache disponível → NUNCA usa R2 [90m(0.2178ms)[39m[39m
  [32m✔ P2P falha + cache miss → R2 é o último recurso [90m(0.2144ms)[39m[39m
  [32m✔ cache miss não pula R2 — R2 ainda é chamado após miss [90m(0.2538ms)[39m[39m
  [32m✔ R2 retorna a ordem correta: P2P → cache → R2 [90m(0.5343ms)[39m[39m
[32m✔ FallbackService — ordem de prioridade (P2P > Cache > R2) [90m(1.7183ms)[39m[39m
▶ MemoryCacheProvider
  [32m✔ get retorna null para chave ausente (nunca lança) [90m(0.256ms)[39m[39m
  [32m✔ set + get retorna o Buffer armazenado [90m(0.1758ms)[39m[39m
  [32m✔ has retorna false para chave ausente [90m(0.1299ms)[39m[39m
  [32m✔ has retorna true após set [90m(0.1386ms)[39m[39m
  [32m✔ delete remove a entrada; get volta a retornar null [90m(0.1663ms)[39m[39m
  [32m✔ size reflete adições e remoções [90m(0.1421ms)[39m[39m
  [32m✔ clear esvazia completamente o cache [90m(0.1376ms)[39m[39m
  [32m✔ set é encadeável (retorna this) [90m(0.1077ms)[39m[39m
  [32m✔ funciona como cacheProvider no FallbackService (integração real) [90m(0.2586ms)[39m[39m
[32m✔ MemoryCacheProvider [90m(1.8375ms)[39m[39m
▶ FallbackService — construtor
  [32m✔ p2pProvider ausente → TypeError [90m(0.3136ms)[39m[39m
  [32m✔ cacheProvider ausente → TypeError [90m(0.1715ms)[39m[39m
  [32m✔ r2Provider ausente → TypeError [90m(0.229ms)[39m[39m
  [32m✔ maxRetries = 0 → RangeError [90m(0.2186ms)[39m[39m
  [32m✔ maxRetries negativo → RangeError [90m(0.1738ms)[39m[39m
  [32m✔ maxRetries não-inteiro → RangeError [90m(0.17ms)[39m[39m
  [32m✔ getter maxRetries retorna valor configurado [90m(0.1301ms)[39m[39m
  [32m✔ getter maxRetries retorna 3 por padrão [90m(0.1229ms)[39m[39m
[32m✔ FallbackService — construtor [90m(1.9202ms)[39m[39m
▶ FilaRepository.getFila()
  [32m✔ busca tabela queue_entries [90m(1.8068ms)[39m[39m
  [32m✔ filtra por barbershop_id [90m(0.442ms)[39m[39m
  [32m✔ retorna array vazio quando data é null [90m(1.1367ms)[39m[39m
[32m✔ FilaRepository.getFila() [90m(4.8844ms)[39m[39m
▶ FilaRepository.entrar()
  [32m✔ insere na tabela queue_entries [90m(0.4554ms)[39m[39m
[32m✔ FilaRepository.entrar() [90m(0.6412ms)[39m[39m
▶ FilaRepository.sair()
  [32m✔ deleta da tabela queue_entries [90m(0.4427ms)[39m[39m
[32m✔ FilaRepository.sair() [90m(0.5934ms)[39m[39m
▶ FilaRepository.atualizarStatus()
  [32m✔ atualiza tabela queue_entries [90m(0.573ms)[39m[39m
[32m✔ FilaRepository.atualizarStatus() [90m(0.9603ms)[39m[39m
▶ FilaService.verFila()
  [32m✔ lança 400 para barbeariaId inválido [90m(1.684ms)[39m[39m
  [32m✔ delega para repo.getFila() [90m(0.2999ms)[39m[39m
[32m✔ FilaService.verFila() [90m(4.1297ms)[39m[39m
▶ FilaService.entrarFila()
  [32m✔ lança 400 para barbeariaId inválido [90m(0.4119ms)[39m[39m
  [32m✔ delega para repo.entrar() com dados válidos [90m(0.3392ms)[39m[39m
[32m✔ FilaService.entrarFila() [90m(0.9336ms)[39m[39m
▶ FilaService.sairFila()
  [32m✔ lança 400 para entradaId inválido [90m(0.3853ms)[39m[39m
  [32m✔ delega para repo.sair() com IDs válidos [90m(0.1977ms)[39m[39m
[32m✔ FilaService.sairFila() [90m(0.7885ms)[39m[39m
▶ FilaService.atualizarStatusEntrada()
  [32m✔ lança 400 para status inválido [90m(0.6069ms)[39m[39m
  [32m✔ status válido delega para repo.atualizarStatus() [90m(0.1784ms)[39m[39m
[32m✔ FilaService.atualizarStatusEntrada() [90m(0.9417ms)[39m[39m
▶ FilaRepository.getEstado()
  [32m✔ served_at é usado quando é o timestamp mais recente (in_service) [90m(0.8591ms)[39m[39m
  [32m✔ done_at é usado quando é o timestamp mais recente (serviço finalizado) [90m(0.235ms)[39m[39m
  [32m✔ retorna null quando não há nenhum timestamp [90m(0.2945ms)[39m[39m
  [32m✔ retorna a fila corretamente [90m(0.5554ms)[39m[39m
[32m✔ FilaRepository.getEstado() [90m(2.3582ms)[39m[39m
▶ FluxoDeFila — API básica
  [32m✔ FluxoDeFila.abrir() retorna Promise [90m(5.6125ms)[39m[39m
  [32m✔ overlay é adicionado ao body [90m(1.9702ms)[39m[39m
  [32m✔ id é aplicado ao overlay quando fornecido [90m(1.7791ms)[39m[39m
  [32m✔ overlay sem id não tem atributo id [90m(1.5327ms)[39m[39m
[32m✔ FluxoDeFila — API básica [90m(12.6337ms)[39m[39m
▶ FluxoDeFila — som
  [32m✔ tocarSom=true chama QueuePoller.tocarSom [90m(2.3685ms)[39m[39m
  [32m✔ tocarSom=false não chama QueuePoller.tocarSom [90m(1.2429ms)[39m[39m
  [32m✔ omitir tocarSom não chama QueuePoller.tocarSom [90m(1.2799ms)[39m[39m
[32m✔ FluxoDeFila — som [90m(5.2079ms)[39m[39m
▶ FluxoDeFila — resolução por botão
  [32m✔ clicar no 1º botão resolve com seu valor [90m(1.867ms)[39m[39m
  [32m✔ clicar no 2º botão resolve com seu valor [90m(1.5342ms)[39m[39m
[32m✔ FluxoDeFila — resolução por botão [90m(3.7489ms)[39m[39m
▶ FluxoDeFila — botão fechar
  [32m✔ fecharBtn=true adiciona botão com classe fdf-fechar [90m(1.626ms)[39m[39m
  [32m✔ fecharBtn=true: clicar no ✕ resolve null [90m(2.1204ms)[39m[39m
  [32m✔ fecharBtn=false: não há botão fdf-fechar [90m(2.3296ms)[39m[39m
[32m✔ FluxoDeFila — botão fechar [90m(6.4926ms)[39m[39m
▶ FluxoDeFila — overlay duplicado
  [32m✔ segunda abertura com mesmo id remove o overlay anterior [90m(2.3584ms)[39m[39m
  [32m✔ segunda abertura com mesmo id resolve a promise anterior com null [90m(1.5924ms)[39m[39m
[32m✔ FluxoDeFila — overlay duplicado [90m(4.1542ms)[39m[39m
▶ FluxoDeFila — icone imagem
  [32m✔ iconeImagem=true cria elemento img dentro do ícone [90m(1.4714ms)[39m[39m
[32m✔ FluxoDeFila — icone imagem [90m(1.5864ms)[39m[39m
▶ FluxoDeFila — instância
  [32m✔ new FluxoDeFila(config).abrir() funciona igual ao static [90m(1.4794ms)[39m[39m
[32m✔ FluxoDeFila — instância [90m(1.5922ms)[39m[39m
▶ GeoService.obter() — cache de posição
  [32m✔ retorna posição do GPS na primeira chamada [90m(3.6624ms)[39m[39m
  [32m✔ segunda chamada usa cache sem chamar GPS novamente [90m(3.7627ms)[39m[39m
  [32m✔ retorna null para lat/lng se navigator.geolocation não existe [90m(2.3149ms)[39m[39m
[32m✔ GeoService.obter() — cache de posição [90m(11.5876ms)[39m[39m
▶ GeoService.verificarPermissao()
  [32m✔ retorna "granted" quando permissão foi concedida [90m(1.8775ms)[39m[39m
  [32m✔ retorna "denied" quando permissão foi negada [90m(1.4537ms)[39m[39m
  [32m✔ retorna "unavailable" quando navigator.geolocation não existe [90m(3.3288ms)[39m[39m
  [32m✔ retorna "prompt" quando navigator.permissions não existe (fallback) [90m(1.5378ms)[39m[39m
[32m✔ GeoService.verificarPermissao() [90m(8.7237ms)[39m[39m
▶ HashService.generateHash()
  [32m✔ retorna string hex de 64 chars para buffer não-vazio [90m(1.9487ms)[39m[39m
  [32m✔ buffer vazio → hash determinístico de 64 chars (SHA-256 do vazio) [90m(0.2214ms)[39m[39m
  [32m✔ mesmo buffer → mesmo hash (determinismo) [90m(0.2568ms)[39m[39m
  [32m✔ buffers diferentes → hashes diferentes [90m(0.2886ms)[39m[39m
  [32m✔ um byte alterado → hash completamente diferente [90m(0.2446ms)[39m[39m
  [32m✔ lança TypeError para string (não Buffer) [90m(0.5861ms)[39m[39m
  [32m✔ lança TypeError para null [90m(0.2295ms)[39m[39m
  [32m✔ lança TypeError para Uint8Array não-Buffer [90m(0.2708ms)[39m[39m
[32m✔ HashService.generateHash() [90m(5.803ms)[39m[39m
▶ HashService.validateHash()
  [32m✔ buffer correto + hash correto → não lança [90m(0.8491ms)[39m[39m
  [32m✔ buffer adulterado → lança Error [90m(0.4227ms)[39m[39m
  [32m✔ hash errado (string diferente) → lança Error [90m(0.4131ms)[39m[39m
  [32m✔ hash totalmente errado (64 zeros) → lança Error [90m(0.2466ms)[39m[39m
  [32m✔ lança TypeError para buffer não-Buffer [90m(0.2659ms)[39m[39m
  [32m✔ lança TypeError para expected não-string [90m(0.2628ms)[39m[39m
[32m✔ HashService.validateHash() [90m(3.0221ms)[39m[39m
▶ HashService.check()
  [32m✔ buffer + hash correto → true [90m(0.4201ms)[39m[39m
  [32m✔ buffer adulterado → false [90m(0.19ms)[39m[39m
  [32m✔ hash errado → false [90m(0.1525ms)[39m[39m
  [32m✔ não-Buffer → false (sem throw) [90m(0.1331ms)[39m[39m
  [32m✔ hash case-insensitive → true (aceita uppercase) [90m(0.1806ms)[39m[39m
[32m✔ HashService.check() [90m(1.3796ms)[39m[39m
▶ HashService integração com ChunkService
  [32m✔ split + merge intacto → reconstrói buffer original [90m(1.625ms)[39m[39m
  [32m✔ chunk adulterado (dado) → merge lança "hash mismatch" [90m(0.3863ms)[39m[39m
  [32m✔ chunk com hash adulterado → merge lança "hash mismatch" [90m(0.2954ms)[39m[39m
  [32m✔ HashService injetado no ChunkService → comportamento idêntico [90m(0.2991ms)[39m[39m
  [32m✔ generateHash do HashService bate com hash armazenado nos chunks [90m(0.2112ms)[39m[39m
[32m✔ HashService integração com ChunkService [90m(3.0465ms)[39m[39m
▶ HeaderScrollBehavior — init
  [32m✔ init() registra apenas tela-inicio (minha-barbearia abre abaixo do header) [90m(4.1309ms)[39m[39m
  [32m✔ init() não lança se #app-header ausente [90m(1.8582ms)[39m[39m
  [32m✔ init() é idempotente [90m(1.3681ms)[39m[39m
[32m✔ HeaderScrollBehavior — init [90m(10.4195ms)[39m[39m
▶ HeaderScrollBehavior — barberflow:tela-entrando
  [32m✔ evento tela-entrando revela o header quando classe header--oculto está presente [90m(1.7177ms)[39m[39m
  [32m✔ evento tela-entrando NÃO executa animação se header já está visível [90m(1.3181ms)[39m[39m
  [32m✔ evento tela-entrando atualiza ultimoScroll para scrollTop atual [90m(1.7797ms)[39m[39m
[32m✔ HeaderScrollBehavior — barberflow:tela-entrando [90m(5.2691ms)[39m[39m
▶ HeaderScrollBehavior — tela-inicio scroll guard
  [32m✔ NÃO oculta header quando outra tela está ativa [90m(3.5713ms)[39m[39m
  [32m✔ NÃO oculta header quando outra tela está entrando-lento [90m(1.5065ms)[39m[39m
  [32m✔ OCULTA header quando nenhuma outra tela está ativa [90m(1.6247ms)[39m[39m
[32m✔ HeaderScrollBehavior — tela-inicio scroll guard [90m(7.1488ms)[39m[39m
▶ ImageProcessor.processAvatar()
  [32m✔ retorna objeto { data: Buffer, format: "webp", bytes: number } [90m(72.1668ms)[39m[39m
  [32m✔ imagem quadrada 400x400 → dimensões de saída ≤ 200×200 [90m(53.8518ms)[39m[39m
  [32m✔ imagem landscape 600×400 → crop 1:1 central + redimensionamento ≤200px [90m(55.5813ms)[39m[39m
  [32m✔ imagem portrait 400×600 → crop 1:1 central + redimensionamento ≤200px [90m(50.7809ms)[39m[39m
  [32m✔ saída ≤ 20KB independente do tamanho da entrada [90m(95.3397ms)[39m[39m
  [32m✔ formato de saída padrão é WebP [90m(39.5225ms)[39m[39m
  [32m✔ EXIF removido — metadados de saída não contêm campos EXIF [90m(45.2023ms)[39m[39m
  [32m✔ input não-Buffer → lança Error{ status: 400 } [90m(1.7236ms)[39m[39m
  [32m✔ input null → lança Error{ status: 400 } [90m(0.4943ms)[39m[39m
[32m✔ ImageProcessor.processAvatar() [90m(417.1538ms)[39m[39m
▶ ImageProcessor.processIcon()
  [32m✔ retorna objeto { data: Buffer, format: "webp", bytes: number } [90m(35.3194ms)[39m[39m
  [32m✔ saída ≤ 200×200 e quadrada [90m(41.2162ms)[39m[39m
  [32m✔ saída ≤ 20KB [90m(79.5557ms)[39m[39m
  [32m✔ EXIF removido da saída [90m(47.6707ms)[39m[39m
  [32m✔ input não-Buffer → lança Error{ status: 400 } [90m(0.529ms)[39m[39m
[32m✔ ImageProcessor.processIcon() [90m(204.9937ms)[39m[39m
▶ ImageProcessor — consistência de pipeline
  [32m✔ mesma imagem processada por avatar e icon produz resultados equivalentes [90m(70.6035ms)[39m[39m
  [32m✔ imagem mínima (1×1) → não lança erro, retorna WebP ≤20KB [90m(19.5496ms)[39m[39m
[32m✔ ImageProcessor — consistência de pipeline [90m(90.6383ms)[39m[39m
▶ InputValidator.textoLivre()
  [32m✔ aceita texto normal dentro do limite [90m(3.3672ms)[39m[39m
  [32m✔ retorna string trimada no valor [90m(2.6521ms)[39m[39m
  [32m✔ rejeita string maior que maxLen [90m(1.6056ms)[39m[39m
  [32m✔ respeita maxLen customizado [90m(1.4571ms)[39m[39m
  [32m✔ remove null-bytes silenciosamente (prevenção de ataques de truncamento) [90m(1.5054ms)[39m[39m
  [32m✔ remove null-byte no meio de string SQL-like [90m(1.5718ms)[39m[39m
  [32m✔ texto vazio é aceito quando não obrigatório [90m(1.3486ms)[39m[39m
  [32m✔ texto vazio é rejeitado quando obrigatório [90m(1.4574ms)[39m[39m
  [32m✔ strings com aspas e hífens (SQL-like) são aceitas — Supabase usa queries parametrizadas [90m(1.4963ms)[39m[39m
  [32m✔ strings com UNION SELECT são aceitas como texto (não executadas como SQL) [90m(1.425ms)[39m[39m
[32m✔ InputValidator.textoLivre() [90m(19.9675ms)[39m[39m
▶ InputValidator.coordenada()
  [32m✔ aceita coordenadas válidas de São Paulo [90m(1.5213ms)[39m[39m
  [32m✔ aceita coordenadas dos polos [90m(1.2604ms)[39m[39m
  [32m✔ rejeita latitude > 90 [90m(1.3474ms)[39m[39m
  [32m✔ rejeita latitude < -90 [90m(1.2927ms)[39m[39m
  [32m✔ rejeita longitude > 180 [90m(1.3886ms)[39m[39m
  [32m✔ rejeita longitude < -180 [90m(2.1678ms)[39m[39m
  [32m✔ rejeita NaN [90m(1.2809ms)[39m[39m
  [32m✔ rejeita Infinity [90m(1.2743ms)[39m[39m
  [32m✔ rejeita string (mesmo que pareça número) [90m(1.4745ms)[39m[39m
  [32m✔ rejeita null/undefined [90m(1.482ms)[39m[39m
[32m✔ InputValidator.coordenada() [90m(15.002ms)[39m[39m
▶ InputValidator.intPositivo()
  [32m✔ aceita inteiro positivo válido [90m(1.5181ms)[39m[39m
  [32m✔ rejeita zero [90m(1.3107ms)[39m[39m
  [32m✔ rejeita negativo [90m(1.56ms)[39m[39m
  [32m✔ rejeita float [90m(1.383ms)[39m[39m
  [32m✔ rejeita maior que max padrão (1000) [90m(1.4145ms)[39m[39m
  [32m✔ respeita max customizado [90m(1.4308ms)[39m[39m
  [32m✔ rejeita string [90m(1.3232ms)[39m[39m
  [32m✔ rejeita NaN [90m(1.5137ms)[39m[39m
[32m✔ InputValidator.intPositivo() [90m(11.8844ms)[39m[39m
▶ InputValidator.enumValido()
  [32m✔ aceita valor presente na lista [90m(1.6629ms)[39m[39m
  [32m✔ rejeita valor fora da lista [90m(2.6386ms)[39m[39m
  [32m✔ é case-sensitive [90m(1.8179ms)[39m[39m
  [32m✔ rejeita string de SQL injection como status [90m(1.7046ms)[39m[39m
  [32m✔ rejeita string vazia [90m(1.5314ms)[39m[39m
  [32m✔ rejeita undefined/null [90m(1.5065ms)[39m[39m
  [32m✔ mensagem de erro inclui o valor rejeitado [90m(1.4627ms)[39m[39m
[32m✔ InputValidator.enumValido() [90m(12.8467ms)[39m[39m
▶ InputValidator.payload()
  [32m✔ retorna apenas campos permitidos [90m(2.312ms)[39m[39m
  [32m✔ descarta campos extras silenciosamente (prevenção de mass assignment) [90m(2.1273ms)[39m[39m
  [32m✔ descarta campo com nome de SQL injection [90m(3.758ms)[39m[39m
  [32m✔ rejeita objeto sem nenhum campo permitido [90m(2.6152ms)[39m[39m
  [32m✔ rejeita array (não é objeto de dados) [90m(2.6387ms)[39m[39m
  [32m✔ rejeita null [90m(2.6091ms)[39m[39m
  [32m✔ rejeita string [90m(2.7126ms)[39m[39m
  [32m✔ preserva campos com valores falsy legítimos (zero, false, null) [90m(3.0624ms)[39m[39m
[32m✔ InputValidator.payload() [90m(22.9535ms)[39m[39m
▶ InputValidator.sanitizar() com inputs maliciosos
  [32m✔ escapa script tag completa [90m(4.3025ms)[39m[39m
  [32m✔ escapa evento inline (onerror) [90m(1.5113ms)[39m[39m
  [32m✔ escapa aspas simples e duplas [90m(1.3432ms)[39m[39m
  [32m✔ retorna string vazia para não-string [90m(1.3203ms)[39m[39m
[32m✔ InputValidator.sanitizar() com inputs maliciosos [90m(8.7681ms)[39m[39m
▶ InputValidator.uuid() com inputs maliciosos
  [32m✔ aceita UUID v4 válido [90m(1.5278ms)[39m[39m
  [32m✔ rejeita SQL injection como ID [90m(1.7869ms)[39m[39m
  [32m✔ rejeita ID numérico simples [90m(2.3661ms)[39m[39m
  [32m✔ rejeita string vazia e null [90m(1.4299ms)[39m[39m
  [32m✔ rejeita UUID com comprimento errado [90m(1.617ms)[39m[39m
[32m✔ InputValidator.uuid() com inputs maliciosos [90m(9.0951ms)[39m[39m
▶ InputValidator.escaparFiltroPostgREST()
  [32m✔ string normal permanece inalterada [90m(2.0419ms)[39m[39m
  [32m✔ remove vírgula (separador de condições OR no PostgREST) [90m(1.9724ms)[39m[39m
  [32m✔ remove parênteses de abertura (agrupamento de filtros no PostgREST) [90m(2.2284ms)[39m[39m
  [32m✔ remove parênteses de fechamento (agrupamento de filtros no PostgREST) [90m(2.0294ms)[39m[39m
  [32m✔ remove aspas duplas (delimitador de valor no PostgREST) [90m(2.1481ms)[39m[39m
  [32m✔ remove combinação de todos os chars especiais [90m(6.2194ms)[39m[39m
  [32m✔ retorna string vazia para null [90m(2.0366ms)[39m[39m
  [32m✔ retorna string vazia para undefined [90m(1.5729ms)[39m[39m
  [32m✔ retorna string vazia para string composta só de espaços [90m(1.5902ms)[39m[39m
  [32m✔ tentativa de injeção de condição OR extra via vírgula [90m(1.2677ms)[39m[39m
  [32m✔ tentativa de agrupamento de condições via parênteses [90m(1.3527ms)[39m[39m
  [32m✔ preserva acentos e caracteres unicode legítimos [90m(1.4283ms)[39m[39m
  [32m✔ preserva hífen, números e letras maiúsculas [90m(1.8769ms)[39m[39m
[32m✔ InputValidator.escaparFiltroPostgREST() [90m(28.802ms)[39m[39m
▶ LgpdRepository.verificarAceite()
  [32m✔ busca tabela legal_consents [90m(1.6909ms)[39m[39m
  [32m✔ retorna null quando não há aceite (data null) [90m(0.4177ms)[39m[39m
[32m✔ LgpdRepository.verificarAceite() [90m(3.5055ms)[39m[39m
▶ LgpdRepository.registrarAceite()
  [32m✔ insere na tabela legal_consents [90m(0.4281ms)[39m[39m
[32m✔ LgpdRepository.registrarAceite() [90m(0.5973ms)[39m[39m
▶ LgpdRepository.solicitarExclusao()
  [32m✔ insere na tabela data_deletion_requests [90m(0.541ms)[39m[39m
[32m✔ LgpdRepository.solicitarExclusao() [90m(0.7268ms)[39m[39m
▶ LgpdRepository.registrarLogAcesso()
  [32m✔ insere na tabela data_access_log [90m(0.4305ms)[39m[39m
[32m✔ LgpdRepository.registrarLogAcesso() [90m(0.6225ms)[39m[39m
▶ LgpdService.verificarConsentimento()
  [32m✔ lança 400 para UUID inválido [90m(1.3159ms)[39m[39m
  [32m✔ retorna false quando não há aceite [90m(0.3965ms)[39m[39m
  [32m✔ retorna true quando há aceite [90m(2.2765ms)[39m[39m
[32m✔ LgpdService.verificarConsentimento() [90m(4.52ms)[39m[39m
▶ LgpdService.registrarConsentimento()
  [32m✔ lança 400 quando version está ausente [90m(2.2729ms)[39m[39m
  [32m✔ delega para repo.registrarAceite() com dados válidos [90m(0.5632ms)[39m[39m
[32m✔ LgpdService.registrarConsentimento() [90m(3.076ms)[39m[39m
▶ LgpdService.solicitarExclusaoDados()
  [32m✔ lança 400 para UUID inválido [90m(0.5332ms)[39m[39m
  [32m✔ lança 400 quando motivo está vazio [90m(0.4447ms)[39m[39m
  [32m✔ delega para repo.solicitarExclusao() com dados válidos [90m(0.2509ms)[39m[39m
[32m✔ LgpdService.solicitarExclusaoDados() [90m(1.4922ms)[39m[39m
▶ LgpdService â€” exportarDados()
  [32m✔ userId vazio â†’ { ok: false } [90m(3.7698ms)[39m[39m
  [32m✔ Supabase ok â†’ retorna perfil + consentimento + exportadoEm [90m(3.6107ms)[39m[39m
  [32m✔ Consentimento inexistente â†’ ok:true, consentimento:null [90m(3.3557ms)[39m[39m
  [32m✔ Erro no Supabase â†’ { ok: false, error } [90m(1.7661ms)[39m[39m
  [32m✔ Chama registrarAcesso com recurso "profiles" e acao "export" [90m(1.8482ms)[39m[39m
[32m✔ LgpdService â€” exportarDados() [90m(16.0992ms)[39m[39m
▶ LgpdService â€” solicitarExclusao()
  [32m✔ userId vazio â†’ { ok: false } [90m(2.3419ms)[39m[39m
  [32m✔ Upsert ok â†’ { ok: true } [90m(2.2812ms)[39m[39m
  [32m✔ Chama upsert com status "pending", motivo correto e onConflict por user_id [90m(1.7613ms)[39m[39m
  [32m✔ Motivo padrÃ£o Ã© "user_request" [90m(1.9701ms)[39m[39m
  [32m✔ Erro no Supabase â†’ { ok: false, error } [90m(3.2786ms)[39m[39m
[32m✔ LgpdService â€” solicitarExclusao() [90m(12.4954ms)[39m[39m
▶ LgpdService â€” exclusaoPendente()
  [32m✔ userId vazio â†’ false [90m(3.3725ms)[39m[39m
  [32m✔ Sem registro no banco â†’ false [90m(2.6512ms)[39m[39m
  [32m✔ status "pending" â†’ true [90m(3.1095ms)[39m[39m
  [32m✔ status "completed" â†’ false [90m(2.5571ms)[39m[39m
  [32m✔ status "cancelled" â†’ false [90m(3.0487ms)[39m[39m
  [32m✔ Erro de rede â†’ false (fail open, nÃ£o derruba o app) [90m(3.1018ms)[39m[39m
[32m✔ LgpdService â€” exclusaoPendente() [90m(18.8855ms)[39m[39m
▶ LgpdService â€” cancelarExclusao()
  [32m✔ userId vazio â†’ { ok: false } [90m(3.1188ms)[39m[39m
  [32m✔ Sucesso â†’ { ok: true } [90m(2.9489ms)[39m[39m
  [32m✔ Chama update({ status: "cancelled" }) filtrado por user_id [90m(1.6128ms)[39m[39m
  [32m✔ Erro no Supabase â†’ { ok: false, error } [90m(2.0285ms)[39m[39m
[32m✔ LgpdService â€” cancelarExclusao() [90m(10.1333ms)[39m[39m
▶ LgpdService â€” registrarConsentimentoCliente()
  [32m✔ userId vazio â†’ { ok: false } [90m(2.413ms)[39m[39m
  [32m✔ Upsert ok â†’ { ok: true } [90m(2.367ms)[39m[39m
  [32m✔ ApÃ³s sucesso, grava flag de consentimento no sessionStorage [90m(2.699ms)[39m[39m
  [32m✔ Chama upsert com plan_type "client" e aceitou_termos=true [90m(2.2287ms)[39m[39m
  [32m✔ Erro no Supabase â†’ { ok: false, error } [90m(2.2704ms)[39m[39m
[32m✔ LgpdService â€” registrarConsentimentoCliente() [90m(12.4777ms)[39m[39m
▶ LgpdService â€” verificarConsentimentoCliente()
  [32m✔ userId vazio â†’ false [90m(2.1238ms)[39m[39m
  [32m✔ Cache sessionStorage ativo â†’ true sem consultar Supabase [90m(2.5708ms)[39m[39m
  [32m✔ aceitou_termos=true â†’ retorna true e salva flag no cache [90m(2.1941ms)[39m[39m
  [32m✔ aceitou_termos=false â†’ retorna false, nÃ£o grava cache [90m(4.0852ms)[39m[39m
  [32m✔ Sem registro â†’ false [90m(1.6718ms)[39m[39m
  [32m✔ Erro de rede â†’ false (fail open) [90m(1.9306ms)[39m[39m
[32m✔ LgpdService â€” verificarConsentimentoCliente() [90m(15.3406ms)[39m[39m
▶ LgpdService â€” registrarAcesso()
  [32m✔ ParÃ¢metros invÃ¡lidos â†’ insert nÃ£o Ã© chamado [90m(2.2892ms)[39m[39m
  [32m✔ ParÃ¢metros vÃ¡lidos â†’ insert chamado com user_id, recurso e acao [90m(1.8681ms)[39m[39m
  [32m✔ Erro no insert Ã© silenciado â€” nÃ£o lanÃ§a exceÃ§Ã£o [90m(2.0095ms)[39m[39m
  [32m✔ Ã‰ fire-and-forget â€” mÃ©todo retorna void imediatamente [90m(1.9216ms)[39m[39m
[32m✔ LgpdService â€” registrarAcesso() [90m(8.4844ms)[39m[39m
▶ MediaCacheService.suportado()
  [32m✔ retorna true quando indexedDB está disponível no sandbox [90m(6.0808ms)[39m[39m
  [32m✔ retorna false quando indexedDB não está disponível [90m(2.4259ms)[39m[39m
[32m✔ MediaCacheService.suportado() [90m(10.7996ms)[39m[39m
▶ MediaCacheService.salvar() + obter()
  [32m✔ salva e recupera um buffer [90m(52.1848ms)[39m[39m
  [32m✔ retorna null para mediaId inexistente [90m(31.2045ms)[39m[39m
  [32m✔ retorna null se não passar buffer ArrayBuffer [90m(44.9072ms)[39m[39m
[32m✔ MediaCacheService.salvar() + obter() [90m(129.229ms)[39m[39m
▶ MediaCacheService — TTL
  [32m✔ entrada expirada retorna null em obter() [90m(62.7976ms)[39m[39m
  [32m✔ temCache retorna false para entrada expirada (síncrono) [90m(46.3283ms)[39m[39m
  [32m✔ temCache retorna true para entrada válida [90m(45.7221ms)[39m[39m
[32m✔ MediaCacheService — TTL [90m(155.5991ms)[39m[39m
▶ MediaCacheService.limpar()
  [32m✔ remove entradas expiradas e retorna contagem [90m(138.1254ms)[39m[39m
[32m✔ MediaCacheService.limpar() [90m(138.6519ms)[39m[39m
▶ uploadMedia()
  [32m✔ retorna id, path e tamanhoBytes após upload bem-sucedido [90m(8.442ms)[39m[39m
  [32m✔ P2P upload bem-sucedido → peersUsed contém a URL do peer [90m(1.587ms)[39m[39m
  [32m✔ P2P upload falha → peersUsed vazio; upload via R2 bem-sucedido [90m(1.1759ms)[39m[39m
  [32m✔ arquivo acima do limite de tamanho → erro 413 [90m(2.4086ms)[39m[39m
  [32m✔ MIME inválido para contexto avatars → erro 415 [90m(0.5759ms)[39m[39m
  [32m✔ buffer não é um Buffer → erro 400 [90m(0.4904ms)[39m[39m
  [32m✔ ownerId inválido (não é UUID) → erro 400 [90m(0.5659ms)[39m[39m
[32m✔ uploadMedia() [90m(18.1015ms)[39m[39m
▶ downloadMedia()
  [32m✔ ciclo completo: upload → download retorna plaintext original [90m(3.41ms)[39m[39m
  [32m✔ arquivo não encontrado → erro 404 [90m(0.7227ms)[39m[39m
  [32m✔ acesso negado: userId diferente do owner_id → erro 403 [90m(1.6299ms)[39m[39m
  [32m✔ peer offline → FallbackService usa R2 → retorna plaintext correto [90m(1.4482ms)[39m[39m
  [32m✔ ciphertext corrompido → erro 422 [90m(0.802ms)[39m[39m
  [32m✔ erro no Supabase ao buscar metadados → erro 500 [90m(0.4078ms)[39m[39m
  [32m✔ segundo download lido do cache (R2 indisponível) [90m(1.0238ms)[39m[39m
[32m✔ downloadMedia() [90m(10.272ms)[39m[39m
▶ Segurança
  [32m✔ acesso cruzado: user B tenta baixar arquivo de user A → 403 [90m(0.6901ms)[39m[39m
  [32m✔ metadados de criptografia ausentes no banco → erro 500 [90m(0.8379ms)[39m[39m
  [32m✔ fileId inválido (não UUID) → erro 400 [90m(0.3522ms)[39m[39m
  [32m✔ userId inválido (não UUID) → erro 400 [90m(0.3561ms)[39m[39m
[32m✔ Segurança [90m(2.6097ms)[39m[39m
▶ Roteamento Supabase Storage vs R2
  [32m✔ gerarUrlPresigned("avatars") → uploadUrl aponta para Supabase [90m(1.8075ms)[39m[39m
  [32m✔ gerarUrlPresigned("stories") → uploadUrl aponta para R2 [90m(0.7026ms)[39m[39m
  [32m✔ gerarUrlPresigned("avatars") sem supabaseStorage injetado → erro 500 [90m(0.6263ms)[39m[39m
  [32m✔ confirmarUpload("avatars") consulta supabaseStorage, NÃO consulta R2 [90m(1.049ms)[39m[39m
  [32m✔ confirmarUpload("stories") consulta R2, NÃO consulta supabaseStorage [90m(0.8544ms)[39m[39m
  [32m✔ deletar() imagem → remove de supabaseStorage, NÃO do R2 [90m(0.9861ms)[39m[39m
  [32m✔ deletar() vídeo → remove do R2, NÃO do supabaseStorage [90m(0.4843ms)[39m[39m
[32m✔ Roteamento Supabase Storage vs R2 [90m(7.0528ms)[39m[39m
▶ ValidationMiddleware.corpo() — email
  [32m✔ campo email obrigatório ausente → 400 [90m(2.4693ms)[39m[39m
  [32m✔ campo email com formato inválido → 400 [90m(0.5917ms)[39m[39m
  [32m✔ campo email válido → next() [90m(0.4736ms)[39m[39m
  [32m✔ campo email opcional ausente → next() sem erro [90m(0.34ms)[39m[39m
[32m✔ ValidationMiddleware.corpo() — email [90m(6.1553ms)[39m[39m
▶ ValidationMiddleware.params() — uuid
  [32m✔ uuid inválido → 400 [90m(0.6073ms)[39m[39m
  [32m✔ uuid válido → next() [90m(0.5083ms)[39m[39m
[32m✔ ValidationMiddleware.params() — uuid [90m(1.4819ms)[39m[39m
▶ ValidationMiddleware.query() — numero
  [32m✔ número abaixo do min → 400 [90m(2.088ms)[39m[39m
  [32m✔ número acima do max → 400 [90m(0.2794ms)[39m[39m
  [32m✔ número no intervalo → next() [90m(0.2813ms)[39m[39m
  [32m✔ número não obrigatório ausente → next() [90m(0.3523ms)[39m[39m
  [32m✔ valor não numérico → 400 [90m(0.212ms)[39m[39m
[32m✔ ValidationMiddleware.query() — numero [90m(3.8492ms)[39m[39m
▶ ValidationMiddleware.corpo() — enum
  [32m✔ valor fora das opcoes → 400 [90m(0.2322ms)[39m[39m
  [32m✔ valor dentro das opcoes → next() [90m(0.1416ms)[39m[39m
[32m✔ ValidationMiddleware.corpo() — enum [90m(0.4958ms)[39m[39m
▶ ValidationMiddleware.corpo() — booleano
  [32m✔ string inválida → 400 [90m(0.2776ms)[39m[39m
  [32m✔ valor "true" (string) → next() [90m(0.1725ms)[39m[39m
  [32m✔ valor boolean true (nativo) → next() [90m(0.156ms)[39m[39m
[32m✔ ValidationMiddleware.corpo() — booleano [90m(0.778ms)[39m[39m
▶ ValidationMiddleware.corpo() — texto (sanitização)
  [32m✔ texto com espaços → trimado e escrito de volta no body [90m(0.3951ms)[39m[39m
  [32m✔ texto com null bytes → removidos e escritos de volta [90m(0.1623ms)[39m[39m
  [32m✔ texto acima do maxLen → 400 [90m(0.1556ms)[39m[39m
[32m✔ ValidationMiddleware.corpo() — texto (sanitização) [90m(0.8677ms)[39m[39m
▶ ValidationMiddleware — múltiplos campos
  [32m✔ múltiplos campos inválidos → erro menciona o campo [90m(0.3859ms)[39m[39m
  [32m✔ tipo desconhecido → 400 com mensagem sobre o tipo [90m(0.2629ms)[39m[39m
[32m✔ ValidationMiddleware — múltiplos campos [90m(0.8129ms)[39m[39m
▶ RoleMiddleware.exigir() — autenticação
  [32m✔ sem req.user → 401 [90m(0.4772ms)[39m[39m
  [32m✔ req.user sem id → 401 [90m(0.2213ms)[39m[39m
[32m✔ RoleMiddleware.exigir() — autenticação [90m(0.9305ms)[39m[39m
▶ RoleMiddleware.exigir() — role já cacheada
  [32m✔ role="client" para rota que exige "admin" → 403 [90m(0.4613ms)[39m[39m
  [32m✔ role="admin" para rota que exige "admin" → next() [90m(0.2628ms)[39m[39m
  [32m✔ exigir múltiplos roles → aceita qualquer um (role="owner") [90m(0.2621ms)[39m[39m
  [32m✔ role já cacheada → banco NÃO é consultado [90m(0.5407ms)[39m[39m
[32m✔ RoleMiddleware.exigir() — role já cacheada [90m(1.8561ms)[39m[39m
▶ RoleMiddleware.exigir() — role buscada no banco
  [32m✔ role ausente no req.user → busca no banco, passa [90m(0.5486ms)[39m[39m
  [32m✔ role ausente → busca no banco → role insuficiente → 403 [90m(0.2771ms)[39m[39m
  [32m✔ falha no banco → 503 (fail-safe) [90m(0.3453ms)[39m[39m
[32m✔ RoleMiddleware.exigir() — role buscada no banco [90m(1.5144ms)[39m[39m
▶ RoleMiddleware — shorthands
  [32m✔ .profissional aceita barber/owner/manager [90m(0.4521ms)[39m[39m
  [32m✔ .profissional bloqueia "client" → 403 [90m(0.2736ms)[39m[39m
[32m✔ RoleMiddleware — shorthands [90m(0.898ms)[39m[39m
[32m✔ minha-barbearia herda topo abaixo da header global via .tela [90m(2.9054ms)[39m[39m
[32m✔ header global tem z-index acima de qualquer tela [90m(1.4484ms)[39m[39m
[32m✔ nenhum CSS conflitante em #tela-minha-barbearia [90m(1.9131ms)[39m[39m
[32m✔ HeaderScrollBehavior usa snap instantâneo ao navegar (sem concorrência com WAAPI da tela) [90m(0.7195ms)[39m[39m
[32m✔ MinhaBarbeariaPage não interfere nas animações da header [90m(1.4797ms)[39m[39m
▶ MinhaBarbeariaPage — bind()
  [32m✔ bind() sem telaEl (null) não lança erro [90m(9.3944ms)[39m[39m
  [31m✖ bind() chama getElementById para tela, config-panel e gps-panel [90m(5.0012ms)[39m[39m
  [32m✔ bind() sem telaEl não registra event listeners nos botões [90m(3.9222ms)[39m[39m
  [31m✖ ao ativar tela-minha-barbearia, NÃO manipula o header diretamente [90m(2.9943ms)[39m[39m
[31m✖ MinhaBarbeariaPage — bind() [90m(23.4478ms)[39m[39m
▶ MinhaBarbeariaPage — sub-painéis (config)
  [31m✖ clicar mb-mais-btn → config panel recebe classe mb-sub-ativa [90m(3.9171ms)[39m[39m
  [31m✖ clicar mb-mais-btn → config panel aria-hidden = "false" [90m(3.2432ms)[39m[39m
  [31m✖ clicar mb-mais-btn → gps panel NÃO recebe mb-sub-ativa [90m(4.239ms)[39m[39m
  [31m✖ clicar mb-config-fechar → config panel perde mb-sub-ativa [90m(5.9906ms)[39m[39m
  [31m✖ clicar mb-config-fechar → config panel aria-hidden = "true" [90m(4.0555ms)[39m[39m
  [31m✖ fecharSub sem painel ativo → não lança erro [90m(4.5069ms)[39m[39m
[31m✖ MinhaBarbeariaPage — sub-painéis (config) [90m(27.0231ms)[39m[39m
▶ MinhaBarbeariaPage — sub-painéis (gps)
  [31m✖ clicar mb-gps-btn → gps panel recebe classe mb-sub-ativa [90m(4.0895ms)[39m[39m
  [31m✖ clicar mb-gps-btn → gps panel aria-hidden = "false" [90m(4.2615ms)[39m[39m
  [31m✖ clicar mb-gps-btn → config panel NÃO recebe mb-sub-ativa [90m(4.0866ms)[39m[39m
  [31m✖ clicar mb-gps-fechar → gps panel perde mb-sub-ativa [90m(4.554ms)[39m[39m
  [31m✖ clicar mb-gps-fechar → gps panel aria-hidden = "true" [90m(2.407ms)[39m[39m
  [31m✖ abrir gps e depois fechar config → gps panel permanece sem mb-sub-ativa [90m(2.2242ms)[39m[39m
[31m✖ MinhaBarbeariaPage — sub-painéis (gps) [90m(22.2264ms)[39m[39m
▶ MinhaBarbeariaPage — alternância entre painéis
  [31m✖ abrir config → fechar → abrir gps: apenas gps fica ativo [90m(2.7729ms)[39m[39m
  [31m✖ abrir gps → fechar → abrir config: apenas config fica ativo [90m(3.4836ms)[39m[39m
  [31m✖ abrir e fechar config 3 vezes consecutivas: estado final correto [90m(2.466ms)[39m[39m
[31m✖ MinhaBarbeariaPage — alternância entre painéis [90m(9.0365ms)[39m[39m
▶ MinhaBarbeariaPage — #formatarNumero (via KPIs)
  [31m✖ 0 → exibe "0" [90m(2.4577ms)[39m[39m
[31m✖ MinhaBarbeariaPage — #formatarNumero (via KPIs) [90m(2.6176ms)[39m[39m
▶ NavigationManager.beforeNavigate()
  [32m✔ contexto igual: não chama setCurrentContext nem inicia preload [90m(6.6663ms)[39m[39m
  [32m✔ novo contexto: chama setCurrentContext e inicia preload [90m(5.083ms)[39m[39m
  [32m✔ idempotente: segundo call com mesmo id não dispara novo preload [90m(2.5002ms)[39m[39m
[32m✔ NavigationManager.beforeNavigate() [90m(16.454ms)[39m[39m
▶ NavigationManager.preloadResources()
  [32m✔ retorna mesma Promise quando preload já está em andamento [90m(4.9152ms)[39m[39m
  [32m✔ dados já em cache: resolve sem chamar BarbershopRepository [90m(2.8419ms)[39m[39m
  [32m✔ ao finalizar, popula CacheManager com as 3 chaves corretas [90m(2.7584ms)[39m[39m
  [32m✔ shop null: cache não é populado, preload resolve normalmente [90m(3.3555ms)[39m[39m
  [32m✔ falha de rede: preloadResources resolve (não rejeita) [90m(3.7417ms)[39m[39m
  [32m✔ preloads concorrentes para contextos diferentes: ambos resolvem com dados corretos [90m(3.3262ms)[39m[39m
[32m✔ NavigationManager.preloadResources() [90m(21.9515ms)[39m[39m
▶ NavigationManager.awaitPreload()
  [32m✔ contextId sem preload em andamento: resolve imediatamente sem erro [90m(2.6566ms)[39m[39m
  [32m✔ resolve após o preload concluir [90m(2.8701ms)[39m[39m
[32m✔ NavigationManager.awaitPreload() [90m(5.8985ms)[39m[39m
▶ NavigationManager.navigate()
  [32m✔ chama navFn exatamente uma vez [90m(2.6864ms)[39m[39m
  [32m✔ navFn não-função: não lança erro [90m(2.6717ms)[39m[39m
[32m✔ NavigationManager.navigate() [90m(5.6559ms)[39m[39m
▶ PeerHealthService.isAvailable()
  [32m✔ peer online (probe resolve) → true [90m(1.4534ms)[39m[39m
  [32m✔ peer offline (probe lanca) → false [90m(0.3408ms)[39m[39m
  [32m✔ peer lento (probe demora > timeout) → false [90m(104.4699ms)[39m[39m
[32m✔ PeerHealthService.isAvailable() [90m(108.1991ms)[39m[39m
▶ PeerHealthService.getBestPeer()
  [32m✔ unico peer rapido → retorna esse peer [90m(14.0085ms)[39m[39m
  [32m✔ peer offline → ignorado; retorna o disponivel [90m(15.3816ms)[39m[39m
  [32m✔ peer lento (latencia >= slowThreshold) → ignorado [90m(263.611ms)[39m[39m
  [32m✔ dois peers rapidos → retorna o de menor latencia [90m(63.9389ms)[39m[39m
  [32m✔ todos offline → Error{status:503} [90m(1.4709ms)[39m[39m
  [32m✔ todos lentos (>= slowThreshold) → Error{status:503} [90m(309.2182ms)[39m[39m
  [32m✔ mix offline + lento + rapido → retorna o rapido [90m(310.1735ms)[39m[39m
  [32m✔ multiplos rapidos em latencias distintas → menor latencia vence [90m(155.3025ms)[39m[39m
[32m✔ PeerHealthService.getBestPeer() [90m(1134.6231ms)[39m[39m
▶ PeerHealthService — validacao
  [32m✔ isAvailable: peerId nao-string → TypeError [90m(0.7981ms)[39m[39m
  [32m✔ isAvailable: peerId vazio → TypeError [90m(0.3959ms)[39m[39m
  [32m✔ getBestPeer: array vazio → TypeError [90m(0.4004ms)[39m[39m
  [32m✔ getBestPeer: nao-array → TypeError [90m(0.4615ms)[39m[39m
  [32m✔ getBestPeer: peer vazio na lista → TypeError [90m(0.4196ms)[39m[39m
  [32m✔ timeout <= 0 → RangeError no construtor [90m(0.5455ms)[39m[39m
  [32m✔ slowThreshold <= 0 → RangeError no construtor [90m(0.4284ms)[39m[39m
[32m✔ PeerHealthService — validacao [90m(4.1749ms)[39m[39m
▶ PeerHealthService — getters
  [32m✔ timeout getter retorna valor configurado [90m(0.3142ms)[39m[39m
  [32m✔ slowThreshold getter retorna valor configurado [90m(0.2577ms)[39m[39m
[32m✔ PeerHealthService — getters [90m(0.8168ms)[39m[39m
▶ LoggerService
  [32m✔ importa sem lançar exceção [90m(73.814ms)[39m[39m
  [32m✔ possui os métodos de log esperados [90m(0.2945ms)[39m[39m
[32m✔ LoggerService [90m(76.1828ms)[39m[39m
▶ RateLimitMiddleware
  [31m✖ exporta limiterGeral, limiterAuth e limiterEscrita [90m(29.1821ms)[39m[39m
[31m✖ RateLimitMiddleware [90m(29.5189ms)[39m[39m
▶ RequestTimeoutMiddleware
  [31m✖ exporta uma função de 3 argumentos (req, res, next) [90m(1.9959ms)[39m[39m
  [31m✖ chama next() e define timer que pode ser cancelado [90m(0.4163ms)[39m[39m
  [31m✖ responde 503 quando timeout expira [90m(0.8138ms)[39m[39m
[31m✖ RequestTimeoutMiddleware [90m(3.7387ms)[39m[39m
▶ criarApp()
  [31m✖ importa e monta app sem exceção com env vars mockadas [90m(984.6729ms)[39m[39m
[31m✖ criarApp() [90m(985.1212ms)[39m[39m
▶ ProfessionalService.carregarInteracoes()
  [32m✔ retorna Sets de favs e likes após carregamento [90m(6.6503ms)[39m[39m
  [32m✔ segunda chamada usa cache (não aciona ProfileRepository de novo) [90m(1.6731ms)[39m[39m
  [32m✔ force=true recarrega do ProfileRepository [90m(1.9132ms)[39m[39m
  [32m✔ retorna Sets vazios quando usuário não está logado [90m(1.8226ms)[39m[39m
[32m✔ ProfessionalService.carregarInteracoes() [90m(15.2004ms)[39m[39m
▶ ProfessionalService.isFavorito() e isCurtido()
  [32m✔ isFavorito() retorna true para ID no cache [90m(1.8984ms)[39m[39m
  [32m✔ isFavorito() retorna false para ID ausente [90m(1.4535ms)[39m[39m
  [32m✔ isCurtido() retorna true para ID no cache [90m(1.5204ms)[39m[39m
  [32m✔ isFavorito(null) retorna false sem lançar [90m(1.7124ms)[39m[39m
[32m✔ ProfessionalService.isFavorito() e isCurtido() [90m(7.0821ms)[39m[39m
▶ ProfessionalService.estrelasPorCurtidas()
  [32m✔ 0 curtidas → 0 [90m(1.6083ms)[39m[39m
  [32m✔ 1 curtida → 3.3 (prior Bayesiano) [90m(1.3854ms)[39m[39m
  [32m✔ 5 curtidas → 4.0 [90m(1.2793ms)[39m[39m
  [32m✔ 15 curtidas → 4.5 [90m(1.2508ms)[39m[39m
  [32m✔ 40 curtidas → 4.8 [90m(1.2641ms)[39m[39m
  [32m✔ 100 curtidas → 4.9 [90m(1.2517ms)[39m[39m
[32m✔ ProfessionalService.estrelasPorCurtidas() [90m(8.4414ms)[39m[39m
▶ ProfissionalRepository.getById()
  [32m✔ busca professionals pela tabela correta [90m(2.4137ms)[39m[39m
  [32m✔ lança TypeError para UUID inválido [90m(1.9326ms)[39m[39m
  [32m✔ retorna null quando not found [90m(0.7044ms)[39m[39m
[32m✔ ProfissionalRepository.getById() [90m(7.5002ms)[39m[39m
▶ ProfissionalRepository.getByBarbershop()
  [32m✔ busca professionals filtrando por barbershop_id [90m(0.9374ms)[39m[39m
  [32m✔ retorna array vazio quando data é null [90m(1.7408ms)[39m[39m
[32m✔ ProfissionalRepository.getByBarbershop() [90m(3.1922ms)[39m[39m
▶ ProfissionalRepository.getCadeiras()
  [32m✔ busca tabela chairs [90m(0.6927ms)[39m[39m
[32m✔ ProfissionalRepository.getCadeiras() [90m(1.0166ms)[39m[39m
▶ ProfissionalRepository.getPortfolio()
  [32m✔ busca tabela portfolio_images [90m(2.4177ms)[39m[39m
[32m✔ ProfissionalRepository.getPortfolio() [90m(2.7879ms)[39m[39m
▶ ProfissionalService.buscarProfissional()
  [32m✔ retorna entidade quando profissional existe [90m(0.9958ms)[39m[39m
  [32m✔ lança 404 quando profissional não existe [90m(0.637ms)[39m[39m
  [32m✔ lança 400 para UUID inválido [90m(0.7935ms)[39m[39m
[32m✔ ProfissionalService.buscarProfissional() [90m(2.8669ms)[39m[39m
▶ ProfissionalService.listarCadeiras()
  [32m✔ delega para repo.getCadeiras() [90m(0.5341ms)[39m[39m
[32m✔ ProfissionalService.listarCadeiras() [90m(0.7696ms)[39m[39m
▶ ProfissionalService.adicionarPortfolioImagem()
  [32m✔ lança 400 para image_url ausente [90m(0.6086ms)[39m[39m
  [32m✔ delega para repo.addPortfolioImage() com dados válidos [90m(0.4665ms)[39m[39m
[32m✔ ProfissionalService.adicionarPortfolioImagem() [90m(1.3497ms)[39m[39m
▶ ProfissionalStartupSplash
  [32m✔ exibe o overlay na primeira chamada [90m(1.6847ms)[39m[39m
  [32m✔ nao exibe na segunda chamada na mesma sessao [90m(0.3408ms)[39m[39m
  [32m✔ exibe novamente apos limparSessao() [90m(0.6318ms)[39m[39m
  [32m✔ persiste a chave de sessao no sessionStorage [90m(0.4045ms)[39m[39m
  [32m✔ limparSessao remove a chave do sessionStorage [90m(0.575ms)[39m[39m
[32m✔ ProfissionalStartupSplash [90m(7.712ms)[39m[39m
▶ PWAInstallBanner (shared)
  [32m✔ não injeta banner se app está em standalone (matchMedia) [90m(1.4507ms)[39m[39m
  [32m✔ não injeta banner se navigator.standalone = true (iOS) [90m(1.9479ms)[39m[39m
  [31m✖ injeta banner no body ao init quando não instalado [90m(1.7712ms)[39m[39m
  [31m✖ não duplica banner em chamadas consecutivas ao init [90m(0.8184ms)[39m[39m
  [31m✖ registra listener beforeinstallprompt ao init [90m(0.6297ms)[39m[39m
  [31m✖ registra listener appinstalled ao init [90m(0.5182ms)[39m[39m
[31m✖ PWAInstallBanner (shared) [90m(11.1905ms)[39m[39m
▶ QueueConfirmService — iniciar("client")
  [32m✔ cria canal Realtime em queue_entries para o userId [90m(6.8808ms)[39m[39m
  [32m✔ registra callback para postgres_changes UPDATE em queue_entries [90m(1.4971ms)[39m[39m
[32m✔ QueueConfirmService — iniciar("client") [90m(10.3126ms)[39m[39m
▶ QueueConfirmService — delegação ao CadeiraConfirmacaoService
  [32m✔ delega a iniciarFluxo quando status muda para in_service [90m(9.9101ms)[39m[39m
  [32m✔ usa full_name do client como nomeCliente [90m(2.9354ms)[39m[39m
  [32m✔ ignora status waiting — não delega [90m(2.2455ms)[39m[39m
  [32m✔ ignora status done — não delega [90m(1.9135ms)[39m[39m
  [32m✔ não processa a mesma entrada duas vezes [90m(2.3767ms)[39m[39m
[32m✔ QueueConfirmService — delegação ao CadeiraConfirmacaoService [90m(20.021ms)[39m[39m
▶ QueueConfirmService — clienteNaoSentado() é no-op
  [32m✔ não insere diretamente na tabela notifications [90m(1.5348ms)[39m[39m
  [32m✔ não lança exceção ao ser chamado [90m(2.0389ms)[39m[39m
[32m✔ QueueConfirmService — clienteNaoSentado() é no-op [90m(3.9923ms)[39m[39m
▶ QueueConfirmService — parar()
  [32m✔ remove o canal Realtime ao parar [90m(1.7798ms)[39m[39m
[32m✔ QueueConfirmService — parar() [90m(1.9652ms)[39m[39m
▶ QueuePoller.#detectarMudanca — rank dinâmico
  [32m✔ rank calculado pelo índice na array, não pela coluna position [90m(1.8519ms)[39m[39m
  [32m✔ detecta avanço quando rank cai mesmo com positions inalteradas [90m(0.6172ms)[39m[39m
  [32m✔ não detecta avanço se rank não mudou [90m(0.5231ms)[39m[39m
  [32m✔ detecta status in_service como "é a sua vez" [90m(0.3428ms)[39m[39m
  [32m✔ usa client_id ou user_id como fallback [90m(1.5294ms)[39m[39m
[32m✔ QueuePoller.#detectarMudanca — rank dinâmico [90m(7.5189ms)[39m[39m
▶ QueueRepository — SELECT_LIST inclui updated_at
  [32m✔ #SELECT_LIST contém updated_at para resolveAvatarUrl [90m(1.0622ms)[39m[39m
[32m✔ QueueRepository — SELECT_LIST inclui updated_at [90m(1.3432ms)[39m[39m
▶ QueueRepository.getByBarbershop()
  [32m✔ chama ApiService.from("queue_entries") [90m(4.917ms)[39m[39m
  [32m✔ filtra pelo barbershop_id correto [90m(2.5925ms)[39m[39m
  [32m✔ retorna array vazio quando data é null [90m(2.1264ms)[39m[39m
[32m✔ QueueRepository.getByBarbershop() [90m(11.3797ms)[39m[39m
▶ QueueRepository.updateStatus()
  [32m✔ rejeita UUID inválido com TypeError [90m(5.3736ms)[39m[39m
  [32m✔ rejeita status fora da allowlist [90m(3.37ms)[39m[39m
  [32m✔ aceita status "waiting" sem campos extras [90m(3.383ms)[39m[39m
  [32m✔ adiciona served_at ao patch quando status é "in_service" [90m(3.2686ms)[39m[39m
  [32m✔ adiciona done_at ao patch quando status é "done" [90m(2.0348ms)[39m[39m
[32m✔ QueueRepository.updateStatus() [90m(18.1593ms)[39m[39m
▶ ReplicationService.registerDownload()
  [32m✔ fileId não-UUID → lança Error com status 400 [90m(4.3899ms)[39m[39m
  [32m✔ fileId null → lança Error com status 400 [90m(1.4064ms)[39m[39m
  [32m✔ insert bem-sucedido → resolve sem lançar [90m(2.9532ms)[39m[39m
  [32m✔ insert bem-sucedido → chama from() com nome correto da tabela [90m(0.2961ms)[39m[39m
  [32m✔ insert bem-sucedido → chama insert() com file_id correto [90m(0.3762ms)[39m[39m
  [32m✔ DB retorna erro → lança Error com status 500 [90m(0.4833ms)[39m[39m
[32m✔ ReplicationService.registerDownload() [90m(12.6741ms)[39m[39m
▶ ReplicationService.decideStrategy()
  [32m✔ fileId não-UUID → lança Error com status 400 [90m(0.8354ms)[39m[39m
  [32m✔ count = 0 → R2 (zero demanda, sem custo de P2P) [90m(0.4589ms)[39m[39m
  [32m✔ count = 9 (< LOW) → R2 (baixa demanda) [90m(0.3095ms)[39m[39m
  [32m✔ count = 10 (= LOW, fronteira inclusiva) → P2P [90m(0.38ms)[39m[39m
  [32m✔ count = 30 (meio do range) → P2P [90m(1.2314ms)[39m[39m
  [32m✔ count = 49 (= HIGH-1, justo abaixo) → P2P [90m(0.1987ms)[39m[39m
  [32m✔ count = 50 (= HIGH, fronteira inclusiva) → BOTH [90m(0.2253ms)[39m[39m
  [32m✔ count = 200 (alta demanda) → BOTH [90m(0.1992ms)[39m[39m
  [32m✔ DB retorna erro → lança Error com status 500 [90m(0.3281ms)[39m[39m
  [32m✔ count null (retorno inesperado do DB) → trata como 0 → R2 [90m(0.1874ms)[39m[39m
  [32m✔ decideStrategy passa janela de tempo correta ao query [90m(0.2256ms)[39m[39m
[32m✔ ReplicationService.decideStrategy() [90m(5.3838ms)[39m[39m
▶ ReplicationService — escalabilidade e thresholds
  [32m✔ LOW_THRESHOLD > 0 — sem limite negativo ou zero [90m(0.2009ms)[39m[39m
  [32m✔ HIGH_THRESHOLD > LOW_THRESHOLD — hierarquia lógica de estratégias [90m(0.1087ms)[39m[39m
  [32m✔ WINDOW_DAYS > 0 — janela de tempo sempre positiva [90m(0.0986ms)[39m[39m
  [32m✔ zona P2P real: HIGH - LOW >= 1 — evita salto direto R2 → BOTH [90m(0.0989ms)[39m[39m
  [32m✔ arquivo zero downloads → R2 (sem custo de P2P desnecessário) [90m(0.1584ms)[39m[39m
  [32m✔ arquivo muito popular (10× HIGH) → BOTH — máxima disponibilidade [90m(0.1499ms)[39m[39m
  [32m✔ fronteiras são determinísticas — mesma contagem sempre retorna mesmo resultado [90m(0.361ms)[39m[39m
  [32m✔ múltiplos registerDownload independentes — sem estado compartilhado entre chamadas [90m(0.4037ms)[39m[39m
  [32m✔ thresholds estáticos são acessíveis sem instância — util para docs e integração [90m(0.2006ms)[39m[39m
[32m✔ ReplicationService — escalabilidade e thresholds [90m(2.1919ms)[39m[39m
▶ AppointmentRepository.updateStatus()
  [31m✖ executa update com UUID e status válidos [90m(1.9371ms)[39m[39m
  [31m✖ lança erro para SQL injection como id [90m(4.6852ms)[39m[39m
  [31m✖ lança erro para id numérico simples [90m(4.3348ms)[39m[39m
  [31m✖ lança erro para status fora do enum [90m(2.846ms)[39m[39m
  [31m✖ lança erro para status SQL injection [90m(2.7217ms)[39m[39m
[31m✖ AppointmentRepository.updateStatus() [90m(19.2121ms)[39m[39m
▶ AppointmentRepository.criar()
  [31m✖ cria agendamento com payload válido [90m(0.6192ms)[39m[39m
  [31m✖ lança erro para client_id com SQL injection [90m(2.8737ms)[39m[39m
  [31m✖ lança erro para professional_id inválido [90m(2.6821ms)[39m[39m
  [31m✖ descarta campos extras (previne mass assignment: role, is_admin) [90m(0.4751ms)[39m[39m
  [31m✖ lança erro para notes que excedem 500 caracteres [90m(2.9832ms)[39m[39m
  [31m✖ notas com strings SQL são armazenadas intactas via queries parametrizadas [90m(0.3407ms)[39m[39m
  [31m✖ remove null-bytes das notas antes de inserir [90m(0.2703ms)[39m[39m
[31m✖ AppointmentRepository.criar() [90m(11.1251ms)[39m[39m
▶ ProfileRepository.update()
  [31m✖ atualiza perfil com dados válidos [90m(2.4618ms)[39m[39m
  [31m✖ lança erro para userId com SQL injection [90m(2.1212ms)[39m[39m
  [31m✖ lança erro para userId vazio [90m(2.3282ms)[39m[39m
  [31m✖ descarta campo "role" (mass assignment: tentativa de escalada de privilégio) [90m(1.7418ms)[39m[39m
  [31m✖ descarta campo "is_active" para evitar desativação indevida via dados do usuário [90m(2.7044ms)[39m[39m
  [31m✖ lança erro para bio que excede 300 caracteres [90m(1.8726ms)[39m[39m
  [31m✖ remove null-bytes do campo bio [90m(2.186ms)[39m[39m
  [31m✖ lança erro quando todos os campos são bloqueados pela allowlist [90m(2.1989ms)[39m[39m
[31m✖ ProfileRepository.update() [90m(18.1171ms)[39m[39m
▶ ProfileRepository.getById()
  [31m✖ aceita UUID válido [90m(0.3019ms)[39m[39m
  [31m✖ lança erro para UUID com SQL injection [90m(2.013ms)[39m[39m
[31m✖ ProfileRepository.getById() [90m(2.5158ms)[39m[39m
▶ QueueRepository.updateStatus()
  [31m✖ atualiza status com UUID e status válidos [90m(0.3832ms)[39m[39m
  [31m✖ lança erro para id com SQL injection [90m(1.9168ms)[39m[39m
  [31m✖ lança erro para status inválido [90m(2.0693ms)[39m[39m
[31m✖ QueueRepository.updateStatus() [90m(4.7124ms)[39m[39m
▶ QueueRepository.entrar()
  [31m✖ adiciona cliente à fila com payload válido [90m(0.5378ms)[39m[39m
  [31m✖ lança erro para barbershop_id com SQL injection [90m(3.6335ms)[39m[39m
  [31m✖ lança erro para client_id inválido [90m(4.6982ms)[39m[39m
  [31m✖ descarta campos extras (mass assignment: admin, status, role) [90m(0.2841ms)[39m[39m
[31m✖ QueueRepository.entrar() [90m(9.6305ms)[39m[39m
▶ BarbershopRepository.getNearby()
  [32m✔ executa query com coordenadas válidas [90m(3.1763ms)[39m[39m
  [31m✖ lança erro para latitude NaN [90m(1.7971ms)[39m[39m
  [31m✖ lança erro para longitude Infinity [90m(1.7544ms)[39m[39m
  [31m✖ lança erro para latitude fora do range (-90 a 90) [90m(3.0317ms)[39m[39m
  [31m✖ lança erro para longitude fora do range (-180 a 180) [90m(3.4387ms)[39m[39m
  [31m✖ lança erro para radiusKm negativo [90m(2.221ms)[39m[39m
  [31m✖ lança erro para radiusKm maior que 100 km [90m(3.1263ms)[39m[39m
[31m✖ BarbershopRepository.getNearby() [90m(19.1495ms)[39m[39m
▶ BarbershopRepository.addInteraction()
  [31m✖ adiciona interação com parâmetros válidos [90m(2.44ms)[39m[39m
  [31m✖ lança erro para barbershopId com SQL injection [90m(3.0691ms)[39m[39m
  [31m✖ lança erro para userId inválido [90m(1.8689ms)[39m[39m
  [31m✖ lança erro para type com SQL injection [90m(2.8598ms)[39m[39m
  [31m✖ lança erro para type não permitido [90m(2.4384ms)[39m[39m
[31m✖ BarbershopRepository.addInteraction() [90m(13.1532ms)[39m[39m
▶ BaseRepository — helpers de validação
  [32m✔ _validarUuid não lança para UUID v4 válido [90m(1.3918ms)[39m[39m
  [32m✔ _validarUuid lança TypeError para string inválida [90m(0.6242ms)[39m[39m
  [32m✔ _validarUuid mensagem inclui nome do campo e da classe [90m(0.3622ms)[39m[39m
  [32m✔ _validarEmail não lança para e-mail válido [90m(0.3715ms)[39m[39m
  [32m✔ _validarEmail lança TypeError para e-mail malformado [90m(0.3371ms)[39m[39m
  [32m✔ _validarPayload retorna apenas campos permitidos (previne mass assignment) [90m(0.3321ms)[39m[39m
[32m✔ BaseRepository — helpers de validação [90m(5.0223ms)[39m[39m
▶ ComunicacaoRepository — getConversa()
  [32m✔ lança TypeError para userId inválido [90m(1.0534ms)[39m[39m
  [32m✔ lança TypeError para contatoId inválido [90m(0.3655ms)[39m[39m
  [32m✔ NÃO usa .or() — elimina interpolação de string na query [90m(1.9902ms)[39m[39m
  [32m✔ faz exatamente 2 consultas ao banco (uma por direção da conversa) [90m(0.4475ms)[39m[39m
  [32m✔ mescla e ordena mensagens das duas direções por created_at [90m(0.4668ms)[39m[39m
  [32m✔ propaga erro do banco como exceção [90m(0.3937ms)[39m[39m
  [32m✔ respeita o limite — não retorna mais mensagens que o solicitado [90m(0.4556ms)[39m[39m
[32m✔ ComunicacaoRepository — getConversa() [90m(5.6748ms)[39m[39m
▶ ComunicacaoRepository — enviarMensagem()
  [32m✔ lança TypeError para remetente (UUID) inválido [90m(0.3852ms)[39m[39m
  [32m✔ lança TypeError para destinatário (UUID) inválido [90m(0.2415ms)[39m[39m
  [32m✔ lança TypeError para conteúdo vazio [90m(0.3719ms)[39m[39m
  [32m✔ lança TypeError para conteúdo muito longo (> 2000 chars) [90m(0.466ms)[39m[39m
[32m✔ ComunicacaoRepository — enviarMensagem() [90m(1.7045ms)[39m[39m
▶ SocialRepository — createStory()
  [32m✔ lança TypeError para barbershop_id inválido [90m(0.7911ms)[39m[39m
  [32m✔ lança TypeError para author_id inválido [90m(0.3973ms)[39m[39m
  [32m✔ cria story com dados válidos e retorna registro inserido [90m(2.4033ms)[39m[39m
[32m✔ SocialRepository — createStory() [90m(3.8807ms)[39m[39m
▶ ClienteRepository — findByEmail()
  [32m✔ lança TypeError para e-mail inválido [90m(0.5309ms)[39m[39m
  [32m✔ retorna null quando perfil não encontrado [90m(0.242ms)[39m[39m
  [32m✔ retorna dados do perfil quando encontrado [90m(0.2516ms)[39m[39m
  [32m✔ chama rpc com e-mail normalizado em minúsculas [90m(0.9479ms)[39m[39m
[32m✔ ClienteRepository — findByEmail() [90m(2.2402ms)[39m[39m
▶ Router — _permitirNavAuth()
  [32m✔ tela pública "inicio" → true para visitante (sem auth) [90m(5.3757ms)[39m[39m
  [32m✔ tela pública "pesquisa" → true para visitante (sem auth) [90m(1.874ms)[39m[39m
  [32m✔ tela pública "barbearias" → true para visitante (sem auth) [90m(2.923ms)[39m[39m
  [32m✔ tela pública "barbeiros" → true para visitante (sem auth) [90m(1.5623ms)[39m[39m
  [32m✔ tela pública "login" → true para visitante (sem auth) [90m(1.5419ms)[39m[39m
  [32m✔ tela pública "cadastro" → true para visitante (sem auth) [90m(1.3556ms)[39m[39m
  [32m✔ tela pública "destaques" → true para visitante (sem auth) [90m(1.4551ms)[39m[39m
  [32m✔ tela pública "inicio" → true para usuário logado [90m(2.4736ms)[39m[39m
  [32m✔ tela pública "pesquisa" → true para usuário logado [90m(1.643ms)[39m[39m
  [32m✔ tela pública "barbearias" → true para usuário logado [90m(1.8371ms)[39m[39m
  [32m✔ tela pública "barbeiros" → true para usuário logado [90m(1.4012ms)[39m[39m
  [32m✔ tela pública "login" → true para usuário logado [90m(1.4341ms)[39m[39m
  [32m✔ tela pública "cadastro" → true para usuário logado [90m(1.6945ms)[39m[39m
  [32m✔ tela pública "destaques" → true para usuário logado [90m(1.3637ms)[39m[39m
  [32m✔ tela privada + visitante → false + toast exibido [90m(2.375ms)[39m[39m
  [32m✔ tela privada + visitante → _alertarLoginObrigatorio não chama push quando já em "login" [90m(1.3159ms)[39m[39m
  [32m✔ tela privada + logado → true, sem toast [90m(1.7353ms)[39m[39m
  [32m✔ tela privada + visitante → push("login") é chamado (side-effect via _alertarLoginObrigatorio) [90m(2.017ms)[39m[39m
[32m✔ Router — _permitirNavAuth() [90m(38.1871ms)[39m[39m
▶ Router — nav()
  [32m✔ nav("inicio") quando já em "inicio" → no-op [90m(2.7837ms)[39m[39m
  [32m✔ nav("perfil") quando em "perfil" → toggle: vai para "inicio" [90m(3.2727ms)[39m[39m
  [32m✔ nav para tela privada como visitante → bloqueado, redireciona para "login" [90m(1.9469ms)[39m[39m
  [32m✔ nav para tela inexistente no DOM → logger.warn, _telaAtual não muda [90m(1.4914ms)[39m[39m
  [32m✔ nav("perfil") logado de "inicio" → _telaAtual="perfil", historico=["inicio"] [90m(1.406ms)[39m[39m
  [32m✔ nav("perfil") de "inicio" → animação não-carrossel: home não sai [90m(1.5374ms)[39m[39m
  [32m✔ nav("mensagens") de "perfil" → animação carrossel [90m(3.4443ms)[39m[39m
  [32m✔ nav bem-sucedida → sincronizarUI chamado com a nova tela [90m(1.9919ms)[39m[39m
[32m✔ Router — nav() [90m(18.4796ms)[39m[39m
▶ Router — push()
  [32m✔ push para mesma tela → no-op [90m(1.5501ms)[39m[39m
  [32m✔ push para tela privada como visitante → bloqueado [90m(1.3638ms)[39m[39m
  [32m✔ push para tela inexistente → logger.warn, _telaAtual não muda [90m(1.4385ms)[39m[39m
  [32m✔ push("login") de "inicio" → _telaAtual="login", historico=["inicio"] [90m(1.3346ms)[39m[39m
  [32m✔ push("login") de "inicio" → animação: home não sai (null), login entra [90m(1.3857ms)[39m[39m
  [32m✔ push("cadastro") de "login" → animação: login sai DIREITA, cadastro entra ESQUERDA [90m(1.7408ms)[39m[39m
  [32m✔ push bem-sucedido → sincronizarUI chamado com a tela destino [90m(1.3953ms)[39m[39m
[32m✔ Router — push() [90m(10.5752ms)[39m[39m
▶ Router — voltar()
  [32m✔ voltar() de "inicio" → no-op [90m(1.5034ms)[39m[39m
  [32m✔ voltar() de "perfil" → _telaAtual="inicio", historico limpo [90m(3.7442ms)[39m[39m
  [32m✔ voltar() de "perfil" → animação: perfil sai ESQUERDA, home já está por baixo [90m(1.8998ms)[39m[39m
  [32m✔ voltar() → sincronizarUI chamado com "inicio" [90m(2.7708ms)[39m[39m
  [32m✔ voltar() de "perfil" → animMock chamado exatamente uma vez [90m(1.4687ms)[39m[39m
[32m✔ Router — voltar() [90m(11.764ms)[39m[39m
[32m✔ searchUsers — chama rpc("search_users") com os parâmetros corretos [90m(3.9833ms)[39m[39m
[32m✔ searchUsers — filtro de role é repassado como p_role [90m(0.5061ms)[39m[39m
[32m✔ searchUsers — sem role → p_role é null [90m(0.4741ms)[39m[39m
[32m✔ searchUsers — limit acima de 50 é normalizado para 50 [90m(0.375ms)[39m[39m
[32m✔ searchUsers — offset negativo é normalizado para 0 [90m(0.4228ms)[39m[39m
[32m✔ searchUsers — retorna { itens, total } com campos esperados [90m(0.5368ms)[39m[39m
[32m✔ searchUsers — total vem de total_count da primeira row [90m(0.3609ms)[39m[39m
[32m✔ searchUsers — fallback quando RPC não existe (código PGRST202) [90m(0.6625ms)[39m[39m
[32m✔ searchUsers — term vazio lança TypeError [90m(1.2116ms)[39m[39m
[32m✔ searchUsers — term com mais de 100 chars lança TypeError [90m(0.4923ms)[39m[39m
[32m✔ searchUsers — role inválida lança TypeError [90m(0.2858ms)[39m[39m
[32m✔ searchUsers — erro do Supabase é propagado (código genérico) [90m(0.3589ms)[39m[39m
[32m✔ getFavoriteClients — chama rpc("get_clientes_favoritos_modal") com UUIDs corretos [90m(0.6612ms)[39m[39m
[32m✔ getFavoriteClients — retorna { itens, total } de favoritos mapeado [90m(0.2517ms)[39m[39m
[32m✔ getFavoriteClients — full_name null usa "Cliente" como fallback [90m(0.2164ms)[39m[39m
[32m✔ getFavoriteClients — barbershopId inválido lança TypeError [90m(1.2525ms)[39m[39m
[32m✔ getFavoriteClients — professionalId inválido lança TypeError [90m(0.2228ms)[39m[39m
[32m✔ getFavoriteClients — erro do Supabase é propagado [90m(0.2322ms)[39m[39m
[32m✔ construtor — lança TypeError se supabase for omitido [90m(0.1905ms)[39m[39m
[32m✔ construtor — aceita supabase client válido [90m(0.206ms)[39m[39m
▶ AuthService.validateUser()
  [32m✔ token ausente → lança 401 [90m(2.0758ms)[39m[39m
  [32m✔ token inválido sem SUPABASE_JWT_SECRET → fallback rede → lança 401 [90m(0.5037ms)[39m[39m
  [32m✔ token válido via rede (fallback) → retorna { id, email } [90m(0.3008ms)[39m[39m
  [32m✔ token inválido com SUPABASE_JWT_SECRET → lança 401 (verificação local) [90m(1.2474ms)[39m[39m
[32m✔ AuthService.validateUser() [90m(5.681ms)[39m[39m
▶ SecureMediaAccessService.validateAccess()
  [32m✔ UUID inválido → lança erro de validação [90m(0.8733ms)[39m[39m
  [32m✔ arquivo pertence ao usuário → retorna true [90m(0.3385ms)[39m[39m
  [32m✔ arquivo não encontrado → retorna false [90m(0.4804ms)[39m[39m
[32m✔ SecureMediaAccessService.validateAccess() [90m(2.1353ms)[39m[39m
▶ SecureMediaAccessService.generateSignedUrl()
  [32m✔ UUID inválido → lança erro de validação [90m(1.1426ms)[39m[39m
  [32m✔ arquivo não encontrado → lança 404 [90m(0.5507ms)[39m[39m
  [32m✔ usuário não é o dono → lança 403 (acesso negado) [90m(0.6864ms)[39m[39m
  [32m✔ usuário autorizado → retorna { url, expiresIn } [90m(0.5789ms)[39m[39m
  [32m✔ expiresIn é 60 segundos [90m(0.2257ms)[39m[39m
  [32m✔ URL assinada NUNCA é a URL pública — publicUrl() não é chamado [90m(0.2644ms)[39m[39m
  [32m✔ usuário não autorizado → presignedGet NUNCA é chamado [90m(0.3329ms)[39m[39m
[32m✔ SecureMediaAccessService.generateSignedUrl() [90m(4.6767ms)[39m[39m
▶ AuthMiddleware — endpoints protegidos sem token válido
  [32m✔ sem header Authorization → 401 [90m(1.9348ms)[39m[39m
  [32m✔ "Authorization: Token xxx" (não Bearer) → 401 [90m(0.2198ms)[39m[39m
  [32m✔ "Authorization: Basic dXNlcjpwYXNz" (Basic Auth) → 401 [90m(0.2554ms)[39m[39m
  [32m✔ Bearer com string aleatória inválida → 401 [90m(0.5459ms)[39m[39m
  [32m✔ Bearer com JWT assinado com secret errado → 401 [90m(3.9415ms)[39m[39m
  [32m✔ Bearer com token expirado → 401 [90m(0.9567ms)[39m[39m
  [32m✔ Bearer com token válido → next() chamado + req.user populado [90m(1.2343ms)[39m[39m
  [32m✔ resposta 401 não expõe detalhes internos (stack, secret) [90m(0.3546ms)[39m[39m
[32m✔ AuthMiddleware — endpoints protegidos sem token válido [90m(11.2126ms)[39m[39m
▶ Ataques JWT — TokenService
  [32m✔ alg:none attack — TokenService.verificarSupabase rejeita (sem assinatura) [90m(0.9076ms)[39m[39m
  [32m✔ payload adulterado manualmente (tampered) → 401 [90m(0.9547ms)[39m[39m
  [32m✔ token assinado com secret diferente → 401 [90m(0.8177ms)[39m[39m
  [32m✔ token expirado → TokenService.verificarSupabase lança 401 [90m(0.762ms)[39m[39m
  [32m✔ access token usado como refresh (cross-type) → 401 [90m(0.8638ms)[39m[39m
  [32m✔ refresh token usado como access (cross-type) → 401 [90m(0.6694ms)[39m[39m
  [32m✔ gerarAccessToken sem sub → lança 400 [90m(0.1797ms)[39m[39m
  [32m✔ gerarRefreshToken com userId vazio → lança 400 [90m(0.1634ms)[39m[39m
  [32m✔ gerarRefreshToken com userId null → lança 400 [90m(0.1749ms)[39m[39m
  [32m✔ token válido gerado com secret correto → verificarSupabase passa [90m(0.5646ms)[39m[39m
[32m✔ Ataques JWT — TokenService [90m(6.5943ms)[39m[39m
▶ ValidationMiddleware — ataques de injeção e payloads maliciosos
  [32m✔ XSS em campo email → 400 [90m(0.7451ms)[39m[39m
  [32m✔ SQL injection em campo email → 400 [90m(0.2243ms)[39m[39m
  [32m✔ SQL injection em campo UUID → 400 [90m(0.2696ms)[39m[39m
  [32m✔ PostgREST filter injection em campo UUID (eq.xxx) → 400 [90m(0.2118ms)[39m[39m
  [32m✔ SQL injection em campo enum → 400 (fora das opcoes) [90m(0.2219ms)[39m[39m
  [32m✔ valor fora das opcoes enum → 400 [90m(0.1806ms)[39m[39m
  [32m✔ null bytes em campo texto → sanitizados (removidos), next() chamado [90m(0.2348ms)[39m[39m
  [32m✔ texto com 10.000 chars (acima do maxLen=500) → 400 [90m(0.1695ms)[39m[39m
  [32m✔ SQL injection em campo número (query string) → 400 [90m(0.1658ms)[39m[39m
  [32m✔ Infinity em campo número → 400 [90m(0.1439ms)[39m[39m
  [32m✔ NaN em campo número → 400 [90m(0.1266ms)[39m[39m
  [32m✔ valor acima do max em campo número → 400 [90m(0.1215ms)[39m[39m
  [32m✔ múltiplos campos inválidos → resposta lista todos os erros [90m(0.1465ms)[39m[39m
  [32m✔ resposta 400 segue contrato { ok, error, erros[] } [90m(0.1594ms)[39m[39m
[32m✔ ValidationMiddleware — ataques de injeção e payloads maliciosos [90m(4.7432ms)[39m[39m
▶ ClienteService — IDOR (Insecure Direct Object Reference)
  [32m✔ cliente tentando editar perfil alheio → 403 [90m(0.6842ms)[39m[39m
  [32m✔ cliente editando próprio perfil → sucesso [90m(0.3412ms)[39m[39m
  [32m✔ id UUID inválido → 400 antes de qualquer consulta ao banco [90m(0.2389ms)[39m[39m
  [32m✔ full_name com apenas 1 char (abaixo do mínimo) → 400 [90m(0.2627ms)[39m[39m
  [32m✔ bio com mais de 300 chars → 400 [90m(0.3386ms)[39m[39m
[32m✔ ClienteService — IDOR (Insecure Direct Object Reference) [90m(2.0766ms)[39m[39m
▶ BaseRepository — Mass Assignment (previne campos proibidos)
  [32m✔ campos proibidos são silenciosamente descartados [90m(1.1723ms)[39m[39m
  [32m✔ nenhum campo permitido no payload → TypeError [90m(0.1892ms)[39m[39m
  [32m✔ payload completamente vazio → TypeError [90m(0.1845ms)[39m[39m
  [32m✔ payload com Array em vez de objeto → TypeError [90m(0.144ms)[39m[39m
  [32m✔ payload com null → TypeError [90m(0.1542ms)[39m[39m
  [32m✔ apenas campos listados na allowlist chegam ao banco [90m(0.1354ms)[39m[39m
[32m✔ BaseRepository — Mass Assignment (previne campos proibidos) [90m(2.2386ms)[39m[39m
▶ BarbeariaService — injeção em coordenadas e raio (ataque geográfico)
  [32m✔ lat = Infinity → 400 [90m(0.6004ms)[39m[39m
  [32m✔ lat = NaN → 400 [90m(0.2426ms)[39m[39m
  [32m✔ lat > 90 (fora do planeta) → 400 [90m(0.2261ms)[39m[39m
  [32m✔ lng < -180 (fora do planeta) → 400 [90m(0.241ms)[39m[39m
  [32m✔ lat = string com SQL injection → 400 [90m(0.238ms)[39m[39m
  [32m✔ raioKm = Infinity → 400 [90m(0.2777ms)[39m[39m
  [32m✔ raioKm = -1 (negativo) → 400 [90m(0.257ms)[39m[39m
  [32m✔ raioKm = 0 → 400 [90m(0.2253ms)[39m[39m
  [32m✔ raioKm > 100 (amplification attack) → 400 [90m(0.2157ms)[39m[39m
  [32m✔ interacao com tipo inválido (injeção de string) → 400 [90m(0.3008ms)[39m[39m
  [32m✔ coordenadas e raio válidos → getNearby é chamado (sem exceção) [90m(0.172ms)[39m[39m
[32m✔ BarbeariaService — injeção em coordenadas e raio (ataque geográfico) [90m(3.4137ms)[39m[39m
▶ RoleMiddleware — Escalada de privilégio e proteção de rotas
  [32m✔ req.user ausente (AuthMiddleware não executado) → 401 [90m(0.4638ms)[39m[39m
  [32m✔ role "client" tentando rota de "admin" → 403 [90m(0.2409ms)[39m[39m
  [32m✔ role injetada via req.body é completamente ignorada [90m(0.1921ms)[39m[39m
  [32m✔ role injetada via req.query é ignorada [90m(0.1758ms)[39m[39m
  [32m✔ falha no banco ao buscar role → 503 (sem vazar detalhes) [90m(0.1862ms)[39m[39m
  [32m✔ role "barber" em rota que aceita barber/owner/admin → next() [90m(0.1524ms)[39m[39m
  [32m✔ role cacheada em req.user.role → banco NÃO é consultado (performance + segurança) [90m(0.1509ms)[39m[39m
  [32m✔ resposta de erro 403 não expõe detalhes internos [90m(0.1892ms)[39m[39m
[32m✔ RoleMiddleware — Escalada de privilégio e proteção de rotas [90m(2.0528ms)[39m[39m
▶ PasswordService — proteção contra DoS e senhas maliciosas
  [32m✔ senha com 200 chars é rejeitada antes do bcrypt (previne bcrypt DoS) [90m(0.3935ms)[39m[39m
  [32m✔ hash() com senha vazia lança Error (sem chamada ao bcrypt) [90m(0.1913ms)[39m[39m
  [32m✔ hash() com null lança Error [90m(0.145ms)[39m[39m
  [32m✔ senha errada → verificar() retorna false sem lançar exceção [90m(43.8921ms)[39m[39m
  [32m✔ dois hashes da mesma senha são diferentes (salt aleatório por bcrypt) [90m(4.5492ms)[39m[39m
  [32m✔ hash nunca contém a senha em texto puro [90m(2.2509ms)[39m[39m
  [32m✔ senha sem maiúscula é rejeitada por validarForca [90m(0.2712ms)[39m[39m
  [32m✔ senha sem número é rejeitada por validarForca [90m(0.2281ms)[39m[39m
[32m✔ PasswordService — proteção contra DoS e senhas maliciosas [90m(52.3271ms)[39m[39m
▶ UserService — validação de e-mail e proteção contra user enumeration
  [32m✔ XSS em e-mail → 400 [90m(0.5257ms)[39m[39m
  [32m✔ SQL injection em e-mail → 400 [90m(0.2154ms)[39m[39m
  [32m✔ e-mail vazio → 400 [90m(0.2271ms)[39m[39m
  [32m✔ e-mail com mais de 254 chars → 400 [90m(0.2113ms)[39m[39m
  [32m✔ e-mail válido, usuário inexistente → 404 (evita user enumeration via timing) [90m(0.1975ms)[39m[39m
  [32m✔ UUID inválido em buscarPerfilPublico → 400 (sem consulta ao banco) [90m(0.2847ms)[39m[39m
  [32m✔ e-mail válido com usuário existente → retorna perfil corretamente [90m(0.1413ms)[39m[39m
[32m✔ UserService — validação de e-mail e proteção contra user enumeration [90m(2.0542ms)[39m[39m
▶ PlanosService — selecionarTipo()
  [32m✔ barbearia → podeAvancar: false (sem persistir sessionStorage) [90m(3.3464ms)[39m[39m
  [32m✔ barbeiro → podeAvancar: true + persiste bf_tipo em sessionStorage [90m(2.159ms)[39m[39m
[32m✔ PlanosService — selecionarTipo() [90m(8.287ms)[39m[39m
▶ PlanosService — iniciarFluxo()
  [32m✔ persiste tipo e plano via MonetizationGuard antes de invocar PaymentFlowHandler [90m(1.7647ms)[39m[39m
  [32m✔ PaymentFlowHandler.iniciarFluxo é chamado com plano, onSucesso e onErro [90m(2.0142ms)[39m[39m
[32m✔ PlanosService — iniciarFluxo() [90m(4.0713ms)[39m[39m
▶ LegalConsentService — processarAceite()
  [32m✔ sem usuário logado → marca aceite pendente + ok: true + usuario: null [90m(2.5508ms)[39m[39m
  [32m✔ com usuário logado → chama registrarAceite e retorna usuario [90m(4.385ms)[39m[39m
[32m✔ LegalConsentService — processarAceite() [90m(7.3468ms)[39m[39m
▶ LegalConsentService — estado pendente
  [32m✔ marcarAceitePendente persiste flags em sessionStorage [90m(2.6634ms)[39m[39m
  [32m✔ temAceitePendente() retorna false quando não há pendente [90m(2.2618ms)[39m[39m
  [32m✔ registrarAceitePendente sem pendente → ok: true (nada a fazer) [90m(2.2443ms)[39m[39m
[32m✔ LegalConsentService — estado pendente [90m(8.995ms)[39m[39m
▶ BaseService — helpers de validação
  [32m✔ _uuid lança Error{status:400} para UUID inválido [90m(1.981ms)[39m[39m
  [32m✔ _uuid não lança para UUID válido [90m(0.4809ms)[39m[39m
  [32m✔ _texto retorna valor sanitizado para texto válido [90m(0.4701ms)[39m[39m
  [32m✔ _texto lança Error{status:400} para texto acima do limite [90m(0.2657ms)[39m[39m
  [32m✔ _texto lança Error{status:400} para obrigatório vazio [90m(0.3194ms)[39m[39m
  [32m✔ _enum lança Error{status:400} para valor fora da lista [90m(0.3749ms)[39m[39m
  [32m✔ _enum não lança para valor válido [90m(0.1867ms)[39m[39m
  [32m✔ _erro retorna Error com status correto [90m(0.3078ms)[39m[39m
  [32m✔ _erro usa 400 como status padrão [90m(0.3854ms)[39m[39m
[32m✔ BaseService — helpers de validação [90m(7.1744ms)[39m[39m
▶ AgendamentoService — criarAgendamento com verificação de conflito
  [32m✔ cria agendamento com sucesso quando não há conflito [90m(2.4545ms)[39m[39m
  [32m✔ lança Error{status:409} quando há conflito de horário [90m(0.5414ms)[39m[39m
  [32m✔ permite criar quando conflito está 3h depois (sem sobreposição) [90m(0.4652ms)[39m[39m
  [32m✔ lança 409 para conflito parcial (novo começa no meio do existente) [90m(0.4144ms)[39m[39m
  [32m✔ ignora conflitos com status cancelled ou no_show [90m(0.2523ms)[39m[39m
[32m✔ AgendamentoService — criarAgendamento com verificação de conflito [90m(4.5572ms)[39m[39m
▶ AgendamentoService — atualizarStatus com verificação de propriedade
  [32m✔ cliente cancela o próprio agendamento com sucesso [90m(0.6186ms)[39m[39m
  [32m✔ profissional cancela agendamento com sucesso [90m(0.2833ms)[39m[39m
  [32m✔ terceiro lança Error{status:403} ao tentar cancelar [90m(0.4846ms)[39m[39m
  [32m✔ lança 404 quando agendamento não existe [90m(0.4363ms)[39m[39m
  [32m✔ lança 422 para transição de status inválida [90m(0.3447ms)[39m[39m
[32m✔ AgendamentoService — atualizarStatus com verificação de propriedade [90m(2.4764ms)[39m[39m
▶ ComunicacaoService — enviarMensagem
  [32m✔ lança Error{status:400} quando userId === destinatarioId [90m(0.6764ms)[39m[39m
  [32m✔ envia mensagem com sucesso para destinatário diferente [90m(0.4027ms)[39m[39m
  [32m✔ lança 400 para mensagem vazia [90m(0.4607ms)[39m[39m
[32m✔ ComunicacaoService — enviarMensagem [90m(1.8436ms)[39m[39m
▶ UserService — buscarPorEmail
  [32m✔ retorna perfil quando e-mail é encontrado [90m(0.8357ms)[39m[39m
  [32m✔ lança Error{status:400} para e-mail inválido [90m(0.4145ms)[39m[39m
  [32m✔ lança Error{status:404} quando e-mail não existe no banco [90m(0.3864ms)[39m[39m
[32m✔ UserService — buscarPorEmail [90m(1.881ms)[39m[39m
▶ UserService — buscarPerfilPublico
  [32m✔ retorna perfil quando userId é válido e existe [90m(0.2897ms)[39m[39m
  [32m✔ lança Error{status:400} para UUID inválido [90m(0.3721ms)[39m[39m
  [32m✔ lança Error{status:404} quando userId não existe [90m(0.3309ms)[39m[39m
[32m✔ UserService — buscarPerfilPublico [90m(1.2363ms)[39m[39m
▶ SocialRepository.getStoriesByBarbershop()
  [32m✔ busca tabela stories [90m(3.7519ms)[39m[39m
  [32m✔ retorna array vazio quando data é null [90m(1.2027ms)[39m[39m
  [32m✔ lança TypeError para UUID inválido [90m(0.8714ms)[39m[39m
[32m✔ SocialRepository.getStoriesByBarbershop() [90m(7.3079ms)[39m[39m
▶ SocialRepository.createStory()
  [32m✔ insere na tabela stories [90m(0.5153ms)[39m[39m
[32m✔ SocialRepository.createStory() [90m(0.7024ms)[39m[39m
▶ SocialRepository.toggleLike()
  [32m✔ acessa tabela professional_likes [90m(0.6503ms)[39m[39m
  [32m✔ addLike insere na tabela professional_likes [90m(2.3427ms)[39m[39m
[32m✔ SocialRepository.toggleLike() [90m(3.4121ms)[39m[39m
▶ SocialRepository.toggleFavorite()
  [32m✔ acessa tabela favorite_professionals [90m(0.4982ms)[39m[39m
[32m✔ SocialRepository.toggleFavorite() [90m(0.7521ms)[39m[39m
▶ SocialRepository.getFavoritesByUser()
  [32m✔ busca favorite_professionals filtrando por user_id [90m(0.3534ms)[39m[39m
[32m✔ SocialRepository.getFavoritesByUser() [90m(0.4859ms)[39m[39m
▶ SocialService.listarStories()
  [32m✔ lança 400 para UUID inválido [90m(0.6296ms)[39m[39m
  [32m✔ delega para repo.getStoriesByBarbershop() [90m(0.3631ms)[39m[39m
[32m✔ SocialService.listarStories() [90m(1.1354ms)[39m[39m
▶ SocialService.criarStory()
  [32m✔ lança 400 quando media_url ausente [90m(0.4232ms)[39m[39m
  [32m✔ lança 400 quando type inválido [90m(0.388ms)[39m[39m
  [32m✔ delega para repo.createStory() com dados válidos [90m(0.1842ms)[39m[39m
[32m✔ SocialService.criarStory() [90m(1.1555ms)[39m[39m
▶ SocialService.toggleLike()
  [32m✔ quando like não existe, chama addLike [90m(0.3359ms)[39m[39m
  [32m✔ quando like já existe, chama deleteLike [90m(0.2388ms)[39m[39m
[32m✔ SocialService.toggleLike() [90m(0.7634ms)[39m[39m
▶ SocialService.toggleFavorite()
  [32m✔ quando favorito não existe, chama addFavorite [90m(0.4357ms)[39m[39m
  [32m✔ quando favorito já existe, chama deleteFavorite [90m(0.2851ms)[39m[39m
[32m✔ SocialService.toggleFavorite() [90m(0.9328ms)[39m[39m
▶ SupabaseStorageClient.presignedPut()
  [32m✔ retorna URL assinada do Supabase para o path informado [90m(3.4121ms)[39m[39m
  [32m✔ URL contém o nome do bucket [90m(0.5757ms)[39m[39m
  [32m✔ lança Error{status:500} se Supabase retornar erro [90m(1.2785ms)[39m[39m
  [32m✔ lança erro se SUPABASE_URL não estiver definido [90m(0.5385ms)[39m[39m
[32m✔ SupabaseStorageClient.presignedPut() [90m(8.1262ms)[39m[39m
▶ SupabaseStorageClient.head()
  [32m✔ retorna {tamanhoBytes, contentType} quando arquivo existe [90m(0.5963ms)[39m[39m
  [32m✔ retorna null quando arquivo não existe no bucket [90m(0.2361ms)[39m[39m
  [32m✔ funciona com path de subpasta profunda [90m(0.3165ms)[39m[39m
  [32m✔ usa valores 0 / string vazia como fallback quando metadata não existe [90m(0.3938ms)[39m[39m
[32m✔ SupabaseStorageClient.head() [90m(1.9838ms)[39m[39m
▶ SupabaseStorageClient.publicUrl()
  [32m✔ monta URL pública correta sem barras duplicadas [90m(0.9504ms)[39m[39m
  [32m✔ remove barra final da SUPABASE_URL antes de montar a URL [90m(0.5316ms)[39m[39m
[32m✔ SupabaseStorageClient.publicUrl() [90m(2.0882ms)[39m[39m
▶ SupabaseStorageClient.delete()
  [32m✔ remove arquivo do store (operação bem-sucedida) [90m(0.8209ms)[39m[39m
  [32m✔ não lança erro quando arquivo já foi deletado (idempotente) [90m(0.501ms)[39m[39m
  [32m✔ lança Error{status:500} em erros reais de permissão [90m(1.5412ms)[39m[39m
[32m✔ SupabaseStorageClient.delete() [90m(3.1386ms)[39m[39m
▶ SupabaseStorageClient.BUCKET_IMAGES
  [32m✔ é "media-images" [90m(0.2118ms)[39m[39m
[32m✔ SupabaseStorageClient.BUCKET_IMAGES [90m(0.4191ms)[39m[39m
▶ SupabaseStorageClient.upload()
  [32m✔ armazena buffer no storage e não lança erro [90m(0.5088ms)[39m[39m
  [32m✔ lança Error{status:500} quando Supabase retorna erro [90m(0.4371ms)[39m[39m
[32m✔ SupabaseStorageClient.upload() [90m(1.1251ms)[39m[39m
▶ TurnConfig.credenciais()
  [32m✔ username tem formato {timestamp}:{userId} [90m(7.2932ms)[39m[39m
  [32m✔ credential é Base64 válido (HMAC-SHA1) [90m(1.5791ms)[39m[39m
  [32m✔ lança Error quando TURN_SECRET não está configurado [90m(1.7022ms)[39m[39m
[32m✔ TurnConfig.credenciais() [90m(12.6561ms)[39m[39m
▶ TurnConfig.servidoresICE()
  [32m✔ sempre inclui STUN como primeiro servidor [90m(1.9993ms)[39m[39m
  [32m✔ inclui TURN quando TURN_URL e TURN_SECRET estão configurados [90m(2.8442ms)[39m[39m
  [32m✔ não inclui TURN quando TURN_SECRET está ausente [90m(1.6032ms)[39m[39m
  [32m✔ expiresAt é timestamp futuro em milissegundos [90m(1.7379ms)[39m[39m
[32m✔ TurnConfig.servidoresICE() [90m(8.7492ms)[39m[39m
▶ User — fromRow()
  [32m✔ cria instância com valores padrão quando row é vazia [90m(2.8987ms)[39m[39m
  [32m✔ cria instância com valores do banco [90m(0.327ms)[39m[39m
  [32m✔ fromRow(null) não lança exceção [90m(1.5016ms)[39m[39m
  [32m✔ armazena passwordHash sem alterar o valor [90m(0.2768ms)[39m[39m
[32m✔ User — fromRow() [90m(6.857ms)[39m[39m
▶ User — validar()
  [32m✔ aceita dados mínimos válidos [90m(0.6807ms)[39m[39m
  [32m✔ rejeita email vazio [90m(0.3582ms)[39m[39m
  [32m✔ rejeita email sem @ [90m(0.2523ms)[39m[39m
  [32m✔ rejeita role ausente [90m(0.3349ms)[39m[39m
  [32m✔ rejeita role fora da allowlist [90m(0.3289ms)[39m[39m
  [32m✔ aceita todos os roles válidos [90m(0.428ms)[39m[39m
[32m✔ User — validar() [90m(2.9707ms)[39m[39m
▶ User — métodos de domínio
  [32m✔ isAtivo() retorna true quando is_active=true [90m(0.3836ms)[39m[39m
  [32m✔ isAtivo() retorna false quando is_active=false [90m(0.1339ms)[39m[39m
  [32m✔ isEmailVerificado() retorna false sem email_verified_at [90m(0.1405ms)[39m[39m
  [32m✔ isEmailVerificado() retorna true com email_verified_at preenchido [90m(1.6563ms)[39m[39m
  [32m✔ hasRole() verifica role corretamente [90m(0.1709ms)[39m[39m
  [32m✔ isAdmin() retorna true apenas para role=admin [90m(0.1481ms)[39m[39m
[32m✔ User — métodos de domínio [90m(2.9711ms)[39m[39m
▶ User — toJSON() nunca expõe passwordHash
  [32m✔ passwordHash ausente do JSON serializado [90m(1.2413ms)[39m[39m
  [32m✔ JSON contém campos públicos esperados [90m(0.1625ms)[39m[39m
[32m✔ User — toJSON() nunca expõe passwordHash [90m(1.5357ms)[39m[39m
▶ User — rolesValidos (estático)
  [32m✔ retorna array com os roles esperados [90m(0.1986ms)[39m[39m
  [32m✔ retorna cópia — mutação não afeta a lista interna [90m(0.1112ms)[39m[39m
[32m✔ User — rolesValidos (estático) [90m(0.4395ms)[39m[39m
▶ UserRepository — buscarUsuarios
  [32m✔ chama ApiService.rpc("search_users") com os parâmetros corretos [90m(6.1861ms)[39m[39m
  [32m✔ extrai total de rows[0].total_count [90m(1.498ms)[39m[39m
  [32m✔ retorna itens mapeados com campos esperados [90m(1.5777ms)[39m[39m
  [32m✔ total = 0 quando data é array vazio [90m(1.7824ms)[39m[39m
  [32m✔ limit acima de 50 é normalizado para 50 [90m(2.1767ms)[39m[39m
  [32m✔ offset negativo é normalizado para 0 [90m(3.0273ms)[39m[39m
  [32m✔ AbortError: retorna { data:[], total:0, error } sem lançar [90m(1.7216ms)[39m[39m
  [32m✔ erro genérico: retorna { data:[], total:0, error } [90m(1.4721ms)[39m[39m
[32m✔ UserRepository — buscarUsuarios [90m(21.3872ms)[39m[39m
▶ UserRepository — getFavoritosModal
  [32m✔ chama ApiService.rpc("get_clientes_favoritos_modal") com os parâmetros corretos [90m(1.8785ms)[39m[39m
  [32m✔ retorna lista mapeada corretamente [90m(1.4437ms)[39m[39m
  [32m✔ erro propagado como { data:[], error } [90m(1.3486ms)[39m[39m
  [32m✔ UUID inválido para barbershopId lança TypeError [90m(1.7518ms)[39m[39m
  [32m✔ UUID inválido para professionalId lança TypeError [90m(1.3142ms)[39m[39m
[32m✔ UserRepository — getFavoritosModal [90m(8.1892ms)[39m[39m
▶ UserRepository — buscarUsuarios (fallback #buscarFallback)
  [32m✔ search_users falha com PGRST202 → chama buscar_perfis_por_nome [90m(1.5632ms)[39m[39m
  [32m✔ buscar_perfis_por_nome recebe p_limite = Math.min(offset + limit, 50) [90m(1.4786ms)[39m[39m
  [32m✔ p_limite nunca excede 50 mesmo com offset + limit > 50 [90m(1.4837ms)[39m[39m
  [32m✔ buscar_perfis_por_nome também falha (PGRST202) → usa query direta via from() [90m(1.426ms)[39m[39m
  [32m✔ resultado de buscar_perfis_por_nome é fatiado conforme offset e limit [90m(1.4581ms)[39m[39m
[32m✔ UserRepository — buscarUsuarios (fallback #buscarFallback) [90m(7.7229ms)[39m[39m
▶ Validator.email() — validação
  [32m✔ setup [90m(4.0204ms)[39m[39m
  [32m✔ rejeita e-mail vazio [90m(0.4356ms)[39m[39m
  [32m✔ rejeita e-mail sem @ [90m(0.2438ms)[39m[39m
  [32m✔ rejeita e-mail sem TLD (ex: test@dominio) [90m(0.243ms)[39m[39m
  [32m✔ aceita e-mail válido [90m(0.2659ms)[39m[39m
[32m✔ Validator.email() — validação [90m(6.7683ms)[39m[39m
▶ Validator.telefone() — validação
  [32m✔ setup [90m(1.5753ms)[39m[39m
  [32m✔ aceita vazio quando não obrigatório (campo opcional) [90m(0.2709ms)[39m[39m
  [32m✔ rejeita vazio quando obrigatório [90m(0.2673ms)[39m[39m
  [32m✔ rejeita número incompleto (dígitos insuficientes) [90m(0.2867ms)[39m[39m
  [32m✔ aceita celular BR (11 dígitos) [90m(0.3192ms)[39m[39m
  [32m✔ aceita fixo BR (10 dígitos) [90m(0.1732ms)[39m[39m
[32m✔ Validator.telefone() — validação [90m(3.3748ms)[39m[39m
▶ Validator — proteção contra filter injection (PostgREST)
  [32m✔ setup [90m(2.6635ms)[39m[39m
  [32m✔ remove vírgula (separador de condições OR no PostgREST) [90m(0.2404ms)[39m[39m
  [32m✔ remove parênteses (agrupadores de filtro no PostgREST) [90m(0.1226ms)[39m[39m
[32m✔ Validator — proteção contra filter injection (PostgREST) [90m(3.2759ms)[39m[39m
▶ POST /api/p2p/announce
  [32m✔ retorna 400 quando mediaId está ausente [90m(238.7281ms)[39m[39m
  [32m✔ retorna 400 quando peerId não é UUID v4 [90m(0.806ms)[39m[39m
  [32m✔ retorna 400 quando mediaId excede 255 caracteres [90m(0.5342ms)[39m[39m
  [32m✔ retorna 201 com dados válidos [90m(2.0528ms)[39m[39m
[32m✔ POST /api/p2p/announce [90m(243.6054ms)[39m[39m
▶ GET /api/p2p/peers/:mediaId
  [32m✔ retorna lista de peers do mediaId [90m(0.8601ms)[39m[39m
  [32m✔ retorna lista vazia quando não há peers [90m(1.1613ms)[39m[39m
  [32m✔ retorna 400 quando mediaId excede 255 caracteres [90m(0.476ms)[39m[39m
[32m✔ GET /api/p2p/peers/:mediaId [90m(2.8809ms)[39m[39m
▶ GET /api/p2p/ice-config
  [32m✔ retorna iceServers com ao menos um servidor STUN [90m(1.4878ms)[39m[39m
  [32m✔ retorna expiresAt como timestamp futuro [90m(0.5557ms)[39m[39m
[32m✔ GET /api/p2p/ice-config [90m(2.332ms)[39m[39m
[34mℹ tests 1349[39m
[34mℹ suites 303[39m
[34mℹ pass 1282[39m
[34mℹ fail 67[39m
[34mℹ cancelled 0[39m
[34mℹ skipped 0[39m
[34mℹ todo 0[39m
[34mℹ duration_ms 4409.2963[39m

[31m✖ failing tests:[39m

test at tests\minha-barbearia-page.test.js:158:3
[31m✖ bind() chama getElementById para tela, config-panel e gps-panel [90m(5.0012ms)[39m[39m
  TypeError: document.addEventListener is not a function
      at #bindEventos (evalmachine.<anonymous>:243:14)
      at MinhaBarbeariaPage.bind (evalmachine.<anonymous>:61:22)
      at criarPagina (c:\Users\delim\desktop\barberflow-main (2)\barberflow-main\tests\minha-barbearia-page.test.js:143:8)
      at TestContext.<anonymous> (c:\Users\delim\desktop\barberflow-main (2)\barberflow-main\tests\minha-barbearia-page.test.js:159:30)
      at Test.runInAsyncScope (node:async_hooks:228:14)
      at Test.run (node:internal/test_runner/test:1118:25)
      at Suite.processPendingSubtests (node:internal/test_runner/test:787:18)
      at Test.postRun (node:internal/test_runner/test:1247:19)
      at Test.run (node:internal/test_runner/test:1175:12)
      at async Promise.all (index 0)

test at tests\minha-barbearia-page.test.js:174:3
[31m✖ ao ativar tela-minha-barbearia, NÃO manipula o header diretamente [90m(2.9943ms)[39m[39m
  TypeError: document.addEventListener is not a function
      at #bindEventos (evalmachine.<anonymous>:243:14)
      at MinhaBarbeariaPage.bind (evalmachine.<anonymous>:61:22)
      at criarPagina (c:\Users\delim\desktop\barberflow-main (2)\barberflow-main\tests\minha-barbearia-page.test.js:143:8)
      at TestContext.<anonymous> (c:\Users\delim\desktop\barberflow-main (2)\barberflow-main\tests\minha-barbearia-page.test.js:177:40)
      at Test.runInAsyncScope (node:async_hooks:228:14)
      at Test.run (node:internal/test_runner/test:1118:25)
      at Suite.processPendingSubtests (node:internal/test_runner/test:787:18)
      at Test.postRun (node:internal/test_runner/test:1247:19)
      at Test.run (node:internal/test_runner/test:1175:12)
      at async Suite.processPendingSubtests (node:internal/test_runner/test:787:7)

test at tests\minha-barbearia-page.test.js:200:3
[31m✖ clicar mb-mais-btn → config panel recebe classe mb-sub-ativa [90m(3.9171ms)[39m[39m
  TypeError: document.addEventListener is not a function
      at #bindEventos (evalmachine.<anonymous>:243:14)
      at MinhaBarbeariaPage.bind (evalmachine.<anonymous>:61:22)
      at criarPagina (c:\Users\delim\desktop\barberflow-main (2)\barberflow-main\tests\minha-barbearia-page.test.js:143:8)
      at TestContext.<anonymous> (c:\Users\delim\desktop\barberflow-main (2)\barberflow-main\tests\minha-barbearia-page.test.js:201:21)
      at Test.runInAsyncScope (node:async_hooks:228:14)
      at Test.run (node:internal/test_runner/test:1118:25)
      at Test.start (node:internal/test_runner/test:1015:17)
      at node:internal/test_runner/test:1531:71
      at node:internal/per_context/primordials:466:82
      at new Promise (<anonymous>)

test at tests\minha-barbearia-page.test.js:206:3
[31m✖ clicar mb-mais-btn → config panel aria-hidden = "false" [90m(3.2432ms)[39m[39m
  TypeError: document.addEventListener is not a function
      at #bindEventos (evalmachine.<anonymous>:243:14)
      at MinhaBarbeariaPage.bind (evalmachine.<anonymous>:61:22)
      at criarPagina (c:\Users\delim\desktop\barberflow-main (2)\barberflow-main\tests\minha-barbearia-page.test.js:143:8)
      at TestContext.<anonymous> (c:\Users\delim\desktop\barberflow-main (2)\barberflow-main\tests\minha-barbearia-page.test.js:207:21)
      at Test.runInAsyncScope (node:async_hooks:228:14)
      at Test.run (node:internal/test_runner/test:1118:25)
      at Suite.processPendingSubtests (node:internal/test_runner/test:787:18)
      at Test.postRun (node:internal/test_runner/test:1247:19)
      at Test.run (node:internal/test_runner/test:1175:12)
      at async Promise.all (index 0)

test at tests\minha-barbearia-page.test.js:212:3
[31m✖ clicar mb-mais-btn → gps panel NÃO recebe mb-sub-ativa [90m(4.239ms)[39m[39m
  TypeError: document.addEventListener is not a function
      at #bindEventos (evalmachine.<anonymous>:243:14)
      at MinhaBarbeariaPage.bind (evalmachine.<anonymous>:61:22)
      at criarPagina (c:\Users\delim\desktop\barberflow-main (2)\barberflow-main\tests\minha-barbearia-page.test.js:143:8)
      at TestContext.<anonymous> (c:\Users\delim\desktop\barberflow-main (2)\barberflow-main\tests\minha-barbearia-page.test.js:213:21)
      at Test.runInAsyncScope (node:async_hooks:228:14)
      at Test.run (node:internal/test_runner/test:1118:25)
      at Suite.processPendingSubtests (node:internal/test_runner/test:787:18)
      at Test.postRun (node:internal/test_runner/test:1247:19)
      at Test.run (node:internal/test_runner/test:1175:12)
      at async Suite.processPendingSubtests (node:internal/test_runner/test:787:7)

test at tests\minha-barbearia-page.test.js:218:3
[31m✖ clicar mb-config-fechar → config panel perde mb-sub-ativa [90m(5.9906ms)[39m[39m
  TypeError: document.addEventListener is not a function
      at #bindEventos (evalmachine.<anonymous>:243:14)
      at MinhaBarbeariaPage.bind (evalmachine.<anonymous>:61:22)
      at criarPagina (c:\Users\delim\desktop\barberflow-main (2)\barberflow-main\tests\minha-barbearia-page.test.js:143:8)
      at TestContext.<anonymous> (c:\Users\delim\desktop\barberflow-main (2)\barberflow-main\tests\minha-barbearia-page.test.js:219:21)
      at Test.runInAsyncScope (node:async_hooks:228:14)
      at Test.run (node:internal/test_runner/test:1118:25)
      at Suite.processPendingSubtests (node:internal/test_runner/test:787:18)
      at Test.postRun (node:internal/test_runner/test:1247:19)
      at Test.run (node:internal/test_runner/test:1175:12)
      at async Suite.processPendingSubtests (node:internal/test_runner/test:787:7)

test at tests\minha-barbearia-page.test.js:225:3
[31m✖ clicar mb-config-fechar → config panel aria-hidden = "true" [90m(4.0555ms)[39m[39m
  TypeError: document.addEventListener is not a function
      at #bindEventos (evalmachine.<anonymous>:243:14)
      at MinhaBarbeariaPage.bind (evalmachine.<anonymous>:61:22)
      at criarPagina (c:\Users\delim\desktop\barberflow-main (2)\barberflow-main\tests\minha-barbearia-page.test.js:143:8)
      at TestContext.<anonymous> (c:\Users\delim\desktop\barberflow-main (2)\barberflow-main\tests\minha-barbearia-page.test.js:226:21)
      at Test.runInAsyncScope (node:async_hooks:228:14)
      at Test.run (node:internal/test_runner/test:1118:25)
      at Suite.processPendingSubtests (node:internal/test_runner/test:787:18)
      at Test.postRun (node:internal/test_runner/test:1247:19)
      at Test.run (node:internal/test_runner/test:1175:12)
      at async Suite.processPendingSubtests (node:internal/test_runner/test:787:7)

test at tests\minha-barbearia-page.test.js:232:3
[31m✖ fecharSub sem painel ativo → não lança erro [90m(4.5069ms)[39m[39m
  TypeError: document.addEventListener is not a function
      at #bindEventos (evalmachine.<anonymous>:243:14)
      at MinhaBarbeariaPage.bind (evalmachine.<anonymous>:61:22)
      at criarPagina (c:\Users\delim\desktop\barberflow-main (2)\barberflow-main\tests\minha-barbearia-page.test.js:143:8)
      at TestContext.<anonymous> (c:\Users\delim\desktop\barberflow-main (2)\barberflow-main\tests\minha-barbearia-page.test.js:233:21)
      at Test.runInAsyncScope (node:async_hooks:228:14)
      at Test.run (node:internal/test_runner/test:1118:25)
      at Suite.processPendingSubtests (node:internal/test_runner/test:787:18)
      at Test.postRun (node:internal/test_runner/test:1247:19)
      at Test.run (node:internal/test_runner/test:1175:12)
      at async Suite.processPendingSubtests (node:internal/test_runner/test:787:7)

test at tests\minha-barbearia-page.test.js:241:3
[31m✖ clicar mb-gps-btn → gps panel recebe classe mb-sub-ativa [90m(4.0895ms)[39m[39m
  TypeError: document.addEventListener is not a function
      at #bindEventos (evalmachine.<anonymous>:243:14)
      at MinhaBarbeariaPage.bind (evalmachine.<anonymous>:61:22)
      at criarPagina (c:\Users\delim\desktop\barberflow-main (2)\barberflow-main\tests\minha-barbearia-page.test.js:143:8)
      at TestContext.<anonymous> (c:\Users\delim\desktop\barberflow-main (2)\barberflow-main\tests\minha-barbearia-page.test.js:242:21)
      at Test.runInAsyncScope (node:async_hooks:228:14)
      at Test.run (node:internal/test_runner/test:1118:25)
      at Test.start (node:internal/test_runner/test:1015:17)
      at node:internal/test_runner/test:1531:71
      at node:internal/per_context/primordials:466:82
      at new Promise (<anonymous>)

test at tests\minha-barbearia-page.test.js:247:3
[31m✖ clicar mb-gps-btn → gps panel aria-hidden = "false" [90m(4.2615ms)[39m[39m
  TypeError: document.addEventListener is not a function
      at #bindEventos (evalmachine.<anonymous>:243:14)
      at MinhaBarbeariaPage.bind (evalmachine.<anonymous>:61:22)
      at criarPagina (c:\Users\delim\desktop\barberflow-main (2)\barberflow-main\tests\minha-barbearia-page.test.js:143:8)
      at TestContext.<anonymous> (c:\Users\delim\desktop\barberflow-main (2)\barberflow-main\tests\minha-barbearia-page.test.js:248:21)
      at Test.runInAsyncScope (node:async_hooks:228:14)
      at Test.run (node:internal/test_runner/test:1118:25)
      at Suite.processPendingSubtests (node:internal/test_runner/test:787:18)
      at Test.postRun (node:internal/test_runner/test:1247:19)
      at Test.run (node:internal/test_runner/test:1175:12)
      at async Promise.all (index 0)

test at tests\minha-barbearia-page.test.js:253:3
[31m✖ clicar mb-gps-btn → config panel NÃO recebe mb-sub-ativa [90m(4.0866ms)[39m[39m
  TypeError: document.addEventListener is not a function
      at #bindEventos (evalmachine.<anonymous>:243:14)
      at MinhaBarbeariaPage.bind (evalmachine.<anonymous>:61:22)
      at criarPagina (c:\Users\delim\desktop\barberflow-main (2)\barberflow-main\tests\minha-barbearia-page.test.js:143:8)
      at TestContext.<anonymous> (c:\Users\delim\desktop\barberflow-main (2)\barberflow-main\tests\minha-barbearia-page.test.js:254:21)
      at Test.runInAsyncScope (node:async_hooks:228:14)
      at Test.run (node:internal/test_runner/test:1118:25)
      at Suite.processPendingSubtests (node:internal/test_runner/test:787:18)
      at Test.postRun (node:internal/test_runner/test:1247:19)
      at Test.run (node:internal/test_runner/test:1175:12)
      at async Suite.processPendingSubtests (node:internal/test_runner/test:787:7)

test at tests\minha-barbearia-page.test.js:259:3
[31m✖ clicar mb-gps-fechar → gps panel perde mb-sub-ativa [90m(4.554ms)[39m[39m
  TypeError: document.addEventListener is not a function
      at #bindEventos (evalmachine.<anonymous>:243:14)
      at MinhaBarbeariaPage.bind (evalmachine.<anonymous>:61:22)
      at criarPagina (c:\Users\delim\desktop\barberflow-main (2)\barberflow-main\tests\minha-barbearia-page.test.js:143:8)
      at TestContext.<anonymous> (c:\Users\delim\desktop\barberflow-main (2)\barberflow-main\tests\minha-barbearia-page.test.js:260:21)
      at Test.runInAsyncScope (node:async_hooks:228:14)
      at Test.run (node:internal/test_runner/test:1118:25)
      at Suite.processPendingSubtests (node:internal/test_runner/test:787:18)
      at Test.postRun (node:internal/test_runner/test:1247:19)
      at Test.run (node:internal/test_runner/test:1175:12)
      at async Suite.processPendingSubtests (node:internal/test_runner/test:787:7)

test at tests\minha-barbearia-page.test.js:266:3
[31m✖ clicar mb-gps-fechar → gps panel aria-hidden = "true" [90m(2.407ms)[39m[39m
  TypeError: document.addEventListener is not a function
      at #bindEventos (evalmachine.<anonymous>:243:14)
      at MinhaBarbeariaPage.bind (evalmachine.<anonymous>:61:22)
      at criarPagina (c:\Users\delim\desktop\barberflow-main (2)\barberflow-main\tests\minha-barbearia-page.test.js:143:8)
      at TestContext.<anonymous> (c:\Users\delim\desktop\barberflow-main (2)\barberflow-main\tests\minha-barbearia-page.test.js:267:21)
      at Test.runInAsyncScope (node:async_hooks:228:14)
      at Test.run (node:internal/test_runner/test:1118:25)
      at Suite.processPendingSubtests (node:internal/test_runner/test:787:18)
      at Test.postRun (node:internal/test_runner/test:1247:19)
      at Test.run (node:internal/test_runner/test:1175:12)
      at async Suite.processPendingSubtests (node:internal/test_runner/test:787:7)

test at tests\minha-barbearia-page.test.js:273:3
[31m✖ abrir gps e depois fechar config → gps panel permanece sem mb-sub-ativa [90m(2.2242ms)[39m[39m
  TypeError: document.addEventListener is not a function
      at #bindEventos (evalmachine.<anonymous>:243:14)
      at MinhaBarbeariaPage.bind (evalmachine.<anonymous>:61:22)
      at criarPagina (c:\Users\delim\desktop\barberflow-main (2)\barberflow-main\tests\minha-barbearia-page.test.js:143:8)
      at TestContext.<anonymous> (c:\Users\delim\desktop\barberflow-main (2)\barberflow-main\tests\minha-barbearia-page.test.js:274:21)
      at Test.runInAsyncScope (node:async_hooks:228:14)
      at Test.run (node:internal/test_runner/test:1118:25)
      at Suite.processPendingSubtests (node:internal/test_runner/test:787:18)
      at Test.postRun (node:internal/test_runner/test:1247:19)
      at Test.run (node:internal/test_runner/test:1175:12)
      at async Suite.processPendingSubtests (node:internal/test_runner/test:787:7)

test at tests\minha-barbearia-page.test.js:288:3
[31m✖ abrir config → fechar → abrir gps: apenas gps fica ativo [90m(2.7729ms)[39m[39m
  TypeError: document.addEventListener is not a function
      at #bindEventos (evalmachine.<anonymous>:243:14)
      at MinhaBarbeariaPage.bind (evalmachine.<anonymous>:61:22)
      at criarPagina (c:\Users\delim\desktop\barberflow-main (2)\barberflow-main\tests\minha-barbearia-page.test.js:143:8)
      at TestContext.<anonymous> (c:\Users\delim\desktop\barberflow-main (2)\barberflow-main\tests\minha-barbearia-page.test.js:289:21)
      at Test.runInAsyncScope (node:async_hooks:228:14)
      at Test.run (node:internal/test_runner/test:1118:25)
      at Test.start (node:internal/test_runner/test:1015:17)
      at node:internal/test_runner/test:1531:71
      at node:internal/per_context/primordials:466:82
      at new Promise (<anonymous>)

test at tests\minha-barbearia-page.test.js:297:3
[31m✖ abrir gps → fechar → abrir config: apenas config fica ativo [90m(3.4836ms)[39m[39m
  TypeError: document.addEventListener is not a function
      at #bindEventos (evalmachine.<anonymous>:243:14)
      at MinhaBarbeariaPage.bind (evalmachine.<anonymous>:61:22)
      at criarPagina (c:\Users\delim\desktop\barberflow-main (2)\barberflow-main\tests\minha-barbearia-page.test.js:143:8)
      at TestContext.<anonymous> (c:\Users\delim\desktop\barberflow-main (2)\barberflow-main\tests\minha-barbearia-page.test.js:298:21)
      at Test.runInAsyncScope (node:async_hooks:228:14)
      at Test.run (node:internal/test_runner/test:1118:25)
      at Suite.processPendingSubtests (node:internal/test_runner/test:787:18)
      at Test.postRun (node:internal/test_runner/test:1247:19)
      at Test.run (node:internal/test_runner/test:1175:12)
      at async Promise.all (index 0)

test at tests\minha-barbearia-page.test.js:306:3
[31m✖ abrir e fechar config 3 vezes consecutivas: estado final correto [90m(2.466ms)[39m[39m
  TypeError: document.addEventListener is not a function
      at #bindEventos (evalmachine.<anonymous>:243:14)
      at MinhaBarbeariaPage.bind (evalmachine.<anonymous>:61:22)
      at criarPagina (c:\Users\delim\desktop\barberflow-main (2)\barberflow-main\tests\minha-barbearia-page.test.js:143:8)
      at TestContext.<anonymous> (c:\Users\delim\desktop\barberflow-main (2)\barberflow-main\tests\minha-barbearia-page.test.js:307:21)
      at Test.runInAsyncScope (node:async_hooks:228:14)
      at Test.run (node:internal/test_runner/test:1118:25)
      at Suite.processPendingSubtests (node:internal/test_runner/test:787:18)
      at Test.postRun (node:internal/test_runner/test:1247:19)
      at Test.run (node:internal/test_runner/test:1175:12)
      at async Suite.processPendingSubtests (node:internal/test_runner/test:787:7)

test at tests\minha-barbearia-page.test.js:325:3
[31m✖ 0 → exibe "0" [90m(2.4577ms)[39m[39m
  TypeError: document.addEventListener is not a function
      at #bindEventos (evalmachine.<anonymous>:243:14)
      at MinhaBarbeariaPage.bind (evalmachine.<anonymous>:61:22)
      at criarPagina (c:\Users\delim\desktop\barberflow-main (2)\barberflow-main\tests\minha-barbearia-page.test.js:143:8)
      at TestContext.<anonymous> (c:\Users\delim\desktop\barberflow-main (2)\barberflow-main\tests\minha-barbearia-page.test.js:326:27)
      at Test.runInAsyncScope (node:async_hooks:228:14)
      at Test.run (node:internal/test_runner/test:1118:25)
      at Test.start (node:internal/test_runner/test:1015:17)
      at node:internal/test_runner/test:1531:71
      at node:internal/per_context/primordials:466:82
      at new Promise (<anonymous>)

test at tests\producao-backend.test.js:28:3
[31m✖ exporta limiterGeral, limiterAuth e limiterEscrita [90m(29.1821ms)[39m[39m
  AssertionError [ERR_ASSERTION]: limiterGeral deve ser middleware
  + actual - expected
  
  + 'undefined'
  - 'function'
  
      at TestContext.<anonymous> (c:\Users\delim\desktop\barberflow-main (2)\barberflow-main\tests\producao-backend.test.js:30:12)
      at Test.runInAsyncScope (node:async_hooks:228:14)
      at Test.run (node:internal/test_runner/test:1118:25)
      at Test.start (node:internal/test_runner/test:1015:17)
      at node:internal/test_runner/test:1531:71
      at node:internal/per_context/primordials:466:82
      at new Promise (<anonymous>)
      at new SafePromise (node:internal/per_context/primordials:435:3)
      at node:internal/per_context/primordials:466:9
      at Array.map (<anonymous>) {
    generatedMessage: false,
    code: 'ERR_ASSERTION',
    actual: 'undefined',
    expected: 'function',
    operator: 'strictEqual',
    diff: 'simple'
  }

test at tests\producao-backend.test.js:41:3
[31m✖ exporta uma função de 3 argumentos (req, res, next) [90m(1.9959ms)[39m[39m
  AssertionError [ERR_ASSERTION]: Expected values to be strictly equal:
  
  0 !== 3
  
      at TestContext.<anonymous> (c:\Users\delim\desktop\barberflow-main (2)\barberflow-main\tests\producao-backend.test.js:44:12)
      at Test.runInAsyncScope (node:async_hooks:228:14)
      at Test.run (node:internal/test_runner/test:1118:25)
      at Test.start (node:internal/test_runner/test:1015:17)
      at node:internal/test_runner/test:1531:71
      at node:internal/per_context/primordials:466:82
      at new Promise (<anonymous>)
      at new SafePromise (node:internal/per_context/primordials:435:3)
      at node:internal/per_context/primordials:466:9
      at Array.map (<anonymous>) {
    generatedMessage: true,
    code: 'ERR_ASSERTION',
    actual: 0,
    expected: 3,
    operator: 'strictEqual',
    diff: 'simple'
  }

test at tests\producao-backend.test.js:47:3
[31m✖ chama next() e define timer que pode ser cancelado [90m(0.4163ms)[39m[39m
  TypeError: Class constructor RequestTimeoutMiddleware cannot be invoked without 'new'
      at TestContext.<anonymous> (c:\Users\delim\desktop\barberflow-main (2)\barberflow-main\tests\producao-backend.test.js:58:5)
      at Test.runInAsyncScope (node:async_hooks:228:14)
      at Test.run (node:internal/test_runner/test:1105:21)
      at Suite.processPendingSubtests (node:internal/test_runner/test:787:18)
      at Test.postRun (node:internal/test_runner/test:1247:19)
      at Test.run (node:internal/test_runner/test:1175:12)
      at async Promise.all (index 0)
      at async Suite.run (node:internal/test_runner/test:1533:7)
      at async Test.processPendingSubtests (node:internal/test_runner/test:787:7)

test at tests\producao-backend.test.js:65:3
[31m✖ responde 503 quando timeout expira [90m(0.8138ms)[39m[39m
  TypeError: Class constructor RequestTimeoutMiddleware cannot be invoked without 'new'
      at TestContext.<anonymous> (c:\Users\delim\desktop\barberflow-main (2)\barberflow-main\tests\producao-backend.test.js:82:5)
      at Test.runInAsyncScope (node:async_hooks:228:14)
      at Test.run (node:internal/test_runner/test:1105:21)
      at Suite.processPendingSubtests (node:internal/test_runner/test:787:18)
      at Test.postRun (node:internal/test_runner/test:1247:19)
      at Test.run (node:internal/test_runner/test:1175:12)
      at async Suite.processPendingSubtests (node:internal/test_runner/test:787:7)

test at tests\producao-backend.test.js:101:3
[31m✖ importa e monta app sem exceção com env vars mockadas [90m(984.6729ms)[39m[39m
  AssertionError [ERR_ASSERTION]: Got unwanted exception.
  Actual message: "[R2Client] Variáveis de ambiente ausentes: R2_ACCOUNT_ID, R2_ACCESS_KEY_ID, R2_SECRET_ACCESS_KEY, R2_BUCKET_NAME"
      at TestContext.<anonymous> (c:\Users\delim\desktop\barberflow-main (2)\barberflow-main\tests\producao-backend.test.js:111:12)
      at Test.runInAsyncScope (node:async_hooks:228:14)
      at Test.run (node:internal/test_runner/test:1118:25)
      at Test.start (node:internal/test_runner/test:1015:17)
      at node:internal/test_runner/test:1531:71
      at node:internal/per_context/primordials:466:82
      at new Promise (<anonymous>)
      at new SafePromise (node:internal/per_context/primordials:435:3)
      at node:internal/per_context/primordials:466:9
      at Array.map (<anonymous>) {
    generatedMessage: false,
    code: 'ERR_ASSERTION',
    actual: Error: [R2Client] Variáveis de ambiente ausentes: R2_ACCOUNT_ID, R2_ACCESS_KEY_ID, R2_SECRET_ACCESS_KEY, R2_BUCKET_NAME
        at new R2Client (c:\Users\delim\desktop\barberflow-main (2)\barberflow-main\src\infra\R2Client.js:48:13)
        at R2Client.getInstance (c:\Users\delim\desktop\barberflow-main (2)\barberflow-main\src\infra\R2Client.js:69:28)
        at criarApp (c:\Users\delim\desktop\barberflow-main (2)\barberflow-main\src\app.js:169:40)
        at c:\Users\delim\desktop\barberflow-main (2)\barberflow-main\tests\producao-backend.test.js:113:7
        at getActual (node:assert:611:5)
        at strict.doesNotThrow (node:assert:779:32)
        at TestContext.<anonymous> (c:\Users\delim\desktop\barberflow-main (2)\barberflow-main\tests\producao-backend.test.js:111:12)
        at Test.runInAsyncScope (node:async_hooks:228:14)
        at Test.run (node:internal/test_runner/test:1118:25)
        at Test.start (node:internal/test_runner/test:1015:17),
    expected: undefined,
    operator: 'doesNotThrow',
    diff: 'simple'
  }

test at tests\pwa-install-banner.test.js:109:3
[31m✖ injeta banner no body ao init quando não instalado [90m(1.7712ms)[39m[39m
  ReferenceError: requestAnimationFrame is not defined
      at #mostrar (eval at <anonymous> (c:\Users\delim\desktop\barberflow-main (2)\barberflow-main\tests\pwa-install-banner.test.js:88:31), <anonymous>:216:5)
      at PWAInstallBanner.init (eval at <anonymous> (c:\Users\delim\desktop\barberflow-main (2)\barberflow-main\tests\pwa-install-banner.test.js:88:31), <anonymous>:86:30)
      at TestContext.<anonymous> (c:\Users\delim\desktop\barberflow-main (2)\barberflow-main\tests\pwa-install-banner.test.js:110:22)
      at Test.runInAsyncScope (node:async_hooks:228:14)
      at Test.run (node:internal/test_runner/test:1118:25)
      at async Suite.processPendingSubtests (node:internal/test_runner/test:787:7)

test at tests\pwa-install-banner.test.js:115:3
[31m✖ não duplica banner em chamadas consecutivas ao init [90m(0.8184ms)[39m[39m
  ReferenceError: requestAnimationFrame is not defined
      at #mostrar (eval at <anonymous> (c:\Users\delim\desktop\barberflow-main (2)\barberflow-main\tests\pwa-install-banner.test.js:88:31), <anonymous>:216:5)
      at PWAInstallBanner.init (eval at <anonymous> (c:\Users\delim\desktop\barberflow-main (2)\barberflow-main\tests\pwa-install-banner.test.js:88:31), <anonymous>:86:30)
      at TestContext.<anonymous> (c:\Users\delim\desktop\barberflow-main (2)\barberflow-main\tests\pwa-install-banner.test.js:116:22)
      at Test.runInAsyncScope (node:async_hooks:228:14)
      at Test.run (node:internal/test_runner/test:1118:25)
      at async Suite.processPendingSubtests (node:internal/test_runner/test:787:7)

test at tests\pwa-install-banner.test.js:124:3
[31m✖ registra listener beforeinstallprompt ao init [90m(0.6297ms)[39m[39m
  ReferenceError: requestAnimationFrame is not defined
      at #mostrar (eval at <anonymous> (c:\Users\delim\desktop\barberflow-main (2)\barberflow-main\tests\pwa-install-banner.test.js:88:31), <anonymous>:216:5)
      at PWAInstallBanner.init (eval at <anonymous> (c:\Users\delim\desktop\barberflow-main (2)\barberflow-main\tests\pwa-install-banner.test.js:88:31), <anonymous>:86:30)
      at TestContext.<anonymous> (c:\Users\delim\desktop\barberflow-main (2)\barberflow-main\tests\pwa-install-banner.test.js:125:22)
      at Test.runInAsyncScope (node:async_hooks:228:14)
      at Test.run (node:internal/test_runner/test:1118:25)
      at async Suite.processPendingSubtests (node:internal/test_runner/test:787:7)

test at tests\pwa-install-banner.test.js:133:3
[31m✖ registra listener appinstalled ao init [90m(0.5182ms)[39m[39m
  ReferenceError: requestAnimationFrame is not defined
      at #mostrar (eval at <anonymous> (c:\Users\delim\desktop\barberflow-main (2)\barberflow-main\tests\pwa-install-banner.test.js:88:31), <anonymous>:216:5)
      at PWAInstallBanner.init (eval at <anonymous> (c:\Users\delim\desktop\barberflow-main (2)\barberflow-main\tests\pwa-install-banner.test.js:88:31), <anonymous>:86:30)
      at TestContext.<anonymous> (c:\Users\delim\desktop\barberflow-main (2)\barberflow-main\tests\pwa-install-banner.test.js:134:22)
      at Test.runInAsyncScope (node:async_hooks:228:14)
      at Test.run (node:internal/test_runner/test:1118:25)
      at async Suite.processPendingSubtests (node:internal/test_runner/test:787:7)

test at tests\repositories.test.js:107:3
[31m✖ executa update com UUID e status válidos [90m(1.9371ms)[39m[39m
  ReferenceError: UUID_ENTRY is not defined
      at TestContext.<anonymous> (c:\Users\delim\desktop\barberflow-main (2)\barberflow-main\tests\repositories.test.js:108:87)
      at Test.runInAsyncScope (node:async_hooks:228:14)
      at Test.run (node:internal/test_runner/test:1118:25)
      at Test.start (node:internal/test_runner/test:1015:17)
      at node:internal/test_runner/test:1531:71
      at node:internal/per_context/primordials:466:82
      at new Promise (<anonymous>)
      at new SafePromise (node:internal/per_context/primordials:435:3)
      at node:internal/per_context/primordials:466:9
      at Array.map (<anonymous>)

test at tests\repositories.test.js:114:3
[31m✖ lança erro para SQL injection como id [90m(4.6852ms)[39m[39m
  ReferenceError: expect is not defined
      at TestContext.<anonymous> (c:\Users\delim\desktop\barberflow-main (2)\barberflow-main\tests\repositories.test.js:116:5)
      at Test.runInAsyncScope (node:async_hooks:228:14)
      at Test.run (node:internal/test_runner/test:1118:25)
      at Suite.processPendingSubtests (node:internal/test_runner/test:787:18)
      at Test.postRun (node:internal/test_runner/test:1247:19)
      at Test.run (node:internal/test_runner/test:1175:12)
      at async Promise.all (index 0)
      at async Suite.run (node:internal/test_runner/test:1533:7)
      at async startSubtestAfterBootstrap (node:internal/test_runner/harness:358:3)

test at tests\repositories.test.js:121:3
[31m✖ lança erro para id numérico simples [90m(4.3348ms)[39m[39m
  ReferenceError: expect is not defined
      at TestContext.<anonymous> (c:\Users\delim\desktop\barberflow-main (2)\barberflow-main\tests\repositories.test.js:123:5)
      at Test.runInAsyncScope (node:async_hooks:228:14)
      at Test.run (node:internal/test_runner/test:1118:25)
      at Suite.processPendingSubtests (node:internal/test_runner/test:787:18)
      at Test.postRun (node:internal/test_runner/test:1247:19)
      at Test.run (node:internal/test_runner/test:1175:12)
      at async Suite.processPendingSubtests (node:internal/test_runner/test:787:7)

test at tests\repositories.test.js:126:3
[31m✖ lança erro para status fora do enum [90m(2.846ms)[39m[39m
  ReferenceError: expect is not defined
      at TestContext.<anonymous> (c:\Users\delim\desktop\barberflow-main (2)\barberflow-main\tests\repositories.test.js:128:5)
      at Test.runInAsyncScope (node:async_hooks:228:14)
      at Test.run (node:internal/test_runner/test:1118:25)
      at Suite.processPendingSubtests (node:internal/test_runner/test:787:18)
      at Test.postRun (node:internal/test_runner/test:1247:19)
      at Test.run (node:internal/test_runner/test:1175:12)
      at async Suite.processPendingSubtests (node:internal/test_runner/test:787:7)

test at tests\repositories.test.js:133:3
[31m✖ lança erro para status SQL injection [90m(2.7217ms)[39m[39m
  ReferenceError: expect is not defined
      at TestContext.<anonymous> (c:\Users\delim\desktop\barberflow-main (2)\barberflow-main\tests\repositories.test.js:135:5)
      at Test.runInAsyncScope (node:async_hooks:228:14)
      at Test.run (node:internal/test_runner/test:1118:25)
      at Suite.processPendingSubtests (node:internal/test_runner/test:787:18)
      at Test.postRun (node:internal/test_runner/test:1247:19)
      at Test.run (node:internal/test_runner/test:1175:12)
      at async Suite.processPendingSubtests (node:internal/test_runner/test:787:7)

test at tests\repositories.test.js:153:3
[31m✖ cria agendamento com payload válido [90m(0.6192ms)[39m[39m
  ReferenceError: UUID_ENTRY is not defined
      at TestContext.<anonymous> (c:\Users\delim\desktop\barberflow-main (2)\barberflow-main\tests\repositories.test.js:154:87)
      at Test.runInAsyncScope (node:async_hooks:228:14)
      at Test.run (node:internal/test_runner/test:1118:25)
      at Test.start (node:internal/test_runner/test:1015:17)
      at node:internal/test_runner/test:1531:71
      at node:internal/per_context/primordials:466:82
      at new Promise (<anonymous>)
      at new SafePromise (node:internal/per_context/primordials:435:3)
      at node:internal/per_context/primordials:466:9
      at Array.map (<anonymous>)

test at tests\repositories.test.js:160:3
[31m✖ lança erro para client_id com SQL injection [90m(2.8737ms)[39m[39m
  ReferenceError: expect is not defined
      at TestContext.<anonymous> (c:\Users\delim\desktop\barberflow-main (2)\barberflow-main\tests\repositories.test.js:162:5)
      at Test.runInAsyncScope (node:async_hooks:228:14)
      at Test.run (node:internal/test_runner/test:1118:25)
      at Suite.processPendingSubtests (node:internal/test_runner/test:787:18)
      at Test.postRun (node:internal/test_runner/test:1247:19)
      at Test.run (node:internal/test_runner/test:1175:12)
      at async Promise.all (index 0)
      at async Suite.run (node:internal/test_runner/test:1533:7)
      at async Test.processPendingSubtests (node:internal/test_runner/test:787:7)

test at tests\repositories.test.js:167:3
[31m✖ lança erro para professional_id inválido [90m(2.6821ms)[39m[39m
  ReferenceError: expect is not defined
      at TestContext.<anonymous> (c:\Users\delim\desktop\barberflow-main (2)\barberflow-main\tests\repositories.test.js:169:5)
      at Test.runInAsyncScope (node:async_hooks:228:14)
      at Test.run (node:internal/test_runner/test:1118:25)
      at Suite.processPendingSubtests (node:internal/test_runner/test:787:18)
      at Test.postRun (node:internal/test_runner/test:1247:19)
      at Test.run (node:internal/test_runner/test:1175:12)
      at async Suite.processPendingSubtests (node:internal/test_runner/test:787:7)

test at tests\repositories.test.js:174:3
[31m✖ descarta campos extras (previne mass assignment: role, is_admin) [90m(0.4751ms)[39m[39m
  ReferenceError: UUID_ENTRY is not defined
      at TestContext.<anonymous> (c:\Users\delim\desktop\barberflow-main (2)\barberflow-main\tests\repositories.test.js:175:87)
      at Test.runInAsyncScope (node:async_hooks:228:14)
      at Test.run (node:internal/test_runner/test:1118:25)
      at Suite.processPendingSubtests (node:internal/test_runner/test:787:18)
      at Test.postRun (node:internal/test_runner/test:1247:19)
      at Test.run (node:internal/test_runner/test:1175:12)
      at async Suite.processPendingSubtests (node:internal/test_runner/test:787:7)

test at tests\repositories.test.js:186:3
[31m✖ lança erro para notes que excedem 500 caracteres [90m(2.9832ms)[39m[39m
  ReferenceError: expect is not defined
      at TestContext.<anonymous> (c:\Users\delim\desktop\barberflow-main (2)\barberflow-main\tests\repositories.test.js:188:5)
      at Test.runInAsyncScope (node:async_hooks:228:14)
      at Test.run (node:internal/test_runner/test:1118:25)
      at Suite.processPendingSubtests (node:internal/test_runner/test:787:18)
      at Test.postRun (node:internal/test_runner/test:1247:19)
      at Test.run (node:internal/test_runner/test:1175:12)
      at async Suite.processPendingSubtests (node:internal/test_runner/test:787:7)

test at tests\repositories.test.js:193:3
[31m✖ notas com strings SQL são armazenadas intactas via queries parametrizadas [90m(0.3407ms)[39m[39m
  ReferenceError: UUID_ENTRY is not defined
      at TestContext.<anonymous> (c:\Users\delim\desktop\barberflow-main (2)\barberflow-main\tests\repositories.test.js:195:87)
      at Test.runInAsyncScope (node:async_hooks:228:14)
      at Test.run (node:internal/test_runner/test:1118:25)
      at Suite.processPendingSubtests (node:internal/test_runner/test:787:18)
      at Test.postRun (node:internal/test_runner/test:1247:19)
      at Test.run (node:internal/test_runner/test:1175:12)
      at async Suite.processPendingSubtests (node:internal/test_runner/test:787:7)

test at tests\repositories.test.js:202:3
[31m✖ remove null-bytes das notas antes de inserir [90m(0.2703ms)[39m[39m
  ReferenceError: UUID_ENTRY is not defined
      at TestContext.<anonymous> (c:\Users\delim\desktop\barberflow-main (2)\barberflow-main\tests\repositories.test.js:203:87)
      at Test.runInAsyncScope (node:async_hooks:228:14)
      at Test.run (node:internal/test_runner/test:1118:25)
      at Suite.processPendingSubtests (node:internal/test_runner/test:787:18)
      at Test.postRun (node:internal/test_runner/test:1247:19)
      at Test.run (node:internal/test_runner/test:1175:12)
      at async Suite.processPendingSubtests (node:internal/test_runner/test:787:7)

test at tests\repositories.test.js:214:3
[31m✖ atualiza perfil com dados válidos [90m(2.4618ms)[39m[39m
  ReferenceError: UUID_CLIENTE is not defined
      at TestContext.<anonymous> (c:\Users\delim\desktop\barberflow-main (2)\barberflow-main\tests\repositories.test.js:216:36)
      at Test.runInAsyncScope (node:async_hooks:228:14)
      at Test.run (node:internal/test_runner/test:1118:25)
      at Test.start (node:internal/test_runner/test:1015:17)
      at node:internal/test_runner/test:1531:71
      at node:internal/per_context/primordials:466:82
      at new Promise (<anonymous>)
      at new SafePromise (node:internal/per_context/primordials:435:3)
      at node:internal/per_context/primordials:466:9
      at Array.map (<anonymous>)

test at tests\repositories.test.js:220:3
[31m✖ lança erro para userId com SQL injection [90m(2.1212ms)[39m[39m
  ReferenceError: expect is not defined
      at TestContext.<anonymous> (c:\Users\delim\desktop\barberflow-main (2)\barberflow-main\tests\repositories.test.js:222:5)
      at Test.runInAsyncScope (node:async_hooks:228:14)
      at Test.run (node:internal/test_runner/test:1118:25)
      at Suite.processPendingSubtests (node:internal/test_runner/test:787:18)
      at Test.postRun (node:internal/test_runner/test:1247:19)
      at Test.run (node:internal/test_runner/test:1175:12)
      at async Promise.all (index 0)
      at async Suite.run (node:internal/test_runner/test:1533:7)
      at async Test.processPendingSubtests (node:internal/test_runner/test:787:7)

test at tests\repositories.test.js:227:3
[31m✖ lança erro para userId vazio [90m(2.3282ms)[39m[39m
  ReferenceError: expect is not defined
      at TestContext.<anonymous> (c:\Users\delim\desktop\barberflow-main (2)\barberflow-main\tests\repositories.test.js:229:5)
      at Test.runInAsyncScope (node:async_hooks:228:14)
      at Test.run (node:internal/test_runner/test:1118:25)
      at Suite.processPendingSubtests (node:internal/test_runner/test:787:18)
      at Test.postRun (node:internal/test_runner/test:1247:19)
      at Test.run (node:internal/test_runner/test:1175:12)
      at async Suite.processPendingSubtests (node:internal/test_runner/test:787:7)

test at tests\repositories.test.js:232:3
[31m✖ descarta campo "role" (mass assignment: tentativa de escalada de privilégio) [90m(1.7418ms)[39m[39m
  ReferenceError: UUID_CLIENTE is not defined
      at TestContext.<anonymous> (c:\Users\delim\desktop\barberflow-main (2)\barberflow-main\tests\repositories.test.js:234:36)
      at Test.runInAsyncScope (node:async_hooks:228:14)
      at Test.run (node:internal/test_runner/test:1118:25)
      at Suite.processPendingSubtests (node:internal/test_runner/test:787:18)
      at Test.postRun (node:internal/test_runner/test:1247:19)
      at Test.run (node:internal/test_runner/test:1175:12)
      at async Suite.processPendingSubtests (node:internal/test_runner/test:787:7)

test at tests\repositories.test.js:240:3
[31m✖ descarta campo "is_active" para evitar desativação indevida via dados do usuário [90m(2.7044ms)[39m[39m
  ReferenceError: UUID_CLIENTE is not defined
      at TestContext.<anonymous> (c:\Users\delim\desktop\barberflow-main (2)\barberflow-main\tests\repositories.test.js:242:36)
      at Test.runInAsyncScope (node:async_hooks:228:14)
      at Test.run (node:internal/test_runner/test:1118:25)
      at Suite.processPendingSubtests (node:internal/test_runner/test:787:18)
      at Test.postRun (node:internal/test_runner/test:1247:19)
      at Test.run (node:internal/test_runner/test:1175:12)
      at async Suite.processPendingSubtests (node:internal/test_runner/test:787:7)

test at tests\repositories.test.js:247:3
[31m✖ lança erro para bio que excede 300 caracteres [90m(1.8726ms)[39m[39m
  ReferenceError: expect is not defined
      at TestContext.<anonymous> (c:\Users\delim\desktop\barberflow-main (2)\barberflow-main\tests\repositories.test.js:249:5)
      at Test.runInAsyncScope (node:async_hooks:228:14)
      at Test.run (node:internal/test_runner/test:1118:25)
      at Suite.processPendingSubtests (node:internal/test_runner/test:787:18)
      at Test.postRun (node:internal/test_runner/test:1247:19)
      at Test.run (node:internal/test_runner/test:1175:12)
      at async Suite.processPendingSubtests (node:internal/test_runner/test:787:7)

test at tests\repositories.test.js:254:3
[31m✖ remove null-bytes do campo bio [90m(2.186ms)[39m[39m
  ReferenceError: UUID_CLIENTE is not defined
      at TestContext.<anonymous> (c:\Users\delim\desktop\barberflow-main (2)\barberflow-main\tests\repositories.test.js:256:36)
      at Test.runInAsyncScope (node:async_hooks:228:14)
      at Test.run (node:internal/test_runner/test:1118:25)
      at Suite.processPendingSubtests (node:internal/test_runner/test:787:18)
      at Test.postRun (node:internal/test_runner/test:1247:19)
      at Test.run (node:internal/test_runner/test:1175:12)
      at async Suite.processPendingSubtests (node:internal/test_runner/test:787:7)

test at tests\repositories.test.js:261:3
[31m✖ lança erro quando todos os campos são bloqueados pela allowlist [90m(2.1989ms)[39m[39m
  ReferenceError: expect is not defined
      at TestContext.<anonymous> (c:\Users\delim\desktop\barberflow-main (2)\barberflow-main\tests\repositories.test.js:263:5)
      at Test.runInAsyncScope (node:async_hooks:228:14)
      at Test.run (node:internal/test_runner/test:1118:25)
      at Suite.processPendingSubtests (node:internal/test_runner/test:787:18)
      at Test.postRun (node:internal/test_runner/test:1247:19)
      at Test.run (node:internal/test_runner/test:1175:12)
      at async Suite.processPendingSubtests (node:internal/test_runner/test:787:7)

test at tests\repositories.test.js:270:3
[31m✖ aceita UUID válido [90m(0.3019ms)[39m[39m
  ReferenceError: UUID_CLIENTE is not defined
      at TestContext.<anonymous> (c:\Users\delim\desktop\barberflow-main (2)\barberflow-main\tests\repositories.test.js:271:79)
      at Test.runInAsyncScope (node:async_hooks:228:14)
      at Test.run (node:internal/test_runner/test:1118:25)
      at Test.start (node:internal/test_runner/test:1015:17)
      at node:internal/test_runner/test:1531:71
      at node:internal/per_context/primordials:466:82
      at new Promise (<anonymous>)
      at new SafePromise (node:internal/per_context/primordials:435:3)
      at node:internal/per_context/primordials:466:9
      at Array.map (<anonymous>)

test at tests\repositories.test.js:276:3
[31m✖ lança erro para UUID com SQL injection [90m(2.013ms)[39m[39m
  ReferenceError: expect is not defined
      at TestContext.<anonymous> (c:\Users\delim\desktop\barberflow-main (2)\barberflow-main\tests\repositories.test.js:278:5)
      at Test.runInAsyncScope (node:async_hooks:228:14)
      at Test.run (node:internal/test_runner/test:1118:25)
      at Suite.processPendingSubtests (node:internal/test_runner/test:787:18)
      at Test.postRun (node:internal/test_runner/test:1247:19)
      at Test.run (node:internal/test_runner/test:1175:12)
      at async Promise.all (index 0)
      at async Suite.run (node:internal/test_runner/test:1533:7)
      at async Test.processPendingSubtests (node:internal/test_runner/test:787:7)

test at tests\repositories.test.js:288:3
[31m✖ atualiza status com UUID e status válidos [90m(0.3832ms)[39m[39m
  ReferenceError: UUID_ENTRY is not defined
      at TestContext.<anonymous> (c:\Users\delim\desktop\barberflow-main (2)\barberflow-main\tests\repositories.test.js:289:76)
      at Test.runInAsyncScope (node:async_hooks:228:14)
      at Test.run (node:internal/test_runner/test:1118:25)
      at Test.start (node:internal/test_runner/test:1015:17)
      at node:internal/test_runner/test:1531:71
      at node:internal/per_context/primordials:466:82
      at new Promise (<anonymous>)
      at new SafePromise (node:internal/per_context/primordials:435:3)
      at node:internal/per_context/primordials:466:9
      at Array.map (<anonymous>)

test at tests\repositories.test.js:294:3
[31m✖ lança erro para id com SQL injection [90m(1.9168ms)[39m[39m
  ReferenceError: expect is not defined
      at TestContext.<anonymous> (c:\Users\delim\desktop\barberflow-main (2)\barberflow-main\tests\repositories.test.js:296:5)
      at Test.runInAsyncScope (node:async_hooks:228:14)
      at Test.run (node:internal/test_runner/test:1118:25)
      at Suite.processPendingSubtests (node:internal/test_runner/test:787:18)
      at Test.postRun (node:internal/test_runner/test:1247:19)
      at Test.run (node:internal/test_runner/test:1175:12)
      at async Promise.all (index 0)
      at async Suite.run (node:internal/test_runner/test:1533:7)
      at async Test.processPendingSubtests (node:internal/test_runner/test:787:7)

test at tests\repositories.test.js:301:3
[31m✖ lança erro para status inválido [90m(2.0693ms)[39m[39m
  ReferenceError: expect is not defined
      at TestContext.<anonymous> (c:\Users\delim\desktop\barberflow-main (2)\barberflow-main\tests\repositories.test.js:303:5)
      at Test.runInAsyncScope (node:async_hooks:228:14)
      at Test.run (node:internal/test_runner/test:1118:25)
      at Suite.processPendingSubtests (node:internal/test_runner/test:787:18)
      at Test.postRun (node:internal/test_runner/test:1247:19)
      at Test.run (node:internal/test_runner/test:1175:12)
      at async Suite.processPendingSubtests (node:internal/test_runner/test:787:7)

test at tests\repositories.test.js:316:3
[31m✖ adiciona cliente à fila com payload válido [90m(0.5378ms)[39m[39m
  ReferenceError: UUID_ENTRY is not defined
      at TestContext.<anonymous> (c:\Users\delim\desktop\barberflow-main (2)\barberflow-main\tests\repositories.test.js:317:76)
      at Test.runInAsyncScope (node:async_hooks:228:14)
      at Test.run (node:internal/test_runner/test:1118:25)
      at Test.start (node:internal/test_runner/test:1015:17)
      at node:internal/test_runner/test:1531:71
      at node:internal/per_context/primordials:466:82
      at new Promise (<anonymous>)
      at new SafePromise (node:internal/per_context/primordials:435:3)
      at node:internal/per_context/primordials:466:9
      at Array.map (<anonymous>)

test at tests\repositories.test.js:322:3
[31m✖ lança erro para barbershop_id com SQL injection [90m(3.6335ms)[39m[39m
  ReferenceError: expect is not defined
      at TestContext.<anonymous> (c:\Users\delim\desktop\barberflow-main (2)\barberflow-main\tests\repositories.test.js:324:5)
      at Test.runInAsyncScope (node:async_hooks:228:14)
      at Test.run (node:internal/test_runner/test:1118:25)
      at Suite.processPendingSubtests (node:internal/test_runner/test:787:18)
      at Test.postRun (node:internal/test_runner/test:1247:19)
      at Test.run (node:internal/test_runner/test:1175:12)
      at async Promise.all (index 0)
      at async Suite.run (node:internal/test_runner/test:1533:7)
      at async Test.processPendingSubtests (node:internal/test_runner/test:787:7)

test at tests\repositories.test.js:329:3
[31m✖ lança erro para client_id inválido [90m(4.6982ms)[39m[39m
  ReferenceError: expect is not defined
      at TestContext.<anonymous> (c:\Users\delim\desktop\barberflow-main (2)\barberflow-main\tests\repositories.test.js:331:5)
      at Test.runInAsyncScope (node:async_hooks:228:14)
      at Test.run (node:internal/test_runner/test:1118:25)
      at Suite.processPendingSubtests (node:internal/test_runner/test:787:18)
      at Test.postRun (node:internal/test_runner/test:1247:19)
      at Test.run (node:internal/test_runner/test:1175:12)
      at async Suite.processPendingSubtests (node:internal/test_runner/test:787:7)

test at tests\repositories.test.js:336:3
[31m✖ descarta campos extras (mass assignment: admin, status, role) [90m(0.2841ms)[39m[39m
  ReferenceError: UUID_ENTRY is not defined
      at TestContext.<anonymous> (c:\Users\delim\desktop\barberflow-main (2)\barberflow-main\tests\repositories.test.js:337:76)
      at Test.runInAsyncScope (node:async_hooks:228:14)
      at Test.run (node:internal/test_runner/test:1118:25)
      at Suite.processPendingSubtests (node:internal/test_runner/test:787:18)
      at Test.postRun (node:internal/test_runner/test:1247:19)
      at Test.run (node:internal/test_runner/test:1175:12)
      at async Suite.processPendingSubtests (node:internal/test_runner/test:787:7)

test at tests\repositories.test.js:356:3
[31m✖ lança erro para latitude NaN [90m(1.7971ms)[39m[39m
  ReferenceError: expect is not defined
      at TestContext.<anonymous> (c:\Users\delim\desktop\barberflow-main (2)\barberflow-main\tests\repositories.test.js:358:5)
      at Test.runInAsyncScope (node:async_hooks:228:14)
      at Test.run (node:internal/test_runner/test:1118:25)
      at Suite.processPendingSubtests (node:internal/test_runner/test:787:18)
      at Test.postRun (node:internal/test_runner/test:1247:19)
      at Test.run (node:internal/test_runner/test:1175:12)
      at async Promise.all (index 0)
      at async Suite.run (node:internal/test_runner/test:1533:7)
      at async Test.processPendingSubtests (node:internal/test_runner/test:787:7)

test at tests\repositories.test.js:361:3
[31m✖ lança erro para longitude Infinity [90m(1.7544ms)[39m[39m
  ReferenceError: expect is not defined
      at TestContext.<anonymous> (c:\Users\delim\desktop\barberflow-main (2)\barberflow-main\tests\repositories.test.js:363:5)
      at Test.runInAsyncScope (node:async_hooks:228:14)
      at Test.run (node:internal/test_runner/test:1118:25)
      at Suite.processPendingSubtests (node:internal/test_runner/test:787:18)
      at Test.postRun (node:internal/test_runner/test:1247:19)
      at Test.run (node:internal/test_runner/test:1175:12)
      at async Suite.processPendingSubtests (node:internal/test_runner/test:787:7)

test at tests\repositories.test.js:366:3
[31m✖ lança erro para latitude fora do range (-90 a 90) [90m(3.0317ms)[39m[39m
  ReferenceError: expect is not defined
      at TestContext.<anonymous> (c:\Users\delim\desktop\barberflow-main (2)\barberflow-main\tests\repositories.test.js:368:5)
      at Test.runInAsyncScope (node:async_hooks:228:14)
      at Test.run (node:internal/test_runner/test:1118:25)
      at Suite.processPendingSubtests (node:internal/test_runner/test:787:18)
      at Test.postRun (node:internal/test_runner/test:1247:19)
      at Test.run (node:internal/test_runner/test:1175:12)
      at async Suite.processPendingSubtests (node:internal/test_runner/test:787:7)

test at tests\repositories.test.js:372:3
[31m✖ lança erro para longitude fora do range (-180 a 180) [90m(3.4387ms)[39m[39m
  ReferenceError: expect is not defined
      at TestContext.<anonymous> (c:\Users\delim\desktop\barberflow-main (2)\barberflow-main\tests\repositories.test.js:374:5)
      at Test.runInAsyncScope (node:async_hooks:228:14)
      at Test.run (node:internal/test_runner/test:1118:25)
      at Suite.processPendingSubtests (node:internal/test_runner/test:787:18)
      at Test.postRun (node:internal/test_runner/test:1247:19)
      at Test.run (node:internal/test_runner/test:1175:12)
      at async Suite.processPendingSubtests (node:internal/test_runner/test:787:7)

test at tests\repositories.test.js:377:3
[31m✖ lança erro para radiusKm negativo [90m(2.221ms)[39m[39m
  ReferenceError: expect is not defined
      at TestContext.<anonymous> (c:\Users\delim\desktop\barberflow-main (2)\barberflow-main\tests\repositories.test.js:379:5)
      at Test.runInAsyncScope (node:async_hooks:228:14)
      at Test.run (node:internal/test_runner/test:1118:25)
      at Suite.processPendingSubtests (node:internal/test_runner/test:787:18)
      at Test.postRun (node:internal/test_runner/test:1247:19)
      at Test.run (node:internal/test_runner/test:1175:12)
      at async Suite.processPendingSubtests (node:internal/test_runner/test:787:7)

test at tests\repositories.test.js:382:3
[31m✖ lança erro para radiusKm maior que 100 km [90m(3.1263ms)[39m[39m
  ReferenceError: expect is not defined
      at TestContext.<anonymous> (c:\Users\delim\desktop\barberflow-main (2)\barberflow-main\tests\repositories.test.js:384:5)
      at Test.runInAsyncScope (node:async_hooks:228:14)
      at Test.run (node:internal/test_runner/test:1118:25)
      at Suite.processPendingSubtests (node:internal/test_runner/test:787:18)
      at Test.postRun (node:internal/test_runner/test:1247:19)
      at Test.run (node:internal/test_runner/test:1175:12)
      at async Suite.processPendingSubtests (node:internal/test_runner/test:787:7)

test at tests\repositories.test.js:389:3
[31m✖ adiciona interação com parâmetros válidos [90m(2.44ms)[39m[39m
  ReferenceError: UUID_SHOP is not defined
      at TestContext.<anonymous> (c:\Users\delim\desktop\barberflow-main (2)\barberflow-main\tests\repositories.test.js:391:47)
      at Test.runInAsyncScope (node:async_hooks:228:14)
      at Test.run (node:internal/test_runner/test:1118:25)
      at Test.start (node:internal/test_runner/test:1015:17)
      at node:internal/test_runner/test:1531:71
      at node:internal/per_context/primordials:466:82
      at new Promise (<anonymous>)
      at new SafePromise (node:internal/per_context/primordials:435:3)
      at node:internal/per_context/primordials:466:9
      at Array.map (<anonymous>)

test at tests\repositories.test.js:395:3
[31m✖ lança erro para barbershopId com SQL injection [90m(3.0691ms)[39m[39m
  ReferenceError: expect is not defined
      at TestContext.<anonymous> (c:\Users\delim\desktop\barberflow-main (2)\barberflow-main\tests\repositories.test.js:397:5)
      at Test.runInAsyncScope (node:async_hooks:228:14)
      at Test.run (node:internal/test_runner/test:1118:25)
      at Suite.processPendingSubtests (node:internal/test_runner/test:787:18)
      at Test.postRun (node:internal/test_runner/test:1247:19)
      at Test.run (node:internal/test_runner/test:1175:12)
      at async Promise.all (index 0)
      at async Suite.run (node:internal/test_runner/test:1533:7)
      at async Test.processPendingSubtests (node:internal/test_runner/test:787:7)

test at tests\repositories.test.js:402:3
[31m✖ lança erro para userId inválido [90m(1.8689ms)[39m[39m
  ReferenceError: expect is not defined
      at TestContext.<anonymous> (c:\Users\delim\desktop\barberflow-main (2)\barberflow-main\tests\repositories.test.js:404:5)
      at Test.runInAsyncScope (node:async_hooks:228:14)
      at Test.run (node:internal/test_runner/test:1118:25)
      at Suite.processPendingSubtests (node:internal/test_runner/test:787:18)
      at Test.postRun (node:internal/test_runner/test:1247:19)
      at Test.run (node:internal/test_runner/test:1175:12)
      at async Suite.processPendingSubtests (node:internal/test_runner/test:787:7)

test at tests\repositories.test.js:409:3
[31m✖ lança erro para type com SQL injection [90m(2.8598ms)[39m[39m
  ReferenceError: expect is not defined
      at TestContext.<anonymous> (c:\Users\delim\desktop\barberflow-main (2)\barberflow-main\tests\repositories.test.js:411:5)
      at Test.runInAsyncScope (node:async_hooks:228:14)
      at Test.run (node:internal/test_runner/test:1118:25)
      at Suite.processPendingSubtests (node:internal/test_runner/test:787:18)
      at Test.postRun (node:internal/test_runner/test:1247:19)
      at Test.run (node:internal/test_runner/test:1175:12)
      at async Suite.processPendingSubtests (node:internal/test_runner/test:787:7)

test at tests\repositories.test.js:416:3
[31m✖ lança erro para type não permitido [90m(2.4384ms)[39m[39m
  ReferenceError: expect is not defined
      at TestContext.<anonymous> (c:\Users\delim\desktop\barberflow-main (2)\barberflow-main\tests\repositories.test.js:418:5)
      at Test.runInAsyncScope (node:async_hooks:228:14)
      at Test.run (node:internal/test_runner/test:1118:25)
      at Suite.processPendingSubtests (node:internal/test_runner/test:787:18)
      at Test.postRun (node:internal/test_runner/test:1247:19)
      at Test.run (node:internal/test_runner/test:1175:12)
      at async Suite.processPendingSubtests (node:internal/test_runner/test:787:7)
